#
# There is insufficient memory for the Java Runtime Environment to continue.
# Native memory allocation (malloc) failed to allocate 2795072 bytes. Error detail: Chunk::new
# Possible reasons:
#   The system is out of physical RAM or swap space
#   This process is running with CompressedOops enabled, and the Java Heap may be blocking the growth of the native heap
# Possible solutions:
#   Reduce memory load on the system
#   Increase physical memory or swap space
#   Check if swap backing store is full
#   Decrease Java heap size (-Xmx/-Xms)
#   Decrease number of Java threads
#   Decrease Java thread stack sizes (-Xss)
#   Set larger code cache with -XX:ReservedCodeCacheSize=
#   JVM is running with Unscaled Compressed Oops mode in which the Java heap is
#     placed in the first 4GB address space. The Java Heap base address is the
#     maximum limit for the native heap growth. Please use -XX:HeapBaseMinAddress
#     to set the Java Heap base and to place the Java Heap above 4GB virtual address.
# This output file may be truncated or incomplete.
#
#  Out of Memory Error (arena.cpp:168), pid=31156, tid=28208
#
# JRE version: OpenJDK Runtime Environment (21.0.6) (build 21.0.6+-13368085-b895.109)
# Java VM: OpenJDK 64-Bit Server VM (21.0.6+-13368085-b895.109, mixed mode, tiered, compressed oops, compressed class ptrs, g1 gc, windows-amd64)
# No core dump will be written. Minidumps are not enabled by default on client versions of Windows
#

---------------  S U M M A R Y ------------

Command Line: --add-opens=java.base/java.lang=ALL-UNNAMED --add-opens=java.base/java.lang.invoke=ALL-UNNAMED --add-opens=java.base/java.util=ALL-UNNAMED --add-opens=java.prefs/java.util.prefs=ALL-UNNAMED --add-exports=jdk.compiler/com.sun.tools.javac.api=ALL-UNNAMED --add-exports=jdk.compiler/com.sun.tools.javac.util=ALL-UNNAMED --add-opens=java.base/java.util=ALL-UNNAMED --add-opens=java.prefs/java.util.prefs=ALL-UNNAMED --add-opens=java.base/java.nio.charset=ALL-UNNAMED --add-opens=java.base/java.net=ALL-UNNAMED --add-opens=java.base/java.util.concurrent.atomic=ALL-UNNAMED --add-opens=java.xml/javax.xml.namespace=ALL-UNNAMED -XX:MaxMetaspaceSize=1G -XX:ReservedCodeCacheSize=256m -XX:+HeapDumpOnOutOfMemoryError -Xmx2G -Dfile.encoding=UTF-8 -Duser.country=US -Duser.language=en -Duser.variant -javaagent:C:\Users\admin\.gradle\wrapper\dists\gradle-8.12-all\ejduaidbjup3bmmkhw3rie4zb\gradle-8.12\lib\agents\gradle-instrumentation-agent-8.12.jar org.gradle.launcher.daemon.bootstrap.GradleDaemon 8.12

Host: Intel(R) Core(TM) i5-6300U CPU @ 2.40GHz, 4 cores, 7G,  Windows 10 , 64 bit Build 19041 (10.0.19041.5915)
Time: Sun Aug 10 13:28:31 2025 Sri Lanka Standard Time elapsed time: 15.614594 seconds (0d 0h 0m 15s)

---------------  T H R E A D  ---------------

Current thread (0x000001d7439c3bb0):  JavaThread "C2 CompilerThread1" daemon [_thread_in_native, id=28208, stack(0x00000042a2a00000,0x00000042a2b00000) (1024K)]


Current CompileTask:
C2:15614 5190       4       org.objectweb.asm.ClassReader::readCode (5117 bytes)

Stack: [0x00000042a2a00000,0x00000042a2b00000]
Native frames: (J=compiled Java code, j=interpreted, Vv=VM code, C=native code)
V  [jvm.dll+0x6d0639]
V  [jvm.dll+0x85eb03]
V  [jvm.dll+0x86105e]
V  [jvm.dll+0x861743]
V  [jvm.dll+0x27e6e6]
V  [jvm.dll+0xbff6d]
V  [jvm.dll+0xc04a3]
V  [jvm.dll+0x3b61ab]
V  [jvm.dll+0x1de872]
V  [jvm.dll+0x247dd4]
V  [jvm.dll+0x247251]
V  [jvm.dll+0x1c5f04]
V  [jvm.dll+0x2569ac]
V  [jvm.dll+0x254ef6]
V  [jvm.dll+0x3f0e96]
V  [jvm.dll+0x806ed8]
V  [jvm.dll+0x6cef0d]
C  [ucrtbase.dll+0x21bb2]
C  [KERNEL32.DLL+0x17374]
C  [ntdll.dll+0x4cc91]


---------------  P R O C E S S  ---------------

Threads class SMR info:
_java_thread_list=0x000001d74484d430, length=29, elements={
0x000001d722e47ab0, 0x000001d73d05e4e0, 0x000001d73d05f2f0, 0x000001d73d08f4c0,
0x000001d73d090320, 0x000001d73d090d70, 0x000001d73d0917c0, 0x000001d73d086750,
0x000001d73d065cd0, 0x000001d73d1edbb0, 0x000001d73d3701d0, 0x000001d7431676c0,
0x000001d742f54b40, 0x000001d742f3b170, 0x000001d742f3aae0, 0x000001d742f3b800,
0x000001d742f3be90, 0x000001d74333ba70, 0x000001d743337f60, 0x000001d743335e90,
0x000001d74333c790, 0x000001d74333c100, 0x000001d743335800, 0x000001d743336bb0,
0x000001d7439c3bb0, 0x000001d7433385f0, 0x000001d743338c80, 0x000001d743339310,
0x000001d743336520
}

Java Threads: ( => current thread )
  0x000001d722e47ab0 JavaThread "main"                              [_thread_blocked, id=28812, stack(0x00000042a0800000,0x00000042a0900000) (1024K)]
  0x000001d73d05e4e0 JavaThread "Reference Handler"          daemon [_thread_blocked, id=35396, stack(0x00000042a1000000,0x00000042a1100000) (1024K)]
  0x000001d73d05f2f0 JavaThread "Finalizer"                  daemon [_thread_blocked, id=8228, stack(0x00000042a1100000,0x00000042a1200000) (1024K)]
  0x000001d73d08f4c0 JavaThread "Signal Dispatcher"          daemon [_thread_blocked, id=12768, stack(0x00000042a1200000,0x00000042a1300000) (1024K)]
  0x000001d73d090320 JavaThread "Attach Listener"            daemon [_thread_blocked, id=33032, stack(0x00000042a1300000,0x00000042a1400000) (1024K)]
  0x000001d73d090d70 JavaThread "Service Thread"             daemon [_thread_blocked, id=20364, stack(0x00000042a1400000,0x00000042a1500000) (1024K)]
  0x000001d73d0917c0 JavaThread "Monitor Deflation Thread"   daemon [_thread_blocked, id=12944, stack(0x00000042a1500000,0x00000042a1600000) (1024K)]
  0x000001d73d086750 JavaThread "C2 CompilerThread0"         daemon [_thread_blocked, id=34628, stack(0x00000042a1600000,0x00000042a1700000) (1024K)]
  0x000001d73d065cd0 JavaThread "C1 CompilerThread0"         daemon [_thread_blocked, id=4220, stack(0x00000042a1700000,0x00000042a1800000) (1024K)]
  0x000001d73d1edbb0 JavaThread "Common-Cleaner"             daemon [_thread_blocked, id=11952, stack(0x00000042a1800000,0x00000042a1900000) (1024K)]
  0x000001d73d3701d0 JavaThread "Notification Thread"        daemon [_thread_blocked, id=31540, stack(0x00000042a1900000,0x00000042a1a00000) (1024K)]
  0x000001d7431676c0 JavaThread "Daemon health stats"               [_thread_blocked, id=30336, stack(0x00000042a1a00000,0x00000042a1b00000) (1024K)]
  0x000001d742f54b40 JavaThread "Incoming local TCP Connector on port 57369"        [_thread_in_native, id=35100, stack(0x00000042a1e00000,0x00000042a1f00000) (1024K)]
  0x000001d742f3b170 JavaThread "Daemon periodic checks"            [_thread_blocked, id=32076, stack(0x00000042a1f00000,0x00000042a2000000) (1024K)]
  0x000001d742f3aae0 JavaThread "Daemon"                            [_thread_blocked, id=22304, stack(0x00000042a2000000,0x00000042a2100000) (1024K)]
  0x000001d742f3b800 JavaThread "Handler for socket connection from /127.0.0.1:57369 to /127.0.0.1:57370"        [_thread_in_native, id=14528, stack(0x00000042a2100000,0x00000042a2200000) (1024K)]
  0x000001d742f3be90 JavaThread "Cancel handler"                    [_thread_blocked, id=37776, stack(0x00000042a2200000,0x00000042a2300000) (1024K)]
  0x000001d74333ba70 JavaThread "Daemon worker"                     [_thread_in_Java, id=23324, stack(0x00000042a2300000,0x00000042a2400000) (1024K)]
  0x000001d743337f60 JavaThread "Asynchronous log dispatcher for DefaultDaemonConnection: socket connection from /127.0.0.1:57369 to /127.0.0.1:57370"        [_thread_blocked, id=6632, stack(0x00000042a2400000,0x00000042a2500000) (1024K)]
  0x000001d743335e90 JavaThread "Stdin handler"                     [_thread_blocked, id=34764, stack(0x00000042a2500000,0x00000042a2600000) (1024K)]
  0x000001d74333c790 JavaThread "Daemon client event forwarder"        [_thread_blocked, id=41004, stack(0x00000042a2600000,0x00000042a2700000) (1024K)]
  0x000001d74333c100 JavaThread "Cache worker for journal cache (C:\Users\admin\.gradle\caches\journal-1)"        [_thread_blocked, id=40396, stack(0x00000042a2700000,0x00000042a2800000) (1024K)]
  0x000001d743335800 JavaThread "File lock request listener"        [_thread_in_native, id=28724, stack(0x00000042a2800000,0x00000042a2900000) (1024K)]
  0x000001d743336bb0 JavaThread "Cache worker for file hash cache (C:\Users\admin\.gradle\caches\8.12\fileHashes)"        [_thread_blocked, id=36060, stack(0x00000042a2900000,0x00000042a2a00000) (1024K)]
=>0x000001d7439c3bb0 JavaThread "C2 CompilerThread1"         daemon [_thread_in_native, id=28208, stack(0x00000042a2a00000,0x00000042a2b00000) (1024K)]
  0x000001d7433385f0 JavaThread "Cache worker for file hash cache (C:\Users\admin\rapid mixer 6\rapid_mixer\android\.gradle\8.12\fileHashes)"        [_thread_blocked, id=9708, stack(0x00000042a2b00000,0x00000042a2c00000) (1024K)]
  0x000001d743338c80 JavaThread "Cache worker for Build Output Cleanup Cache (C:\Users\admin\rapid mixer 6\rapid_mixer\android\.gradle\buildOutputCleanup)"        [_thread_blocked, id=16248, stack(0x00000042a2c00000,0x00000042a2d00000) (1024K)]
  0x000001d743339310 JavaThread "File watcher server"        daemon [_thread_in_native, id=9272, stack(0x00000042a2d00000,0x00000042a2e00000) (1024K)]
  0x000001d743336520 JavaThread "File watcher consumer"      daemon [_thread_blocked, id=12624, stack(0x00000042a2e00000,0x00000042a2f00000) (1024K)]
Total: 29

Other Threads:
  0x000001d73ceb2720 VMThread "VM Thread"                           [id=38096, stack(0x00000042a0f00000,0x00000042a1000000) (1024K)]
  0x000001d73ce45a00 WatcherThread "VM Periodic Task Thread"        [id=35920, stack(0x00000042a0e00000,0x00000042a0f00000) (1024K)]
  0x000001d7250b9c80 WorkerThread "GC Thread#0"                     [id=33948, stack(0x00000042a0900000,0x00000042a0a00000) (1024K)]
  0x000001d73d4d1730 WorkerThread "GC Thread#1"                     [id=7440, stack(0x00000042a1b00000,0x00000042a1c00000) (1024K)]
  0x000001d73d53f490 WorkerThread "GC Thread#2"                     [id=40768, stack(0x00000042a1c00000,0x00000042a1d00000) (1024K)]
  0x000001d7427ab610 WorkerThread "GC Thread#3"                     [id=36480, stack(0x00000042a1d00000,0x00000042a1e00000) (1024K)]
  0x000001d7250cbde0 ConcurrentGCThread "G1 Main Marker"            [id=30408, stack(0x00000042a0a00000,0x00000042a0b00000) (1024K)]
  0x000001d7250ce200 WorkerThread "G1 Conc#0"                       [id=37400, stack(0x00000042a0b00000,0x00000042a0c00000) (1024K)]
  0x000001d72512ea50 ConcurrentGCThread "G1 Refine#0"               [id=41400, stack(0x00000042a0c00000,0x00000042a0d00000) (1024K)]
  0x000001d73cd1e770 ConcurrentGCThread "G1 Service"                [id=23340, stack(0x00000042a0d00000,0x00000042a0e00000) (1024K)]
Total: 10

Threads with active compile tasks:
C2 CompilerThread1  15660 5190       4       org.objectweb.asm.ClassReader::readCode (5117 bytes)
Total: 1

VM state: not at safepoint (normal execution)

VM Mutex/Monitor currently owned by a thread: None

Heap address: 0x0000000080000000, size: 2048 MB, Compressed Oops mode: 32-bit

CDS archive(s) not mapped
Compressed class space mapped at: 0x0000000100000000-0x0000000134000000, reserved size: 872415232
Narrow klass base: 0x0000000000000000, Narrow klass shift: 3, Narrow klass range: 0x134000000

GC Precious Log:
 CardTable entry size: 512
 Card Set container configuration: InlinePtr #cards 5 size 8 Array Of Cards #cards 12 size 40 Howl #buckets 4 coarsen threshold 1843 Howl Bitmap #cards 512 size 80 coarsen threshold 460 Card regions per heap region 1 cards per card region 2048
 CPUs: 4 total, 4 available
 Memory: 8047M
 Large Page Support: Disabled
 NUMA Support: Disabled
 Compressed Oops: Enabled (32-bit)
 Heap Region Size: 1M
 Heap Min Capacity: 8M
 Heap Initial Capacity: 126M
 Heap Max Capacity: 2G
 Pre-touch: Disabled
 Parallel Workers: 4
 Concurrent Workers: 1
 Concurrent Refinement Workers: 4
 Periodic GC: Disabled

Heap:
 garbage-first heap   total 262144K, used 79374K [0x0000000080000000, 0x0000000100000000)
  region size 1024K, 45 young (46080K), 9 survivors (9216K)
 Metaspace       used 45632K, committed 46656K, reserved 917504K
  class space    used 5779K, committed 6272K, reserved 851968K

Heap Regions: E=young(eden), S=young(survivor), O=old, HS=humongous(starts), HC=humongous(continues), CS=collection set, F=free, TAMS=top-at-mark-start, PB=parsable bottom
|   0|0x0000000080000000, 0x0000000080100000, 0x0000000080100000|100%|HS|  |TAMS 0x0000000080000000| PB 0x0000000080000000| Complete 
|   1|0x0000000080100000, 0x0000000080200000, 0x0000000080200000|100%|HC|  |TAMS 0x0000000080100000| PB 0x0000000080100000| Complete 
|   2|0x0000000080200000, 0x0000000080300000, 0x0000000080300000|100%|HC|  |TAMS 0x0000000080200000| PB 0x0000000080200000| Complete 
|   3|0x0000000080300000, 0x0000000080400000, 0x0000000080400000|100%| O|  |TAMS 0x0000000080300000| PB 0x0000000080300000| Untracked 
|   4|0x0000000080400000, 0x0000000080500000, 0x0000000080500000|100%| O|  |TAMS 0x0000000080400000| PB 0x0000000080400000| Untracked 
|   5|0x0000000080500000, 0x0000000080600000, 0x0000000080600000|100%| O|  |TAMS 0x0000000080500000| PB 0x0000000080500000| Untracked 
|   6|0x0000000080600000, 0x0000000080700000, 0x0000000080700000|100%|HS|  |TAMS 0x0000000080600000| PB 0x0000000080600000| Complete 
|   7|0x0000000080700000, 0x0000000080800000, 0x0000000080800000|100%| O|  |TAMS 0x0000000080700000| PB 0x0000000080700000| Untracked 
|   8|0x0000000080800000, 0x0000000080900000, 0x0000000080900000|100%| O|  |TAMS 0x0000000080800000| PB 0x0000000080800000| Untracked 
|   9|0x0000000080900000, 0x0000000080a00000, 0x0000000080a00000|100%| O|  |TAMS 0x0000000080900000| PB 0x0000000080900000| Untracked 
|  10|0x0000000080a00000, 0x0000000080b00000, 0x0000000080b00000|100%| O|  |TAMS 0x0000000080a00000| PB 0x0000000080a00000| Untracked 
|  11|0x0000000080b00000, 0x0000000080c00000, 0x0000000080c00000|100%| O|  |TAMS 0x0000000080b00000| PB 0x0000000080b00000| Untracked 
|  12|0x0000000080c00000, 0x0000000080d00000, 0x0000000080d00000|100%| O|  |TAMS 0x0000000080c00000| PB 0x0000000080c00000| Untracked 
|  13|0x0000000080d00000, 0x0000000080e00000, 0x0000000080e00000|100%| O|  |TAMS 0x0000000080d00000| PB 0x0000000080d00000| Untracked 
|  14|0x0000000080e00000, 0x0000000080f00000, 0x0000000080f00000|100%| O|  |TAMS 0x0000000080e00000| PB 0x0000000080e00000| Untracked 
|  15|0x0000000080f00000, 0x0000000081000000, 0x0000000081000000|100%| O|  |TAMS 0x0000000080f00000| PB 0x0000000080f00000| Untracked 
|  16|0x0000000081000000, 0x0000000081100000, 0x0000000081100000|100%| O|  |TAMS 0x0000000081000000| PB 0x0000000081000000| Untracked 
|  17|0x0000000081100000, 0x0000000081200000, 0x0000000081200000|100%| O|  |TAMS 0x0000000081100000| PB 0x0000000081100000| Untracked 
|  18|0x0000000081200000, 0x0000000081300000, 0x0000000081300000|100%| O|  |TAMS 0x0000000081200000| PB 0x0000000081200000| Untracked 
|  19|0x0000000081300000, 0x0000000081400000, 0x0000000081400000|100%| O|  |TAMS 0x0000000081300000| PB 0x0000000081300000| Untracked 
|  20|0x0000000081400000, 0x0000000081500000, 0x0000000081500000|100%| O|  |TAMS 0x0000000081400000| PB 0x0000000081400000| Untracked 
|  21|0x0000000081500000, 0x0000000081600000, 0x0000000081600000|100%| O|  |TAMS 0x0000000081500000| PB 0x0000000081500000| Untracked 
|  22|0x0000000081600000, 0x0000000081700000, 0x0000000081700000|100%| O|  |TAMS 0x0000000081600000| PB 0x0000000081600000| Untracked 
|  23|0x0000000081700000, 0x0000000081800000, 0x0000000081800000|100%| O|  |TAMS 0x0000000081700000| PB 0x0000000081700000| Untracked 
|  24|0x0000000081800000, 0x0000000081900000, 0x0000000081900000|100%| O|  |TAMS 0x0000000081800000| PB 0x0000000081800000| Untracked 
|  25|0x0000000081900000, 0x0000000081a00000, 0x0000000081a00000|100%| O|  |TAMS 0x0000000081900000| PB 0x0000000081900000| Untracked 
|  26|0x0000000081a00000, 0x0000000081b00000, 0x0000000081b00000|100%| O|  |TAMS 0x0000000081a00000| PB 0x0000000081a00000| Untracked 
|  27|0x0000000081b00000, 0x0000000081c00000, 0x0000000081c00000|100%| O|  |TAMS 0x0000000081b00000| PB 0x0000000081b00000| Untracked 
|  28|0x0000000081c00000, 0x0000000081d00000, 0x0000000081d00000|100%| O|  |TAMS 0x0000000081c00000| PB 0x0000000081c00000| Untracked 
|  29|0x0000000081d00000, 0x0000000081dbca30, 0x0000000081e00000| 73%| O|  |TAMS 0x0000000081d00000| PB 0x0000000081d00000| Untracked 
|  30|0x0000000081e00000, 0x0000000081e00000, 0x0000000081f00000|  0%| F|  |TAMS 0x0000000081e00000| PB 0x0000000081e00000| Untracked 
|  31|0x0000000081f00000, 0x0000000081f00000, 0x0000000082000000|  0%| F|  |TAMS 0x0000000081f00000| PB 0x0000000081f00000| Untracked 
|  32|0x0000000082000000, 0x0000000082100000, 0x0000000082100000|100%| O|  |TAMS 0x0000000082000000| PB 0x0000000082000000| Untracked 
|  33|0x0000000082100000, 0x0000000082200000, 0x0000000082200000|100%| O|  |TAMS 0x0000000082100000| PB 0x0000000082100000| Untracked 
|  34|0x0000000082200000, 0x0000000082300000, 0x0000000082300000|100%| O|  |TAMS 0x0000000082200000| PB 0x0000000082200000| Untracked 
|  35|0x0000000082300000, 0x0000000082400000, 0x0000000082400000|100%| O|  |TAMS 0x0000000082300000| PB 0x0000000082300000| Untracked 
|  36|0x0000000082400000, 0x0000000082400000, 0x0000000082500000|  0%| F|  |TAMS 0x0000000082400000| PB 0x0000000082400000| Untracked 
|  37|0x0000000082500000, 0x0000000082500000, 0x0000000082600000|  0%| F|  |TAMS 0x0000000082500000| PB 0x0000000082500000| Untracked 
|  38|0x0000000082600000, 0x0000000082600000, 0x0000000082700000|  0%| F|  |TAMS 0x0000000082600000| PB 0x0000000082600000| Untracked 
|  39|0x0000000082700000, 0x0000000082700000, 0x0000000082800000|  0%| F|  |TAMS 0x0000000082700000| PB 0x0000000082700000| Untracked 
|  40|0x0000000082800000, 0x0000000082800000, 0x0000000082900000|  0%| F|  |TAMS 0x0000000082800000| PB 0x0000000082800000| Untracked 
|  41|0x0000000082900000, 0x0000000082900000, 0x0000000082a00000|  0%| F|  |TAMS 0x0000000082900000| PB 0x0000000082900000| Untracked 
|  42|0x0000000082a00000, 0x0000000082a00000, 0x0000000082b00000|  0%| F|  |TAMS 0x0000000082a00000| PB 0x0000000082a00000| Untracked 
|  43|0x0000000082b00000, 0x0000000082b00000, 0x0000000082c00000|  0%| F|  |TAMS 0x0000000082b00000| PB 0x0000000082b00000| Untracked 
|  44|0x0000000082c00000, 0x0000000082c00000, 0x0000000082d00000|  0%| F|  |TAMS 0x0000000082c00000| PB 0x0000000082c00000| Untracked 
|  45|0x0000000082d00000, 0x0000000082d00000, 0x0000000082e00000|  0%| F|  |TAMS 0x0000000082d00000| PB 0x0000000082d00000| Untracked 
|  46|0x0000000082e00000, 0x0000000082e00000, 0x0000000082f00000|  0%| F|  |TAMS 0x0000000082e00000| PB 0x0000000082e00000| Untracked 
|  47|0x0000000082f00000, 0x0000000082f00000, 0x0000000083000000|  0%| F|  |TAMS 0x0000000082f00000| PB 0x0000000082f00000| Untracked 
|  48|0x0000000083000000, 0x0000000083000000, 0x0000000083100000|  0%| F|  |TAMS 0x0000000083000000| PB 0x0000000083000000| Untracked 
|  49|0x0000000083100000, 0x0000000083100000, 0x0000000083200000|  0%| F|  |TAMS 0x0000000083100000| PB 0x0000000083100000| Untracked 
|  50|0x0000000083200000, 0x0000000083200000, 0x0000000083300000|  0%| F|  |TAMS 0x0000000083200000| PB 0x0000000083200000| Untracked 
|  51|0x0000000083300000, 0x0000000083300000, 0x0000000083400000|  0%| F|  |TAMS 0x0000000083300000| PB 0x0000000083300000| Untracked 
|  52|0x0000000083400000, 0x0000000083400000, 0x0000000083500000|  0%| F|  |TAMS 0x0000000083400000| PB 0x0000000083400000| Untracked 
|  53|0x0000000083500000, 0x0000000083500000, 0x0000000083600000|  0%| F|  |TAMS 0x0000000083500000| PB 0x0000000083500000| Untracked 
|  54|0x0000000083600000, 0x0000000083600000, 0x0000000083700000|  0%| F|  |TAMS 0x0000000083600000| PB 0x0000000083600000| Untracked 
|  55|0x0000000083700000, 0x0000000083700000, 0x0000000083800000|  0%| F|  |TAMS 0x0000000083700000| PB 0x0000000083700000| Untracked 
|  56|0x0000000083800000, 0x0000000083800000, 0x0000000083900000|  0%| F|  |TAMS 0x0000000083800000| PB 0x0000000083800000| Untracked 
|  57|0x0000000083900000, 0x0000000083900000, 0x0000000083a00000|  0%| F|  |TAMS 0x0000000083900000| PB 0x0000000083900000| Untracked 
|  58|0x0000000083a00000, 0x0000000083a00000, 0x0000000083b00000|  0%| F|  |TAMS 0x0000000083a00000| PB 0x0000000083a00000| Untracked 
|  59|0x0000000083b00000, 0x0000000083b00000, 0x0000000083c00000|  0%| F|  |TAMS 0x0000000083b00000| PB 0x0000000083b00000| Untracked 
|  60|0x0000000083c00000, 0x0000000083c00000, 0x0000000083d00000|  0%| F|  |TAMS 0x0000000083c00000| PB 0x0000000083c00000| Untracked 
|  61|0x0000000083d00000, 0x0000000083d00000, 0x0000000083e00000|  0%| F|  |TAMS 0x0000000083d00000| PB 0x0000000083d00000| Untracked 
|  62|0x0000000083e00000, 0x0000000083e00000, 0x0000000083f00000|  0%| F|  |TAMS 0x0000000083e00000| PB 0x0000000083e00000| Untracked 
|  63|0x0000000083f00000, 0x0000000083f00000, 0x0000000084000000|  0%| F|  |TAMS 0x0000000083f00000| PB 0x0000000083f00000| Untracked 
|  64|0x0000000084000000, 0x0000000084000000, 0x0000000084100000|  0%| F|  |TAMS 0x0000000084000000| PB 0x0000000084000000| Untracked 
|  65|0x0000000084100000, 0x0000000084100000, 0x0000000084200000|  0%| F|  |TAMS 0x0000000084100000| PB 0x0000000084100000| Untracked 
|  66|0x0000000084200000, 0x0000000084200000, 0x0000000084300000|  0%| F|  |TAMS 0x0000000084200000| PB 0x0000000084200000| Untracked 
|  67|0x0000000084300000, 0x0000000084300000, 0x0000000084400000|  0%| F|  |TAMS 0x0000000084300000| PB 0x0000000084300000| Untracked 
|  68|0x0000000084400000, 0x0000000084400000, 0x0000000084500000|  0%| F|  |TAMS 0x0000000084400000| PB 0x0000000084400000| Untracked 
|  69|0x0000000084500000, 0x0000000084500000, 0x0000000084600000|  0%| F|  |TAMS 0x0000000084500000| PB 0x0000000084500000| Untracked 
|  70|0x0000000084600000, 0x0000000084600000, 0x0000000084700000|  0%| F|  |TAMS 0x0000000084600000| PB 0x0000000084600000| Untracked 
|  71|0x0000000084700000, 0x0000000084700000, 0x0000000084800000|  0%| F|  |TAMS 0x0000000084700000| PB 0x0000000084700000| Untracked 
|  72|0x0000000084800000, 0x0000000084800000, 0x0000000084900000|  0%| F|  |TAMS 0x0000000084800000| PB 0x0000000084800000| Untracked 
|  73|0x0000000084900000, 0x0000000084900000, 0x0000000084a00000|  0%| F|  |TAMS 0x0000000084900000| PB 0x0000000084900000| Untracked 
|  74|0x0000000084a00000, 0x0000000084a00000, 0x0000000084b00000|  0%| F|  |TAMS 0x0000000084a00000| PB 0x0000000084a00000| Untracked 
|  75|0x0000000084b00000, 0x0000000084b00000, 0x0000000084c00000|  0%| F|  |TAMS 0x0000000084b00000| PB 0x0000000084b00000| Untracked 
|  76|0x0000000084c00000, 0x0000000084c00000, 0x0000000084d00000|  0%| F|  |TAMS 0x0000000084c00000| PB 0x0000000084c00000| Untracked 
|  77|0x0000000084d00000, 0x0000000084d00000, 0x0000000084e00000|  0%| F|  |TAMS 0x0000000084d00000| PB 0x0000000084d00000| Untracked 
|  78|0x0000000084e00000, 0x0000000084ec7180, 0x0000000084f00000| 77%| S|CS|TAMS 0x0000000084e00000| PB 0x0000000084e00000| Complete 
|  79|0x0000000084f00000, 0x0000000085000000, 0x0000000085000000|100%| S|CS|TAMS 0x0000000084f00000| PB 0x0000000084f00000| Complete 
|  80|0x0000000085000000, 0x0000000085100000, 0x0000000085100000|100%| S|CS|TAMS 0x0000000085000000| PB 0x0000000085000000| Complete 
|  81|0x0000000085100000, 0x0000000085200000, 0x0000000085200000|100%| S|CS|TAMS 0x0000000085100000| PB 0x0000000085100000| Complete 
|  82|0x0000000085200000, 0x0000000085300000, 0x0000000085300000|100%| S|CS|TAMS 0x0000000085200000| PB 0x0000000085200000| Complete 
|  83|0x0000000085300000, 0x0000000085400000, 0x0000000085400000|100%| S|CS|TAMS 0x0000000085300000| PB 0x0000000085300000| Complete 
|  84|0x0000000085400000, 0x0000000085500000, 0x0000000085500000|100%| S|CS|TAMS 0x0000000085400000| PB 0x0000000085400000| Complete 
|  85|0x0000000085500000, 0x0000000085600000, 0x0000000085600000|100%| S|CS|TAMS 0x0000000085500000| PB 0x0000000085500000| Complete 
|  86|0x0000000085600000, 0x0000000085600000, 0x0000000085700000|  0%| F|  |TAMS 0x0000000085600000| PB 0x0000000085600000| Untracked 
|  87|0x0000000085700000, 0x0000000085700000, 0x0000000085800000|  0%| F|  |TAMS 0x0000000085700000| PB 0x0000000085700000| Untracked 
|  88|0x0000000085800000, 0x0000000085800000, 0x0000000085900000|  0%| F|  |TAMS 0x0000000085800000| PB 0x0000000085800000| Untracked 
|  89|0x0000000085900000, 0x0000000085900000, 0x0000000085a00000|  0%| F|  |TAMS 0x0000000085900000| PB 0x0000000085900000| Untracked 
|  90|0x0000000085a00000, 0x0000000085a00000, 0x0000000085b00000|  0%| F|  |TAMS 0x0000000085a00000| PB 0x0000000085a00000| Untracked 
|  91|0x0000000085b00000, 0x0000000085b00000, 0x0000000085c00000|  0%| F|  |TAMS 0x0000000085b00000| PB 0x0000000085b00000| Untracked 
|  92|0x0000000085c00000, 0x0000000085c00000, 0x0000000085d00000|  0%| F|  |TAMS 0x0000000085c00000| PB 0x0000000085c00000| Untracked 
|  93|0x0000000085d00000, 0x0000000085d00000, 0x0000000085e00000|  0%| F|  |TAMS 0x0000000085d00000| PB 0x0000000085d00000| Untracked 
|  94|0x0000000085e00000, 0x0000000085f00000, 0x0000000085f00000|100%| S|CS|TAMS 0x0000000085e00000| PB 0x0000000085e00000| Complete 
|  95|0x0000000085f00000, 0x0000000085f00000, 0x0000000086000000|  0%| F|  |TAMS 0x0000000085f00000| PB 0x0000000085f00000| Untracked 
|  96|0x0000000086000000, 0x0000000086000000, 0x0000000086100000|  0%| F|  |TAMS 0x0000000086000000| PB 0x0000000086000000| Untracked 
|  97|0x0000000086100000, 0x0000000086100000, 0x0000000086200000|  0%| F|  |TAMS 0x0000000086100000| PB 0x0000000086100000| Untracked 
|  98|0x0000000086200000, 0x0000000086200000, 0x0000000086300000|  0%| F|  |TAMS 0x0000000086200000| PB 0x0000000086200000| Untracked 
|  99|0x0000000086300000, 0x0000000086300000, 0x0000000086400000|  0%| F|  |TAMS 0x0000000086300000| PB 0x0000000086300000| Untracked 
| 100|0x0000000086400000, 0x0000000086400000, 0x0000000086500000|  0%| F|  |TAMS 0x0000000086400000| PB 0x0000000086400000| Untracked 
| 101|0x0000000086500000, 0x0000000086500000, 0x0000000086600000|  0%| F|  |TAMS 0x0000000086500000| PB 0x0000000086500000| Untracked 
| 102|0x0000000086600000, 0x0000000086600000, 0x0000000086700000|  0%| F|  |TAMS 0x0000000086600000| PB 0x0000000086600000| Untracked 
| 103|0x0000000086700000, 0x0000000086700000, 0x0000000086800000|  0%| F|  |TAMS 0x0000000086700000| PB 0x0000000086700000| Untracked 
| 104|0x0000000086800000, 0x0000000086800000, 0x0000000086900000|  0%| F|  |TAMS 0x0000000086800000| PB 0x0000000086800000| Untracked 
| 105|0x0000000086900000, 0x0000000086900000, 0x0000000086a00000|  0%| F|  |TAMS 0x0000000086900000| PB 0x0000000086900000| Untracked 
| 106|0x0000000086a00000, 0x0000000086a00000, 0x0000000086b00000|  0%| F|  |TAMS 0x0000000086a00000| PB 0x0000000086a00000| Untracked 
| 107|0x0000000086b00000, 0x0000000086b00000, 0x0000000086c00000|  0%| F|  |TAMS 0x0000000086b00000| PB 0x0000000086b00000| Untracked 
| 108|0x0000000086c00000, 0x0000000086c00000, 0x0000000086d00000|  0%| F|  |TAMS 0x0000000086c00000| PB 0x0000000086c00000| Untracked 
| 109|0x0000000086d00000, 0x0000000086d00000, 0x0000000086e00000|  0%| F|  |TAMS 0x0000000086d00000| PB 0x0000000086d00000| Untracked 
| 110|0x0000000086e00000, 0x0000000086e00000, 0x0000000086f00000|  0%| F|  |TAMS 0x0000000086e00000| PB 0x0000000086e00000| Untracked 
| 111|0x0000000086f00000, 0x0000000086f00000, 0x0000000087000000|  0%| F|  |TAMS 0x0000000086f00000| PB 0x0000000086f00000| Untracked 
| 112|0x0000000087000000, 0x0000000087000000, 0x0000000087100000|  0%| F|  |TAMS 0x0000000087000000| PB 0x0000000087000000| Untracked 
| 113|0x0000000087100000, 0x0000000087100000, 0x0000000087200000|  0%| F|  |TAMS 0x0000000087100000| PB 0x0000000087100000| Untracked 
| 114|0x0000000087200000, 0x0000000087200000, 0x0000000087300000|  0%| F|  |TAMS 0x0000000087200000| PB 0x0000000087200000| Untracked 
| 115|0x0000000087300000, 0x0000000087300000, 0x0000000087400000|  0%| F|  |TAMS 0x0000000087300000| PB 0x0000000087300000| Untracked 
| 116|0x0000000087400000, 0x0000000087400000, 0x0000000087500000|  0%| F|  |TAMS 0x0000000087400000| PB 0x0000000087400000| Untracked 
| 117|0x0000000087500000, 0x0000000087500000, 0x0000000087600000|  0%| F|  |TAMS 0x0000000087500000| PB 0x0000000087500000| Untracked 
| 118|0x0000000087600000, 0x0000000087600000, 0x0000000087700000|  0%| F|  |TAMS 0x0000000087600000| PB 0x0000000087600000| Untracked 
| 119|0x0000000087700000, 0x0000000087700000, 0x0000000087800000|  0%| F|  |TAMS 0x0000000087700000| PB 0x0000000087700000| Untracked 
| 120|0x0000000087800000, 0x0000000087800000, 0x0000000087900000|  0%| F|  |TAMS 0x0000000087800000| PB 0x0000000087800000| Untracked 
| 121|0x0000000087900000, 0x0000000087900000, 0x0000000087a00000|  0%| F|  |TAMS 0x0000000087900000| PB 0x0000000087900000| Untracked 
| 122|0x0000000087a00000, 0x0000000087a00000, 0x0000000087b00000|  0%| F|  |TAMS 0x0000000087a00000| PB 0x0000000087a00000| Untracked 
| 123|0x0000000087b00000, 0x0000000087b00000, 0x0000000087c00000|  0%| F|  |TAMS 0x0000000087b00000| PB 0x0000000087b00000| Untracked 
| 124|0x0000000087c00000, 0x0000000087c00000, 0x0000000087d00000|  0%| F|  |TAMS 0x0000000087c00000| PB 0x0000000087c00000| Untracked 
| 125|0x0000000087d00000, 0x0000000087d00000, 0x0000000087e00000|  0%| F|  |TAMS 0x0000000087d00000| PB 0x0000000087d00000| Untracked 
| 126|0x0000000087e00000, 0x0000000087e00000, 0x0000000087f00000|  0%| F|  |TAMS 0x0000000087e00000| PB 0x0000000087e00000| Untracked 
| 127|0x0000000087f00000, 0x0000000087f00000, 0x0000000088000000|  0%| F|  |TAMS 0x0000000087f00000| PB 0x0000000087f00000| Untracked 
| 128|0x0000000088000000, 0x0000000088000000, 0x0000000088100000|  0%| F|  |TAMS 0x0000000088000000| PB 0x0000000088000000| Untracked 
| 129|0x0000000088100000, 0x0000000088100000, 0x0000000088200000|  0%| F|  |TAMS 0x0000000088100000| PB 0x0000000088100000| Untracked 
| 130|0x0000000088200000, 0x0000000088200000, 0x0000000088300000|  0%| F|  |TAMS 0x0000000088200000| PB 0x0000000088200000| Untracked 
| 131|0x0000000088300000, 0x0000000088300000, 0x0000000088400000|  0%| F|  |TAMS 0x0000000088300000| PB 0x0000000088300000| Untracked 
| 132|0x0000000088400000, 0x0000000088400000, 0x0000000088500000|  0%| F|  |TAMS 0x0000000088400000| PB 0x0000000088400000| Untracked 
| 133|0x0000000088500000, 0x0000000088500000, 0x0000000088600000|  0%| F|  |TAMS 0x0000000088500000| PB 0x0000000088500000| Untracked 
| 134|0x0000000088600000, 0x0000000088600000, 0x0000000088700000|  0%| F|  |TAMS 0x0000000088600000| PB 0x0000000088600000| Untracked 
| 135|0x0000000088700000, 0x0000000088700000, 0x0000000088800000|  0%| F|  |TAMS 0x0000000088700000| PB 0x0000000088700000| Untracked 
| 136|0x0000000088800000, 0x0000000088800000, 0x0000000088900000|  0%| F|  |TAMS 0x0000000088800000| PB 0x0000000088800000| Untracked 
| 137|0x0000000088900000, 0x0000000088900000, 0x0000000088a00000|  0%| F|  |TAMS 0x0000000088900000| PB 0x0000000088900000| Untracked 
| 138|0x0000000088a00000, 0x0000000088a00000, 0x0000000088b00000|  0%| F|  |TAMS 0x0000000088a00000| PB 0x0000000088a00000| Untracked 
| 139|0x0000000088b00000, 0x0000000088b00000, 0x0000000088c00000|  0%| F|  |TAMS 0x0000000088b00000| PB 0x0000000088b00000| Untracked 
| 140|0x0000000088c00000, 0x0000000088c00000, 0x0000000088d00000|  0%| F|  |TAMS 0x0000000088c00000| PB 0x0000000088c00000| Untracked 
| 141|0x0000000088d00000, 0x0000000088d00000, 0x0000000088e00000|  0%| F|  |TAMS 0x0000000088d00000| PB 0x0000000088d00000| Untracked 
| 142|0x0000000088e00000, 0x0000000088e00000, 0x0000000088f00000|  0%| F|  |TAMS 0x0000000088e00000| PB 0x0000000088e00000| Untracked 
| 143|0x0000000088f00000, 0x0000000088f00000, 0x0000000089000000|  0%| F|  |TAMS 0x0000000088f00000| PB 0x0000000088f00000| Untracked 
| 144|0x0000000089000000, 0x0000000089000000, 0x0000000089100000|  0%| F|  |TAMS 0x0000000089000000| PB 0x0000000089000000| Untracked 
| 145|0x0000000089100000, 0x0000000089100000, 0x0000000089200000|  0%| F|  |TAMS 0x0000000089100000| PB 0x0000000089100000| Untracked 
| 146|0x0000000089200000, 0x0000000089200000, 0x0000000089300000|  0%| F|  |TAMS 0x0000000089200000| PB 0x0000000089200000| Untracked 
| 147|0x0000000089300000, 0x0000000089300000, 0x0000000089400000|  0%| F|  |TAMS 0x0000000089300000| PB 0x0000000089300000| Untracked 
| 148|0x0000000089400000, 0x0000000089400000, 0x0000000089500000|  0%| F|  |TAMS 0x0000000089400000| PB 0x0000000089400000| Untracked 
| 149|0x0000000089500000, 0x0000000089500000, 0x0000000089600000|  0%| F|  |TAMS 0x0000000089500000| PB 0x0000000089500000| Untracked 
| 150|0x0000000089600000, 0x0000000089600000, 0x0000000089700000|  0%| F|  |TAMS 0x0000000089600000| PB 0x0000000089600000| Untracked 
| 151|0x0000000089700000, 0x0000000089700000, 0x0000000089800000|  0%| F|  |TAMS 0x0000000089700000| PB 0x0000000089700000| Untracked 
| 152|0x0000000089800000, 0x0000000089800000, 0x0000000089900000|  0%| F|  |TAMS 0x0000000089800000| PB 0x0000000089800000| Untracked 
| 153|0x0000000089900000, 0x0000000089900000, 0x0000000089a00000|  0%| F|  |TAMS 0x0000000089900000| PB 0x0000000089900000| Untracked 
| 154|0x0000000089a00000, 0x0000000089a00000, 0x0000000089b00000|  0%| F|  |TAMS 0x0000000089a00000| PB 0x0000000089a00000| Untracked 
| 155|0x0000000089b00000, 0x0000000089b00000, 0x0000000089c00000|  0%| F|  |TAMS 0x0000000089b00000| PB 0x0000000089b00000| Untracked 
| 156|0x0000000089c00000, 0x0000000089c00000, 0x0000000089d00000|  0%| F|  |TAMS 0x0000000089c00000| PB 0x0000000089c00000| Untracked 
| 157|0x0000000089d00000, 0x0000000089d00000, 0x0000000089e00000|  0%| F|  |TAMS 0x0000000089d00000| PB 0x0000000089d00000| Untracked 
| 158|0x0000000089e00000, 0x0000000089e00000, 0x0000000089f00000|  0%| F|  |TAMS 0x0000000089e00000| PB 0x0000000089e00000| Untracked 
| 159|0x0000000089f00000, 0x0000000089f00000, 0x000000008a000000|  0%| F|  |TAMS 0x0000000089f00000| PB 0x0000000089f00000| Untracked 
| 160|0x000000008a000000, 0x000000008a000000, 0x000000008a100000|  0%| F|  |TAMS 0x000000008a000000| PB 0x000000008a000000| Untracked 
| 161|0x000000008a100000, 0x000000008a100000, 0x000000008a200000|  0%| F|  |TAMS 0x000000008a100000| PB 0x000000008a100000| Untracked 
| 162|0x000000008a200000, 0x000000008a200000, 0x000000008a300000|  0%| F|  |TAMS 0x000000008a200000| PB 0x000000008a200000| Untracked 
| 163|0x000000008a300000, 0x000000008a300000, 0x000000008a400000|  0%| F|  |TAMS 0x000000008a300000| PB 0x000000008a300000| Untracked 
| 164|0x000000008a400000, 0x000000008a400000, 0x000000008a500000|  0%| F|  |TAMS 0x000000008a400000| PB 0x000000008a400000| Untracked 
| 165|0x000000008a500000, 0x000000008a500000, 0x000000008a600000|  0%| F|  |TAMS 0x000000008a500000| PB 0x000000008a500000| Untracked 
| 166|0x000000008a600000, 0x000000008a600000, 0x000000008a700000|  0%| F|  |TAMS 0x000000008a600000| PB 0x000000008a600000| Untracked 
| 167|0x000000008a700000, 0x000000008a700000, 0x000000008a800000|  0%| F|  |TAMS 0x000000008a700000| PB 0x000000008a700000| Untracked 
| 168|0x000000008a800000, 0x000000008a800000, 0x000000008a900000|  0%| F|  |TAMS 0x000000008a800000| PB 0x000000008a800000| Untracked 
| 169|0x000000008a900000, 0x000000008a900000, 0x000000008aa00000|  0%| F|  |TAMS 0x000000008a900000| PB 0x000000008a900000| Untracked 
| 170|0x000000008aa00000, 0x000000008aa00000, 0x000000008ab00000|  0%| F|  |TAMS 0x000000008aa00000| PB 0x000000008aa00000| Untracked 
| 171|0x000000008ab00000, 0x000000008ab00000, 0x000000008ac00000|  0%| F|  |TAMS 0x000000008ab00000| PB 0x000000008ab00000| Untracked 
| 172|0x000000008ac00000, 0x000000008ac00000, 0x000000008ad00000|  0%| F|  |TAMS 0x000000008ac00000| PB 0x000000008ac00000| Untracked 
| 173|0x000000008ad00000, 0x000000008ad00000, 0x000000008ae00000|  0%| F|  |TAMS 0x000000008ad00000| PB 0x000000008ad00000| Untracked 
| 174|0x000000008ae00000, 0x000000008ae00000, 0x000000008af00000|  0%| F|  |TAMS 0x000000008ae00000| PB 0x000000008ae00000| Untracked 
| 175|0x000000008af00000, 0x000000008af00000, 0x000000008b000000|  0%| F|  |TAMS 0x000000008af00000| PB 0x000000008af00000| Untracked 
| 176|0x000000008b000000, 0x000000008b000000, 0x000000008b100000|  0%| F|  |TAMS 0x000000008b000000| PB 0x000000008b000000| Untracked 
| 177|0x000000008b100000, 0x000000008b100000, 0x000000008b200000|  0%| F|  |TAMS 0x000000008b100000| PB 0x000000008b100000| Untracked 
| 178|0x000000008b200000, 0x000000008b200000, 0x000000008b300000|  0%| F|  |TAMS 0x000000008b200000| PB 0x000000008b200000| Untracked 
| 179|0x000000008b300000, 0x000000008b300000, 0x000000008b400000|  0%| F|  |TAMS 0x000000008b300000| PB 0x000000008b300000| Untracked 
| 180|0x000000008b400000, 0x000000008b400000, 0x000000008b500000|  0%| F|  |TAMS 0x000000008b400000| PB 0x000000008b400000| Untracked 
| 181|0x000000008b500000, 0x000000008b500000, 0x000000008b600000|  0%| F|  |TAMS 0x000000008b500000| PB 0x000000008b500000| Untracked 
| 182|0x000000008b600000, 0x000000008b600000, 0x000000008b700000|  0%| F|  |TAMS 0x000000008b600000| PB 0x000000008b600000| Untracked 
| 183|0x000000008b700000, 0x000000008b700000, 0x000000008b800000|  0%| F|  |TAMS 0x000000008b700000| PB 0x000000008b700000| Untracked 
| 184|0x000000008b800000, 0x000000008b800000, 0x000000008b900000|  0%| F|  |TAMS 0x000000008b800000| PB 0x000000008b800000| Untracked 
| 185|0x000000008b900000, 0x000000008b900000, 0x000000008ba00000|  0%| F|  |TAMS 0x000000008b900000| PB 0x000000008b900000| Untracked 
| 186|0x000000008ba00000, 0x000000008ba00000, 0x000000008bb00000|  0%| F|  |TAMS 0x000000008ba00000| PB 0x000000008ba00000| Untracked 
| 187|0x000000008bb00000, 0x000000008bb00000, 0x000000008bc00000|  0%| F|  |TAMS 0x000000008bb00000| PB 0x000000008bb00000| Untracked 
| 188|0x000000008bc00000, 0x000000008bc00000, 0x000000008bd00000|  0%| F|  |TAMS 0x000000008bc00000| PB 0x000000008bc00000| Untracked 
| 189|0x000000008bd00000, 0x000000008bd00000, 0x000000008be00000|  0%| F|  |TAMS 0x000000008bd00000| PB 0x000000008bd00000| Untracked 
| 190|0x000000008be00000, 0x000000008be00000, 0x000000008bf00000|  0%| F|  |TAMS 0x000000008be00000| PB 0x000000008be00000| Untracked 
| 191|0x000000008bf00000, 0x000000008bf00000, 0x000000008c000000|  0%| F|  |TAMS 0x000000008bf00000| PB 0x000000008bf00000| Untracked 
| 192|0x000000008c000000, 0x000000008c000000, 0x000000008c100000|  0%| F|  |TAMS 0x000000008c000000| PB 0x000000008c000000| Untracked 
| 193|0x000000008c100000, 0x000000008c100000, 0x000000008c200000|  0%| F|  |TAMS 0x000000008c100000| PB 0x000000008c100000| Untracked 
| 194|0x000000008c200000, 0x000000008c200000, 0x000000008c300000|  0%| F|  |TAMS 0x000000008c200000| PB 0x000000008c200000| Untracked 
| 195|0x000000008c300000, 0x000000008c300000, 0x000000008c400000|  0%| F|  |TAMS 0x000000008c300000| PB 0x000000008c300000| Untracked 
| 196|0x000000008c400000, 0x000000008c400000, 0x000000008c500000|  0%| F|  |TAMS 0x000000008c400000| PB 0x000000008c400000| Untracked 
| 197|0x000000008c500000, 0x000000008c500000, 0x000000008c600000|  0%| F|  |TAMS 0x000000008c500000| PB 0x000000008c500000| Untracked 
| 198|0x000000008c600000, 0x000000008c600000, 0x000000008c700000|  0%| F|  |TAMS 0x000000008c600000| PB 0x000000008c600000| Untracked 
| 199|0x000000008c700000, 0x000000008c700000, 0x000000008c800000|  0%| F|  |TAMS 0x000000008c700000| PB 0x000000008c700000| Untracked 
| 200|0x000000008c800000, 0x000000008c800000, 0x000000008c900000|  0%| F|  |TAMS 0x000000008c800000| PB 0x000000008c800000| Untracked 
| 201|0x000000008c900000, 0x000000008c900000, 0x000000008ca00000|  0%| F|  |TAMS 0x000000008c900000| PB 0x000000008c900000| Untracked 
| 202|0x000000008ca00000, 0x000000008ca00000, 0x000000008cb00000|  0%| F|  |TAMS 0x000000008ca00000| PB 0x000000008ca00000| Untracked 
| 203|0x000000008cb00000, 0x000000008cb00000, 0x000000008cc00000|  0%| F|  |TAMS 0x000000008cb00000| PB 0x000000008cb00000| Untracked 
| 204|0x000000008cc00000, 0x000000008cc00000, 0x000000008cd00000|  0%| F|  |TAMS 0x000000008cc00000| PB 0x000000008cc00000| Untracked 
| 205|0x000000008cd00000, 0x000000008cd00000, 0x000000008ce00000|  0%| F|  |TAMS 0x000000008cd00000| PB 0x000000008cd00000| Untracked 
| 206|0x000000008ce00000, 0x000000008ce00000, 0x000000008cf00000|  0%| F|  |TAMS 0x000000008ce00000| PB 0x000000008ce00000| Untracked 
| 207|0x000000008cf00000, 0x000000008cf00000, 0x000000008d000000|  0%| F|  |TAMS 0x000000008cf00000| PB 0x000000008cf00000| Untracked 
| 208|0x000000008d000000, 0x000000008d000000, 0x000000008d100000|  0%| F|  |TAMS 0x000000008d000000| PB 0x000000008d000000| Untracked 
| 209|0x000000008d100000, 0x000000008d100000, 0x000000008d200000|  0%| F|  |TAMS 0x000000008d100000| PB 0x000000008d100000| Untracked 
| 210|0x000000008d200000, 0x000000008d200000, 0x000000008d300000|  0%| F|  |TAMS 0x000000008d200000| PB 0x000000008d200000| Untracked 
| 211|0x000000008d300000, 0x000000008d300000, 0x000000008d400000|  0%| F|  |TAMS 0x000000008d300000| PB 0x000000008d300000| Untracked 
| 212|0x000000008d400000, 0x000000008d400000, 0x000000008d500000|  0%| F|  |TAMS 0x000000008d400000| PB 0x000000008d400000| Untracked 
| 213|0x000000008d500000, 0x000000008d500000, 0x000000008d600000|  0%| F|  |TAMS 0x000000008d500000| PB 0x000000008d500000| Untracked 
| 214|0x000000008d600000, 0x000000008d600000, 0x000000008d700000|  0%| F|  |TAMS 0x000000008d600000| PB 0x000000008d600000| Untracked 
| 215|0x000000008d700000, 0x000000008d700000, 0x000000008d800000|  0%| F|  |TAMS 0x000000008d700000| PB 0x000000008d700000| Untracked 
| 216|0x000000008d800000, 0x000000008d800000, 0x000000008d900000|  0%| F|  |TAMS 0x000000008d800000| PB 0x000000008d800000| Untracked 
| 217|0x000000008d900000, 0x000000008d900000, 0x000000008da00000|  0%| F|  |TAMS 0x000000008d900000| PB 0x000000008d900000| Untracked 
| 218|0x000000008da00000, 0x000000008db00000, 0x000000008db00000|100%| E|  |TAMS 0x000000008da00000| PB 0x000000008da00000| Complete 
| 219|0x000000008db00000, 0x000000008dc00000, 0x000000008dc00000|100%| E|CS|TAMS 0x000000008db00000| PB 0x000000008db00000| Complete 
| 220|0x000000008dc00000, 0x000000008dd00000, 0x000000008dd00000|100%| E|CS|TAMS 0x000000008dc00000| PB 0x000000008dc00000| Complete 
| 221|0x000000008dd00000, 0x000000008de00000, 0x000000008de00000|100%| E|CS|TAMS 0x000000008dd00000| PB 0x000000008dd00000| Complete 
| 222|0x000000008de00000, 0x000000008df00000, 0x000000008df00000|100%| E|CS|TAMS 0x000000008de00000| PB 0x000000008de00000| Complete 
| 223|0x000000008df00000, 0x000000008e000000, 0x000000008e000000|100%| E|CS|TAMS 0x000000008df00000| PB 0x000000008df00000| Complete 
| 224|0x000000008e000000, 0x000000008e100000, 0x000000008e100000|100%| E|CS|TAMS 0x000000008e000000| PB 0x000000008e000000| Complete 
| 225|0x000000008e100000, 0x000000008e200000, 0x000000008e200000|100%| E|CS|TAMS 0x000000008e100000| PB 0x000000008e100000| Complete 
| 226|0x000000008e200000, 0x000000008e300000, 0x000000008e300000|100%| E|CS|TAMS 0x000000008e200000| PB 0x000000008e200000| Complete 
| 227|0x000000008e300000, 0x000000008e400000, 0x000000008e400000|100%| E|CS|TAMS 0x000000008e300000| PB 0x000000008e300000| Complete 
| 228|0x000000008e400000, 0x000000008e500000, 0x000000008e500000|100%| E|CS|TAMS 0x000000008e400000| PB 0x000000008e400000| Complete 
| 229|0x000000008e500000, 0x000000008e600000, 0x000000008e600000|100%| E|CS|TAMS 0x000000008e500000| PB 0x000000008e500000| Complete 
| 230|0x000000008e600000, 0x000000008e700000, 0x000000008e700000|100%| E|CS|TAMS 0x000000008e600000| PB 0x000000008e600000| Complete 
| 231|0x000000008e700000, 0x000000008e800000, 0x000000008e800000|100%| E|CS|TAMS 0x000000008e700000| PB 0x000000008e700000| Complete 
| 232|0x000000008e800000, 0x000000008e900000, 0x000000008e900000|100%| E|CS|TAMS 0x000000008e800000| PB 0x000000008e800000| Complete 
| 233|0x000000008e900000, 0x000000008ea00000, 0x000000008ea00000|100%| E|CS|TAMS 0x000000008e900000| PB 0x000000008e900000| Complete 
| 234|0x000000008ea00000, 0x000000008eb00000, 0x000000008eb00000|100%| E|CS|TAMS 0x000000008ea00000| PB 0x000000008ea00000| Complete 
| 235|0x000000008eb00000, 0x000000008ec00000, 0x000000008ec00000|100%| E|CS|TAMS 0x000000008eb00000| PB 0x000000008eb00000| Complete 
| 236|0x000000008ec00000, 0x000000008ed00000, 0x000000008ed00000|100%| E|CS|TAMS 0x000000008ec00000| PB 0x000000008ec00000| Complete 
| 237|0x000000008ed00000, 0x000000008ee00000, 0x000000008ee00000|100%| E|CS|TAMS 0x000000008ed00000| PB 0x000000008ed00000| Complete 
| 238|0x000000008ee00000, 0x000000008ef00000, 0x000000008ef00000|100%| E|CS|TAMS 0x000000008ee00000| PB 0x000000008ee00000| Complete 
| 239|0x000000008ef00000, 0x000000008f000000, 0x000000008f000000|100%| E|CS|TAMS 0x000000008ef00000| PB 0x000000008ef00000| Complete 
| 240|0x000000008f000000, 0x000000008f100000, 0x000000008f100000|100%| E|CS|TAMS 0x000000008f000000| PB 0x000000008f000000| Complete 
| 241|0x000000008f100000, 0x000000008f200000, 0x000000008f200000|100%| E|CS|TAMS 0x000000008f100000| PB 0x000000008f100000| Complete 
| 242|0x000000008f200000, 0x000000008f300000, 0x000000008f300000|100%| E|CS|TAMS 0x000000008f200000| PB 0x000000008f200000| Complete 
| 243|0x000000008f300000, 0x000000008f400000, 0x000000008f400000|100%| E|CS|TAMS 0x000000008f300000| PB 0x000000008f300000| Complete 
| 244|0x000000008f400000, 0x000000008f500000, 0x000000008f500000|100%| E|CS|TAMS 0x000000008f400000| PB 0x000000008f400000| Complete 
| 245|0x000000008f500000, 0x000000008f600000, 0x000000008f600000|100%| E|CS|TAMS 0x000000008f500000| PB 0x000000008f500000| Complete 
| 246|0x000000008f600000, 0x000000008f700000, 0x000000008f700000|100%| E|CS|TAMS 0x000000008f600000| PB 0x000000008f600000| Complete 
| 247|0x000000008f700000, 0x000000008f800000, 0x000000008f800000|100%| E|CS|TAMS 0x000000008f700000| PB 0x000000008f700000| Complete 
| 248|0x000000008f800000, 0x000000008f900000, 0x000000008f900000|100%| E|CS|TAMS 0x000000008f800000| PB 0x000000008f800000| Complete 
| 249|0x000000008f900000, 0x000000008fa00000, 0x000000008fa00000|100%| E|CS|TAMS 0x000000008f900000| PB 0x000000008f900000| Complete 
| 250|0x000000008fa00000, 0x000000008fb00000, 0x000000008fb00000|100%| E|CS|TAMS 0x000000008fa00000| PB 0x000000008fa00000| Complete 
| 251|0x000000008fb00000, 0x000000008fc00000, 0x000000008fc00000|100%| E|CS|TAMS 0x000000008fb00000| PB 0x000000008fb00000| Complete 
| 252|0x000000008fc00000, 0x000000008fd00000, 0x000000008fd00000|100%| E|CS|TAMS 0x000000008fc00000| PB 0x000000008fc00000| Complete 
| 253|0x000000008fd00000, 0x000000008fe00000, 0x000000008fe00000|100%| E|CS|TAMS 0x000000008fd00000| PB 0x000000008fd00000| Complete 
| 254|0x000000008fe00000, 0x000000008ff00000, 0x000000008ff00000|100%| E|CS|TAMS 0x000000008fe00000| PB 0x000000008fe00000| Complete 
| 255|0x000000008ff00000, 0x0000000090000000, 0x0000000090000000|100%| E|CS|TAMS 0x000000008ff00000| PB 0x000000008ff00000| Complete 

Card table byte_map: [0x000001d7385c0000,0x000001d7389c0000] _byte_map_base: 0x000001d7381c0000

Marking Bits: (CMBitMap*) 0x000001d7250ba380
 Bits: [0x000001d7389c0000, 0x000001d73a9c0000)

Polling page: 0x000001d722f50000

Metaspace:

Usage:
  Non-class:     38.92 MB used.
      Class:      5.64 MB used.
       Both:     44.56 MB used.

Virtual space:
  Non-class space:       64.00 MB reserved,      39.44 MB ( 62%) committed,  1 nodes.
      Class space:      832.00 MB reserved,       6.12 MB ( <1%) committed,  1 nodes.
             Both:      896.00 MB reserved,      45.56 MB (  5%) committed. 

Chunk freelists:
   Non-Class:  8.16 MB
       Class:  9.73 MB
        Both:  17.89 MB

MaxMetaspaceSize: 1.00 GB
CompressedClassSpaceSize: 832.00 MB
Initial GC threshold: 21.00 MB
Current GC threshold: 58.88 MB
CDS: off
 - commit_granule_bytes: 65536.
 - commit_granule_words: 8192.
 - virtual_space_node_default_size: 8388608.
 - enlarge_chunks_in_place: 1.
 - use_allocation_guard: 0.


Internal statistics:

num_allocs_failed_limit: 6.
num_arena_births: 1644.
num_arena_deaths: 0.
num_vsnodes_births: 2.
num_vsnodes_deaths: 0.
num_space_committed: 729.
num_space_uncommitted: 0.
num_chunks_returned_to_freelist: 6.
num_chunks_taken_from_freelist: 3124.
num_chunk_merges: 3.
num_chunk_splits: 2055.
num_chunks_enlarged: 1341.
num_inconsistent_stats: 0.

CodeHeap 'non-profiled nmethods': size=128192Kb used=4488Kb max_used=4488Kb free=123703Kb
 bounds [0x000001d730490000, 0x000001d730900000, 0x000001d7381c0000]
CodeHeap 'profiled nmethods': size=128192Kb used=9364Kb max_used=9364Kb free=118827Kb
 bounds [0x000001d7281c0000, 0x000001d728af0000, 0x000001d72fef0000]
CodeHeap 'non-nmethods': size=5760Kb used=1913Kb max_used=2055Kb free=3846Kb
 bounds [0x000001d72fef0000, 0x000001d730160000, 0x000001d730490000]
 total_blobs=5541 nmethods=4838 adapters=606
 compilation: enabled
              stopped_count=0, restarted_count=0
 full_count=0

Compilation events (20 events):
Event: 15.444 Thread 0x000001d73d086750 5219       4       org.gradle.internal.classpath.InPlaceClasspathBuilder$ZipEntryBuilder::put (54 bytes)
Event: 15.456 Thread 0x000001d73d065cd0 5226       3       org.objectweb.asm.Label::addLineNumber (106 bytes)
Event: 15.457 Thread 0x000001d73d065cd0 nmethod 5226 0x000001d728adbe10 code [0x000001d728adbfe0, 0x000001d728adc4d8]
Event: 15.500 Thread 0x000001d73d086750 nmethod 5219 0x000001d7308e7410 code [0x000001d7308e77a0, 0x000001d7308e97b0]
Event: 15.500 Thread 0x000001d73d086750 5206       4       com.google.common.io.ByteStreams::readFully (58 bytes)
Event: 15.504 Thread 0x000001d73d086750 nmethod 5206 0x000001d7308eab90 code [0x000001d7308ead40, 0x000001d7308eaff8]
Event: 15.504 Thread 0x000001d73d086750 5224       4       org.gradle.api.internal.runtimeshaded.RuntimeShadedJarCreator::processClassFile (92 bytes)
Event: 15.525 Thread 0x000001d73d065cd0 5227       3       javax.management.ObjectName::construct (1135 bytes)
Event: 15.529 Thread 0x000001d73d065cd0 nmethod 5227 0x000001d728adc690 code [0x000001d728adcd40, 0x000001d728ae05e8]
Event: 15.530 Thread 0x000001d73d065cd0 5228       3       java.util.stream.ReferencePipeline$Head::forEach (26 bytes)
Event: 15.530 Thread 0x000001d73d065cd0 nmethod 5228 0x000001d728ae1d10 code [0x000001d728ae1f40, 0x000001d728ae2650]
Event: 15.595 Thread 0x000001d73d086750 nmethod 5224 0x000001d7308eb310 code [0x000001d7308eb6e0, 0x000001d7308ede68]
Event: 15.595 Thread 0x000001d73d086750 5229   !   4       org.gradle.api.internal.file.archive.impl.FileZipInput$FileZipEntry::withInputStream (28 bytes)
Event: 15.604 Thread 0x000001d73d086750 nmethod 5229 0x000001d7308ef810 code [0x000001d7308efa20, 0x000001d7308eff48]
Event: 15.604 Thread 0x000001d73d086750 5205       4       java.lang.ThreadLocal::getCarrierThreadLocal (29 bytes)
Event: 15.607 Thread 0x000001d73d086750 nmethod 5205 0x000001d7308f0510 code [0x000001d7308f06c0, 0x000001d7308f0868]
Event: 15.607 Thread 0x000001d73d086750 5198       4       org.objectweb.asm.Handle::hashCode (43 bytes)
Event: 15.610 Thread 0x000001d73d086750 nmethod 5198 0x000001d7308f0a90 code [0x000001d7308f0c60, 0x000001d7308f0fb0]
Event: 15.610 Thread 0x000001d73d086750 5199       4       jdk.internal.misc.Unsafe::putReferenceOpaque (9 bytes)
Event: 15.611 Thread 0x000001d73d086750 nmethod 5199 0x000001d7308f1210 code [0x000001d7308f13a0, 0x000001d7308f1518]

GC Heap History (20 events):
Event: 12.651 GC heap before
{Heap before GC invocations=30 (full 0):
 garbage-first heap   total 181248K, used 139507K [0x0000000080000000, 0x0000000100000000)
  region size 1024K, 106 young (108544K), 6 survivors (6144K)
 Metaspace       used 45553K, committed 46528K, reserved 917504K
  class space    used 5771K, committed 6272K, reserved 851968K
}
Event: 12.659 GC heap after
{Heap after GC invocations=31 (full 0):
 garbage-first heap   total 181248K, used 38369K [0x0000000080000000, 0x0000000100000000)
  region size 1024K, 7 young (7168K), 7 survivors (7168K)
 Metaspace       used 45553K, committed 46528K, reserved 917504K
  class space    used 5771K, committed 6272K, reserved 851968K
}
Event: 12.873 GC heap before
{Heap before GC invocations=31 (full 0):
 garbage-first heap   total 181248K, used 139745K [0x0000000080000000, 0x0000000100000000)
  region size 1024K, 106 young (108544K), 7 survivors (7168K)
 Metaspace       used 45553K, committed 46528K, reserved 917504K
  class space    used 5771K, committed 6272K, reserved 851968K
}
Event: 12.878 GC heap after
{Heap after GC invocations=32 (full 0):
 garbage-first heap   total 181248K, used 38830K [0x0000000080000000, 0x0000000100000000)
  region size 1024K, 7 young (7168K), 7 survivors (7168K)
 Metaspace       used 45553K, committed 46528K, reserved 917504K
  class space    used 5771K, committed 6272K, reserved 851968K
}
Event: 13.150 GC heap before
{Heap before GC invocations=32 (full 0):
 garbage-first heap   total 181248K, used 140206K [0x0000000080000000, 0x0000000100000000)
  region size 1024K, 106 young (108544K), 7 survivors (7168K)
 Metaspace       used 45561K, committed 46528K, reserved 917504K
  class space    used 5771K, committed 6272K, reserved 851968K
}
Event: 13.156 GC heap after
{Heap after GC invocations=33 (full 0):
 garbage-first heap   total 181248K, used 39019K [0x0000000080000000, 0x0000000100000000)
  region size 1024K, 7 young (7168K), 7 survivors (7168K)
 Metaspace       used 45561K, committed 46528K, reserved 917504K
  class space    used 5771K, committed 6272K, reserved 851968K
}
Event: 13.411 GC heap before
{Heap before GC invocations=33 (full 0):
 garbage-first heap   total 181248K, used 140395K [0x0000000080000000, 0x0000000100000000)
  region size 1024K, 106 young (108544K), 7 survivors (7168K)
 Metaspace       used 45563K, committed 46528K, reserved 917504K
  class space    used 5772K, committed 6272K, reserved 851968K
}
Event: 13.417 GC heap after
{Heap after GC invocations=34 (full 0):
 garbage-first heap   total 218112K, used 39452K [0x0000000080000000, 0x0000000100000000)
  region size 1024K, 7 young (7168K), 7 survivors (7168K)
 Metaspace       used 45563K, committed 46528K, reserved 917504K
  class space    used 5772K, committed 6272K, reserved 851968K
}
Event: 13.919 GC heap before
{Heap before GC invocations=34 (full 0):
 garbage-first heap   total 218112K, used 162332K [0x0000000080000000, 0x0000000100000000)
  region size 1024K, 127 young (130048K), 7 survivors (7168K)
 Metaspace       used 45566K, committed 46528K, reserved 917504K
  class space    used 5772K, committed 6272K, reserved 851968K
}
Event: 13.925 GC heap after
{Heap after GC invocations=35 (full 0):
 garbage-first heap   total 218112K, used 39852K [0x0000000080000000, 0x0000000100000000)
  region size 1024K, 7 young (7168K), 7 survivors (7168K)
 Metaspace       used 45566K, committed 46528K, reserved 917504K
  class space    used 5772K, committed 6272K, reserved 851968K
}
Event: 14.257 GC heap before
{Heap before GC invocations=35 (full 0):
 garbage-first heap   total 218112K, used 162732K [0x0000000080000000, 0x0000000100000000)
  region size 1024K, 127 young (130048K), 7 survivors (7168K)
 Metaspace       used 45613K, committed 46656K, reserved 917504K
  class space    used 5779K, committed 6272K, reserved 851968K
}
Event: 14.262 GC heap after
{Heap after GC invocations=36 (full 0):
 garbage-first heap   total 218112K, used 40430K [0x0000000080000000, 0x0000000100000000)
  region size 1024K, 8 young (8192K), 8 survivors (8192K)
 Metaspace       used 45613K, committed 46656K, reserved 917504K
  class space    used 5779K, committed 6272K, reserved 851968K
}
Event: 14.520 GC heap before
{Heap before GC invocations=36 (full 0):
 garbage-first heap   total 218112K, used 162286K [0x0000000080000000, 0x0000000100000000)
  region size 1024K, 127 young (130048K), 8 survivors (8192K)
 Metaspace       used 45615K, committed 46656K, reserved 917504K
  class space    used 5779K, committed 6272K, reserved 851968K
}
Event: 14.526 GC heap after
{Heap after GC invocations=37 (full 0):
 garbage-first heap   total 218112K, used 41595K [0x0000000080000000, 0x0000000100000000)
  region size 1024K, 9 young (9216K), 9 survivors (9216K)
 Metaspace       used 45615K, committed 46656K, reserved 917504K
  class space    used 5779K, committed 6272K, reserved 851968K
}
Event: 14.849 GC heap before
{Heap before GC invocations=37 (full 0):
 garbage-first heap   total 218112K, used 162427K [0x0000000080000000, 0x0000000100000000)
  region size 1024K, 127 young (130048K), 9 survivors (9216K)
 Metaspace       used 45617K, committed 46656K, reserved 917504K
  class space    used 5779K, committed 6272K, reserved 851968K
}
Event: 14.856 GC heap after
{Heap after GC invocations=38 (full 0):
 garbage-first heap   total 218112K, used 42266K [0x0000000080000000, 0x0000000100000000)
  region size 1024K, 9 young (9216K), 9 survivors (9216K)
 Metaspace       used 45617K, committed 46656K, reserved 917504K
  class space    used 5779K, committed 6272K, reserved 851968K
}
Event: 15.192 GC heap before
{Heap before GC invocations=38 (full 0):
 garbage-first heap   total 218112K, used 163098K [0x0000000080000000, 0x0000000100000000)
  region size 1024K, 127 young (130048K), 9 survivors (9216K)
 Metaspace       used 45619K, committed 46656K, reserved 917504K
  class space    used 5779K, committed 6272K, reserved 851968K
}
Event: 15.199 GC heap after
{Heap after GC invocations=39 (full 0):
 garbage-first heap   total 218112K, used 42966K [0x0000000080000000, 0x0000000100000000)
  region size 1024K, 9 young (9216K), 9 survivors (9216K)
 Metaspace       used 45619K, committed 46656K, reserved 917504K
  class space    used 5779K, committed 6272K, reserved 851968K
}
Event: 15.510 GC heap before
{Heap before GC invocations=39 (full 0):
 garbage-first heap   total 218112K, used 163798K [0x0000000080000000, 0x0000000100000000)
  region size 1024K, 127 young (130048K), 9 survivors (9216K)
 Metaspace       used 45619K, committed 46656K, reserved 917504K
  class space    used 5779K, committed 6272K, reserved 851968K
}
Event: 15.518 GC heap after
{Heap after GC invocations=40 (full 0):
 garbage-first heap   total 262144K, used 43534K [0x0000000080000000, 0x0000000100000000)
  region size 1024K, 9 young (9216K), 9 survivors (9216K)
 Metaspace       used 45619K, committed 46656K, reserved 917504K
  class space    used 5779K, committed 6272K, reserved 851968K
}

Dll operation events (3 events):
Event: 0.012 Loaded shared library C:\Program Files\Android\Android Studio1\jbr\bin\java.dll
Event: 0.018 Loaded shared library C:\Program Files\Android\Android Studio1\jbr\bin\zip.dll
Event: 0.683 Loaded shared library C:\Program Files\Android\Android Studio1\jbr\bin\verify.dll

Deoptimization events (20 events):
Event: 15.455 Thread 0x000001d74333ba70 Uncommon trap: trap_request=0xffffff45 fr.pc=0x000001d7307ace4c relative=0x000000000000028c
Event: 15.455 Thread 0x000001d74333ba70 Uncommon trap: reason=unstable_if action=reinterpret pc=0x000001d7307ace4c method=org.objectweb.asm.Label.addLineNumber(I)V @ 65 c2
Event: 15.455 Thread 0x000001d74333ba70 DEOPT PACKING pc=0x000001d7307ace4c sp=0x00000042a23f8130
Event: 15.455 Thread 0x000001d74333ba70 DEOPT UNPACKING pc=0x000001d72ff446a2 sp=0x00000042a23f80d8 mode 2
Event: 15.458 Thread 0x000001d74333ba70 DEOPT PACKING pc=0x000001d728abf891 sp=0x00000042a23f8190
Event: 15.458 Thread 0x000001d74333ba70 DEOPT UNPACKING pc=0x000001d72ff44e42 sp=0x00000042a23f78a0 mode 0
Event: 15.468 Thread 0x000001d74333ba70 DEOPT PACKING pc=0x000001d728abf891 sp=0x00000042a23f8190
Event: 15.468 Thread 0x000001d74333ba70 DEOPT UNPACKING pc=0x000001d72ff44e42 sp=0x00000042a23f78a0 mode 0
Event: 15.497 Thread 0x000001d74333ba70 DEOPT PACKING pc=0x000001d728abe702 sp=0x00000042a23f8190
Event: 15.497 Thread 0x000001d74333ba70 DEOPT UNPACKING pc=0x000001d72ff44e42 sp=0x00000042a23f78a0 mode 0
Event: 15.508 Thread 0x000001d74333ba70 DEOPT PACKING pc=0x000001d728abf891 sp=0x00000042a23f8190
Event: 15.508 Thread 0x000001d74333ba70 DEOPT UNPACKING pc=0x000001d72ff44e42 sp=0x00000042a23f78a0 mode 0
Event: 15.564 Thread 0x000001d74333ba70 DEOPT PACKING pc=0x000001d728abe702 sp=0x00000042a23f8190
Event: 15.564 Thread 0x000001d74333ba70 DEOPT UNPACKING pc=0x000001d72ff44e42 sp=0x00000042a23f78a0 mode 0
Event: 15.579 Thread 0x000001d74333ba70 DEOPT PACKING pc=0x000001d728abf891 sp=0x00000042a23f8190
Event: 15.579 Thread 0x000001d74333ba70 DEOPT UNPACKING pc=0x000001d72ff44e42 sp=0x00000042a23f78a0 mode 0
Event: 15.586 Thread 0x000001d74333ba70 DEOPT PACKING pc=0x000001d728abf891 sp=0x00000042a23f8190
Event: 15.586 Thread 0x000001d74333ba70 DEOPT UNPACKING pc=0x000001d72ff44e42 sp=0x00000042a23f78a0 mode 0
Event: 15.611 Thread 0x000001d74333ba70 DEOPT PACKING pc=0x000001d728abe702 sp=0x00000042a23f8310
Event: 15.611 Thread 0x000001d74333ba70 DEOPT UNPACKING pc=0x000001d72ff44e42 sp=0x00000042a23f7a20 mode 0

Classes loaded (20 events):
Event: 7.365 Loading class java/nio/charset/UnsupportedCharsetException
Event: 7.365 Loading class java/nio/charset/UnsupportedCharsetException done
Event: 7.366 Loading class java/util/Collections$UnmodifiableSortedMap
Event: 7.366 Loading class java/util/Collections$UnmodifiableSortedMap done
Event: 7.367 Loading class java/util/zip/Deflater
Event: 7.368 Loading class java/util/zip/Deflater done
Event: 7.368 Loading class java/util/zip/Deflater$DeflaterZStreamRef
Event: 7.369 Loading class java/util/zip/Deflater$DeflaterZStreamRef done
Event: 7.376 Loading class java/util/zip/ZipFile$ZipEntryIterator
Event: 7.376 Loading class java/util/zip/ZipFile$ZipEntryIterator done
Event: 7.415 Loading class java/nio/StringCharBuffer
Event: 7.415 Loading class java/nio/StringCharBuffer done
Event: 10.314 Loading class java/lang/foreign/MemorySegment
Event: 10.317 Loading class java/lang/foreign/MemorySegment done
Event: 10.324 Loading class java/util/regex/Pattern$Caret
Event: 10.324 Loading class java/util/regex/Pattern$Caret done
Event: 13.988 Loading class java/util/concurrent/LinkedBlockingDeque$Itr
Event: 13.990 Loading class java/util/concurrent/LinkedBlockingDeque$AbstractItr
Event: 13.990 Loading class java/util/concurrent/LinkedBlockingDeque$AbstractItr done
Event: 13.990 Loading class java/util/concurrent/LinkedBlockingDeque$Itr done

Classes unloaded (0 events):
No events

Classes redefined (0 events):
No events

Internal exceptions (20 events):
Event: 6.734 Thread 0x000001d74333ba70 Exception <a 'java/lang/ClassNotFoundException'{0x0000000083128e78}: groovy/lang/ExpandoMetaClassCustomizer> (0x0000000083128e78) 
thrown [s\src\hotspot\share\classfile\systemDictionary.cpp, line 312]
Event: 7.036 Thread 0x000001d74333ba70 Exception <a 'java/lang/ClassNotFoundException'{0x000000008392db70}: org/gradle/internal/extensibility/DefaultExtraPropertiesExtensionBeanInfo> (0x000000008392db70) 
thrown [s\src\hotspot\share\classfile\systemDictionary.cpp, line 312]
Event: 7.036 Thread 0x000001d74333ba70 Exception <a 'java/lang/ClassNotFoundException'{0x0000000083936278}: groovy/lang/GroovyObjectSupportBeanInfo> (0x0000000083936278) 
thrown [s\src\hotspot\share\classfile\systemDictionary.cpp, line 312]
Event: 7.037 Thread 0x000001d74333ba70 Exception <a 'java/lang/ClassNotFoundException'{0x000000008393e988}: groovy/lang/GroovyObjectSupportCustomizer> (0x000000008393e988) 
thrown [s\src\hotspot\share\classfile\systemDictionary.cpp, line 312]
Event: 7.040 Thread 0x000001d74333ba70 Exception <a 'java/lang/ClassNotFoundException'{0x0000000083958e70}: org/gradle/internal/extensibility/DefaultExtraPropertiesExtensionCustomizer> (0x0000000083958e70) 
thrown [s\src\hotspot\share\classfile\systemDictionary.cpp, line 312]
Event: 7.045 Thread 0x000001d74333ba70 Exception <a 'java/lang/IncompatibleClassChangeError'{0x0000000083974060}: Found class java.lang.Object, but interface was expected> (0x0000000083974060) 
thrown [s\src\hotspot\share\interpreter\linkResolver.cpp, line 851]
Event: 7.074 Thread 0x000001d74333ba70 Exception <a 'sun/nio/fs/WindowsException'{0x000000008386f968}> (0x000000008386f968) 
thrown [s\src\hotspot\share\prims\jni.cpp, line 535]
Event: 7.074 Thread 0x000001d74333ba70 Exception <a 'sun/nio/fs/WindowsException'{0x0000000083870e90}> (0x0000000083870e90) 
thrown [s\src\hotspot\share\prims\jni.cpp, line 535]
Event: 7.075 Thread 0x000001d74333ba70 Exception <a 'sun/nio/fs/WindowsException'{0x0000000083872360}> (0x0000000083872360) 
thrown [s\src\hotspot\share\prims\jni.cpp, line 535]
Event: 7.075 Thread 0x000001d74333ba70 Exception <a 'sun/nio/fs/WindowsException'{0x0000000083873840}> (0x0000000083873840) 
thrown [s\src\hotspot\share\prims\jni.cpp, line 535]
Event: 7.106 Thread 0x000001d74333ba70 Exception <a 'java/lang/NoSuchMethodError'{0x00000000837aca58}: 'java.lang.Object java.lang.invoke.Invokers$Holder.invoker(java.lang.Object, java.lang.Object, java.lang.Object, java.lang.Object, java.lang.Object, java.lang.Object)'> (0x00000000837aca58) 
thrown [s\src\hotspot\share\interpreter\linkResolver.cpp, line 784]
Event: 7.123 Thread 0x000001d74333ba70 Exception <a 'java/lang/NoSuchMethodError'{0x00000000836bd998}: 'java.lang.Object java.lang.invoke.DirectMethodHandle$Holder.invokeSpecial(java.lang.Object, java.lang.Object, java.lang.Object, java.lang.Object, java.lang.Object, java.lang.Object, java.lang.Object, java.lang.Object, java.lang.Object, java.lang.Object, java.lang.Object, java.lang.Object, java.lang.Object, java.lang.Object, java.lang.Object, java.lang.Object, java.lang.Object, java.lang.Object, java.lang.Object, java.lang.Object, java.lang.Ob
Event: 7.123 Thread 0x000001d74333ba70 Exception <a 'java/lang/NoSuchMethodError'{0x00000000836c3a70}: 'java.lang.Object java.lang.invoke.DelegatingMethodHandle$Holder.reinvoke_L(java.lang.Object, java.lang.Object, java.lang.Object, java.lang.Object, java.lang.Object, java.lang.Object, java.lang.Object, java.lang.Object, java.lang.Object, java.lang.Object, java.lang.Object, java.lang.Object, java.lang.Object, java.lang.Object, java.lang.Object, java.lang.Object, java.lang.Object, java.lang.Object, java.lang.Object, java.lang.Object, java.lang.O
Event: 7.124 Thread 0x000001d74333ba70 Exception <a 'java/lang/NoSuchMethodError'{0x00000000836cec58}: 'java.lang.Object java.lang.invoke.Invokers$Holder.invoker(java.lang.Object, java.lang.Object, java.lang.Object, java.lang.Object, java.lang.Object, java.lang.Object, java.lang.Object, java.lang.Object, java.lang.Object, java.lang.Object, java.lang.Object, java.lang.Object, java.lang.Object, java.lang.Object, java.lang.Object, java.lang.Object, java.lang.Object, java.lang.Object, java.lang.Object, java.lang.Object, java.lang.Object, java.lang.
Event: 7.124 Thread 0x000001d74333ba70 Exception <a 'java/lang/NoSuchMethodError'{0x00000000836d55e0}: 'java.lang.Object java.lang.invoke.DelegatingMethodHandle$Holder.delegate(java.lang.Object, java.lang.Object, java.lang.Object, java.lang.Object, java.lang.Object, java.lang.Object, java.lang.Object, java.lang.Object, java.lang.Object, java.lang.Object, java.lang.Object, java.lang.Object, java.lang.Object, java.lang.Object, java.lang.Object, java.lang.Object, java.lang.Object, java.lang.Object, java.lang.Object, java.lang.Object, java.lang.Obj
Event: 7.130 Thread 0x000001d74333ba70 Exception <a 'java/lang/NoSuchMethodError'{0x00000000835aa1f8}: 'java.lang.Object java.lang.invoke.DirectMethodHandle$Holder.invokeStatic(java.lang.Object, java.lang.Object, java.lang.Object, java.lang.Object, java.lang.Object, java.lang.Object, java.lang.Object, java.lang.Object, java.lang.Object, java.lang.Object, java.lang.Object, java.lang.Object, java.lang.Object, java.lang.Object, java.lang.Object, java.lang.Object, java.lang.Object, java.lang.Object, java.lang.Object, java.lang.Object, java.lang.Obj
Event: 7.131 Thread 0x000001d74333ba70 Exception <a 'java/lang/NoSuchMethodError'{0x00000000835df6a0}: 'java.lang.Object java.lang.invoke.DirectMethodHandle$Holder.invokeStatic(java.lang.Object, java.lang.Object, java.lang.Object, java.lang.Object, java.lang.Object, java.lang.Object, java.lang.Object, java.lang.Object, java.lang.Object, java.lang.Object, java.lang.Object, java.lang.Object, java.lang.Object, java.lang.Object, java.lang.Object, java.lang.Object, java.lang.Object, java.lang.Object, java.lang.Object, java.lang.Object, java.lang.Obj
Event: 7.357 Thread 0x000001d74333ba70 Exception <a 'sun/nio/fs/WindowsException'{0x00000000835e0af0}> (0x00000000835e0af0) 
thrown [s\src\hotspot\share\prims\jni.cpp, line 535]
Event: 7.357 Thread 0x000001d74333ba70 Exception <a 'sun/nio/fs/WindowsException'{0x00000000835e20d8}> (0x00000000835e20d8) 
thrown [s\src\hotspot\share\prims\jni.cpp, line 535]
Event: 13.084 Thread 0x000001d74333ba70 Implicit null exception at 0x000001d730817c67 to 0x000001d7308183b8

ZGC Phase Switch (0 events):
No events

VM Operations (20 events):
Event: 12.651 Executing VM operation: G1CollectForAllocation (G1 Evacuation Pause)
Event: 12.659 Executing VM operation: G1CollectForAllocation (G1 Evacuation Pause) done
Event: 12.873 Executing VM operation: G1CollectForAllocation (G1 Evacuation Pause)
Event: 12.878 Executing VM operation: G1CollectForAllocation (G1 Evacuation Pause) done
Event: 13.150 Executing VM operation: G1CollectForAllocation (G1 Evacuation Pause)
Event: 13.156 Executing VM operation: G1CollectForAllocation (G1 Evacuation Pause) done
Event: 13.411 Executing VM operation: G1CollectForAllocation (G1 Evacuation Pause)
Event: 13.417 Executing VM operation: G1CollectForAllocation (G1 Evacuation Pause) done
Event: 13.919 Executing VM operation: G1CollectForAllocation (G1 Evacuation Pause)
Event: 13.925 Executing VM operation: G1CollectForAllocation (G1 Evacuation Pause) done
Event: 14.256 Executing VM operation: G1CollectForAllocation (G1 Evacuation Pause)
Event: 14.262 Executing VM operation: G1CollectForAllocation (G1 Evacuation Pause) done
Event: 14.520 Executing VM operation: G1CollectForAllocation (G1 Evacuation Pause)
Event: 14.526 Executing VM operation: G1CollectForAllocation (G1 Evacuation Pause) done
Event: 14.849 Executing VM operation: G1CollectForAllocation (G1 Evacuation Pause)
Event: 14.856 Executing VM operation: G1CollectForAllocation (G1 Evacuation Pause) done
Event: 15.192 Executing VM operation: G1CollectForAllocation (G1 Evacuation Pause)
Event: 15.199 Executing VM operation: G1CollectForAllocation (G1 Evacuation Pause) done
Event: 15.510 Executing VM operation: G1CollectForAllocation (G1 Evacuation Pause)
Event: 15.518 Executing VM operation: G1CollectForAllocation (G1 Evacuation Pause) done

Memory protections (0 events):
No events

Nmethod flushes (20 events):
Event: 6.241 Thread 0x000001d73ceb2720 flushing  nmethod 0x000001d728357010
Event: 6.241 Thread 0x000001d73ceb2720 flushing  nmethod 0x000001d728357990
Event: 6.241 Thread 0x000001d73ceb2720 flushing  nmethod 0x000001d72835ce10
Event: 6.241 Thread 0x000001d73ceb2720 flushing  nmethod 0x000001d72835d890
Event: 6.241 Thread 0x000001d73ceb2720 flushing  nmethod 0x000001d72837f110
Event: 6.241 Thread 0x000001d73ceb2720 flushing  nmethod 0x000001d72838bb10
Event: 6.241 Thread 0x000001d73ceb2720 flushing  nmethod 0x000001d72838c390
Event: 6.241 Thread 0x000001d73ceb2720 flushing  nmethod 0x000001d72838cc90
Event: 6.241 Thread 0x000001d73ceb2720 flushing  nmethod 0x000001d7283dfd90
Event: 6.241 Thread 0x000001d73ceb2720 flushing  nmethod 0x000001d7283e0110
Event: 6.241 Thread 0x000001d73ceb2720 flushing  nmethod 0x000001d7283e2510
Event: 6.241 Thread 0x000001d73ceb2720 flushing  nmethod 0x000001d728472d10
Event: 6.241 Thread 0x000001d73ceb2720 flushing  nmethod 0x000001d7284a3610
Event: 6.241 Thread 0x000001d73ceb2720 flushing  nmethod 0x000001d728501c10
Event: 6.241 Thread 0x000001d73ceb2720 flushing  nmethod 0x000001d72859df10
Event: 6.241 Thread 0x000001d73ceb2720 flushing  nmethod 0x000001d7285b9410
Event: 6.241 Thread 0x000001d73ceb2720 flushing  nmethod 0x000001d7285ba590
Event: 6.241 Thread 0x000001d73ceb2720 flushing  nmethod 0x000001d7285bae10
Event: 6.241 Thread 0x000001d73ceb2720 flushing  nmethod 0x000001d7285bb390
Event: 6.241 Thread 0x000001d73ceb2720 flushing  nmethod 0x000001d7285bec90

Events (20 events):
Event: 3.516 Thread 0x000001d722e47ab0 Thread added: 0x000001d7431676c0
Event: 3.828 Loaded shared library C:\Program Files\Android\Android Studio1\jbr\bin\extnet.dll
Event: 3.877 Thread 0x000001d722e47ab0 Thread added: 0x000001d742f54b40
Event: 3.987 Thread 0x000001d722e47ab0 Thread added: 0x000001d742f3b170
Event: 4.043 Thread 0x000001d742f54b40 Thread added: 0x000001d742f3aae0
Event: 4.047 Thread 0x000001d742f3aae0 Thread added: 0x000001d742f3b800
Event: 4.095 Thread 0x000001d742f3aae0 Thread added: 0x000001d742f3be90
Event: 4.105 Thread 0x000001d742f3aae0 Thread added: 0x000001d74333ba70
Event: 4.121 Thread 0x000001d74333ba70 Thread added: 0x000001d743337f60
Event: 4.126 Thread 0x000001d74333ba70 Thread added: 0x000001d743335e90
Event: 4.128 Thread 0x000001d74333ba70 Thread added: 0x000001d74333c790
Event: 4.593 Thread 0x000001d74333ba70 Thread added: 0x000001d74333c100
Event: 4.607 Thread 0x000001d74333ba70 Thread added: 0x000001d743335800
Event: 4.638 Thread 0x000001d74333ba70 Thread added: 0x000001d743336bb0
Event: 4.713 Loaded shared library C:\Users\admin\AppData\Local\Temp\native-platform15785680962715718600dir\gradle-fileevents.dll
Event: 4.834 Thread 0x000001d73d065cd0 Thread added: 0x000001d7439c3bb0
Event: 5.669 Thread 0x000001d74333ba70 Thread added: 0x000001d7433385f0
Event: 5.684 Thread 0x000001d74333ba70 Thread added: 0x000001d743338c80
Event: 5.944 Thread 0x000001d74333ba70 Thread added: 0x000001d743339310
Event: 5.952 Thread 0x000001d74333ba70 Thread added: 0x000001d743336520


Dynamic libraries:
0x00007ff6fba50000 - 0x00007ff6fba5a000 	C:\Program Files\Android\Android Studio1\jbr\bin\java.exe
0x00007fffb4370000 - 0x00007fffb4568000 	C:\Windows\SYSTEM32\ntdll.dll
0x00007fffb27c0000 - 0x00007fffb2882000 	C:\Windows\System32\KERNEL32.DLL
0x00007fffb1d70000 - 0x00007fffb2066000 	C:\Windows\System32\KERNELBASE.dll
0x00007fffb2230000 - 0x00007fffb2330000 	C:\Windows\System32\ucrtbase.dll
0x00007fff91af0000 - 0x00007fff91b08000 	C:\Program Files\Android\Android Studio1\jbr\bin\jli.dll
0x00007fffb3fb0000 - 0x00007fffb414d000 	C:\Windows\System32\USER32.dll
0x00007fffb2360000 - 0x00007fffb2382000 	C:\Windows\System32\win32u.dll
0x00007fffb3c80000 - 0x00007fffb3cab000 	C:\Windows\System32\GDI32.dll
0x00007fffb1c50000 - 0x00007fffb1d69000 	C:\Windows\System32\gdi32full.dll
0x00007fffb1a50000 - 0x00007fffb1aed000 	C:\Windows\System32\msvcp_win.dll
0x00007fff920a0000 - 0x00007fff920bb000 	C:\Program Files\Android\Android Studio1\jbr\bin\VCRUNTIME140.dll
0x00007fff9e5f0000 - 0x00007fff9e88a000 	C:\Windows\WinSxS\amd64_microsoft.windows.common-controls_6595b64144ccf1df_6.0.19041.5915_none_60b4b9d171f9c7c7\COMCTL32.dll
0x00007fffb4150000 - 0x00007fffb41ee000 	C:\Windows\System32\msvcrt.dll
0x00007fffb3cb0000 - 0x00007fffb3cdf000 	C:\Windows\System32\IMM32.DLL
0x00007fffae140000 - 0x00007fffae14c000 	C:\Program Files\Android\Android Studio1\jbr\bin\vcruntime140_1.dll
0x00007fff86500000 - 0x00007fff8658d000 	C:\Program Files\Android\Android Studio1\jbr\bin\msvcp140.dll
0x00007fff74200000 - 0x00007fff74e8b000 	C:\Program Files\Android\Android Studio1\jbr\bin\server\jvm.dll
0x00007fffb3bb0000 - 0x00007fffb3c61000 	C:\Windows\System32\ADVAPI32.dll
0x00007fffb2950000 - 0x00007fffb29ef000 	C:\Windows\System32\sechost.dll
0x00007fffb3310000 - 0x00007fffb3433000 	C:\Windows\System32\RPCRT4.dll
0x00007fffb2330000 - 0x00007fffb2357000 	C:\Windows\System32\bcrypt.dll
0x00007fffb3d90000 - 0x00007fffb3dfb000 	C:\Windows\System32\WS2_32.dll
0x00007fffb0f90000 - 0x00007fffb0fdb000 	C:\Windows\SYSTEM32\POWRPROF.dll
0x00007fff9e890000 - 0x00007fff9e8b7000 	C:\Windows\SYSTEM32\WINMM.dll
0x00007fffab100000 - 0x00007fffab10a000 	C:\Windows\SYSTEM32\VERSION.dll
0x00007fffb0e00000 - 0x00007fffb0e12000 	C:\Windows\SYSTEM32\UMPDC.dll
0x00007fffb0200000 - 0x00007fffb0212000 	C:\Windows\SYSTEM32\kernel.appcore.dll
0x00007fffabd30000 - 0x00007fffabd3a000 	C:\Program Files\Android\Android Studio1\jbr\bin\jimage.dll
0x00007fff9e930000 - 0x00007fff9eb31000 	C:\Windows\SYSTEM32\DBGHELP.DLL
0x00007fff99ed0000 - 0x00007fff99f04000 	C:\Windows\SYSTEM32\dbgcore.DLL
0x00007fffb2070000 - 0x00007fffb20f2000 	C:\Windows\System32\bcryptPrimitives.dll
0x00007fff977d0000 - 0x00007fff977de000 	C:\Program Files\Android\Android Studio1\jbr\bin\instrument.dll
0x00007fff91a20000 - 0x00007fff91a40000 	C:\Program Files\Android\Android Studio1\jbr\bin\java.dll
0x00007fff91a00000 - 0x00007fff91a18000 	C:\Program Files\Android\Android Studio1\jbr\bin\zip.dll
0x00007fffb3440000 - 0x00007fffb3bae000 	C:\Windows\System32\SHELL32.dll
0x00007fffafa40000 - 0x00007fffb01e4000 	C:\Windows\SYSTEM32\windows.storage.dll
0x00007fffb2390000 - 0x00007fffb26e3000 	C:\Windows\System32\combase.dll
0x00007fffb1430000 - 0x00007fffb145b000 	C:\Windows\SYSTEM32\Wldp.dll
0x00007fffb26f0000 - 0x00007fffb27bd000 	C:\Windows\System32\OLEAUT32.dll
0x00007fffb28a0000 - 0x00007fffb294d000 	C:\Windows\System32\SHCORE.dll
0x00007fffb2b00000 - 0x00007fffb2b5b000 	C:\Windows\System32\shlwapi.dll
0x00007fffb1930000 - 0x00007fffb1954000 	C:\Windows\SYSTEM32\profapi.dll
0x00007fffab5a0000 - 0x00007fffab5b0000 	C:\Program Files\Android\Android Studio1\jbr\bin\net.dll
0x00007fffa88b0000 - 0x00007fffa89ba000 	C:\Windows\SYSTEM32\WINHTTP.dll
0x00007fffb1190000 - 0x00007fffb11fa000 	C:\Windows\system32\mswsock.dll
0x00007fff8d460000 - 0x00007fff8d476000 	C:\Program Files\Android\Android Studio1\jbr\bin\nio.dll
0x00007fffa0530000 - 0x00007fffa0540000 	C:\Program Files\Android\Android Studio1\jbr\bin\verify.dll
0x00007fff8d430000 - 0x00007fff8d457000 	C:\Users\admin\.gradle\native\1def1411415f61bf3af743bc5b6707747c0891f09f0c88961ee8f79bc544acac\windows-amd64\native-platform.dll
0x0000000054c70000 - 0x0000000054ce3000 	C:\Users\admin\.gradle\native\0.2.5\x86_64-windows-gnu\gradle-fileevents.dll
0x00007fff9f390000 - 0x00007fff9f399000 	C:\Program Files\Android\Android Studio1\jbr\bin\management.dll
0x00007fff9db70000 - 0x00007fff9db7b000 	C:\Program Files\Android\Android Studio1\jbr\bin\management_ext.dll
0x00007fffb29f0000 - 0x00007fffb29f8000 	C:\Windows\System32\PSAPI.DLL
0x00007fffb1380000 - 0x00007fffb1398000 	C:\Windows\SYSTEM32\CRYPTSP.dll
0x00007fffb0a40000 - 0x00007fffb0a78000 	C:\Windows\system32\rsaenh.dll
0x00007fffb18b0000 - 0x00007fffb18de000 	C:\Windows\SYSTEM32\USERENV.dll
0x00007fffb13a0000 - 0x00007fffb13ac000 	C:\Windows\SYSTEM32\CRYPTBASE.dll
0x00007fffb0e20000 - 0x00007fffb0e5b000 	C:\Windows\SYSTEM32\IPHLPAPI.DLL
0x00007fffb3c70000 - 0x00007fffb3c78000 	C:\Windows\System32\NSI.dll
0x00007fff98b10000 - 0x00007fff98b19000 	C:\Program Files\Android\Android Studio1\jbr\bin\extnet.dll
0x00007fff93810000 - 0x00007fff93817000 	C:\Windows\system32\wshunix.dll
0x0000000054bf0000 - 0x0000000054c63000 	C:\Users\admin\AppData\Local\Temp\native-platform15785680962715718600dir\gradle-fileevents.dll

dbghelp: loaded successfully - version: 4.0.5 - missing functions: none
symbol engine: initialized successfully - sym options: 0x614 - pdb path: .;C:\Program Files\Android\Android Studio1\jbr\bin;C:\Windows\SYSTEM32;C:\Windows\WinSxS\amd64_microsoft.windows.common-controls_6595b64144ccf1df_6.0.19041.5915_none_60b4b9d171f9c7c7;C:\Program Files\Android\Android Studio1\jbr\bin\server;C:\Users\admin\.gradle\native\1def1411415f61bf3af743bc5b6707747c0891f09f0c88961ee8f79bc544acac\windows-amd64;C:\Users\admin\.gradle\native\0.2.5\x86_64-windows-gnu;C:\Users\admin\AppData\Local\Temp\native-platform15785680962715718600dir

VM Arguments:
jvm_args: --add-opens=java.base/java.lang=ALL-UNNAMED --add-opens=java.base/java.lang.invoke=ALL-UNNAMED --add-opens=java.base/java.util=ALL-UNNAMED --add-opens=java.prefs/java.util.prefs=ALL-UNNAMED --add-exports=jdk.compiler/com.sun.tools.javac.api=ALL-UNNAMED --add-exports=jdk.compiler/com.sun.tools.javac.util=ALL-UNNAMED --add-opens=java.base/java.util=ALL-UNNAMED --add-opens=java.prefs/java.util.prefs=ALL-UNNAMED --add-opens=java.base/java.nio.charset=ALL-UNNAMED --add-opens=java.base/java.net=ALL-UNNAMED --add-opens=java.base/java.util.concurrent.atomic=ALL-UNNAMED --add-opens=java.xml/javax.xml.namespace=ALL-UNNAMED -XX:MaxMetaspaceSize=1G -XX:ReservedCodeCacheSize=256m -XX:+HeapDumpOnOutOfMemoryError -Xmx2G -Dfile.encoding=UTF-8 -Duser.country=US -Duser.language=en -Duser.variant -javaagent:C:\Users\admin\.gradle\wrapper\dists\gradle-8.12-all\ejduaidbjup3bmmkhw3rie4zb\gradle-8.12\lib\agents\gradle-instrumentation-agent-8.12.jar 
java_command: org.gradle.launcher.daemon.bootstrap.GradleDaemon 8.12
java_class_path (initial): C:\Users\admin\.gradle\wrapper\dists\gradle-8.12-all\ejduaidbjup3bmmkhw3rie4zb\gradle-8.12\lib\gradle-daemon-main-8.12.jar
Launcher Type: SUN_STANDARD

[Global flags]
     intx CICompilerCount                          = 3                                         {product} {ergonomic}
   size_t CompressedClassSpaceSize                 = 872415232                                 {product} {ergonomic}
     uint ConcGCThreads                            = 1                                         {product} {ergonomic}
     uint G1ConcRefinementThreads                  = 4                                         {product} {ergonomic}
   size_t G1HeapRegionSize                         = 1048576                                   {product} {ergonomic}
    uintx GCDrainStackTargetSize                   = 64                                        {product} {ergonomic}
     bool HeapDumpOnOutOfMemoryError               = true                                   {manageable} {command line}
   size_t InitialHeapSize                          = 132120576                                 {product} {ergonomic}
   size_t MarkStackSize                            = 4194304                                   {product} {ergonomic}
   size_t MaxHeapSize                              = 2147483648                                {product} {command line}
   size_t MaxMetaspaceSize                         = 1073741824                                {product} {command line}
   size_t MaxNewSize                               = 1287651328                                {product} {ergonomic}
   size_t MinHeapDeltaBytes                        = 1048576                                   {product} {ergonomic}
   size_t MinHeapSize                              = 8388608                                   {product} {ergonomic}
    uintx NonNMethodCodeHeapSize                   = 5832780                                {pd product} {ergonomic}
    uintx NonProfiledCodeHeapSize                  = 131301338                              {pd product} {ergonomic}
    uintx ProfiledCodeHeapSize                     = 131301338                              {pd product} {ergonomic}
    uintx ReservedCodeCacheSize                    = 268435456                              {pd product} {command line}
     bool SegmentedCodeCache                       = true                                      {product} {ergonomic}
   size_t SoftMaxHeapSize                          = 2147483648                             {manageable} {ergonomic}
     bool UseCompressedOops                        = true                           {product lp64_product} {ergonomic}
     bool UseG1GC                                  = true                                      {product} {ergonomic}
     bool UseLargePagesIndividualAllocation        = false                                  {pd product} {ergonomic}

Logging:
Log output configuration:
 #0: stdout all=warning uptime,level,tags foldmultilines=false
 #1: stderr all=off uptime,level,tags foldmultilines=false

Environment Variables:
JAVA_HOME=C:\Program Files\Android\Android Studio1\jbr
CLASSPATH=C:\Users\admin\rapid mixer 6\rapid_mixer\android\\gradle\wrapper\gradle-wrapper.jar
PATH=C:\Program Files\Android\Android Studio1\jbr\bin;c:\\Users\\admin\\.trae\\sdks\\workspaces\\03da0192\\versions\\node\\current;c:\\Users\\admin\\.trae\\sdks\\versions\\node\\current;C:\Program Files\PowerShell\7;C:\Users\admin\flutter\bin\;c:\Users\admin\.trae\sdks\workspaces\03da0192\versions\node\current;c:\Users\admin\.trae\sdks\versions\node\current;C:\Program Files\Common Files\Oracle\Java\javapath;C:\Users\admin\AppData\Local\Programs\Python\Python312;C:\Program Files\dotnet\;C:\Program Files\nodejs\;C:\Users\admin\flutter\bin;C:\Windows\System32\WindowsPowerShell\v1.0;C:\Program Files\Git\cmd;C:\Program Files\Git\bin;C:\Users\admin\AppData\Local\Muse Hub\lib;C:\Users\admin\flutter;C:\Program Files\Git\bin;C:\Users\admin\dev\flutter\bin;C:\Windows\System32;C:\Users\admin\AppData\Local\Programs\Python\Python313\Scripts\;C:\Users\admin\AppData\Local\Programs\Python\Python313\;C:\Users\admin\AppData\Local\Programs\Python\Launcher\;C:\Users\admin\AppData\Local\Muse Hub\lib;C:\Users\admin\AppData\Local\Programs\Microsoft VS Code\bin;C:\Users\admin\AppData\Roaming\npm;C:\Users\admin\flutter\bin;C:\Program Files\Git\cmd;C:\Users\admin\dev\flutter\bin;C:\Users\admin\AppData\Local\Programs\Kiro\bin;c:\Users\admin\.trae\extensions\ms-python.debugpy-2025.6.0-win32-x64\bundled\scripts\noConfigScripts;C:\Users\admin\flutter\bin\mingit\cmd
USERNAME=admin
LANG=en_US.UTF-8
OS=Windows_NT
PROCESSOR_IDENTIFIER=Intel64 Family 6 Model 78 Stepping 3, GenuineIntel
TMP=C:\Users\admin\AppData\Local\Temp
TEMP=C:\Users\admin\AppData\Local\Temp




Periodic native trim disabled

JNI global refs:
JNI global refs: 27, weak refs: 0

JNI global refs memory usage: 835, weak refs: 833

Process memory usage:
Resident Set Size: 440344K (5% of 8240804K total physical memory with 493588K free physical memory)

OOME stack traces (most recent first):
Classloader memory used:
Loader org.gradle.internal.classloader.VisitableURLClassLoader                         : 21910K
Loader bootstrap                                                                       : 20349K
Loader org.gradle.initialization.MixInLegacyTypesClassLoader                           : 2641K
Loader jdk.internal.loader.ClassLoaders$PlatformClassLoader                            : 499K
Loader jdk.internal.loader.ClassLoaders$AppClassLoader                                 : 232K

Classes loaded by more than one classloader:
Class org.gradle.internal.classloader.FilteringClassLoader                            : loaded 2 times (x 101B)
Class org.gradle.internal.classloader.ClassLoaderHierarchy                            : loaded 2 times (x 66B)
Class org.gradle.api.internal.classpath.ManifestUtil                                  : loaded 2 times (x 67B)
Class org.gradle.internal.classloader.DefaultClassLoaderFactory                       : loaded 2 times (x 78B)
Class org.gradle.internal.classloader.ClassLoaderVisitor                              : loaded 2 times (x 72B)
Class org.gradle.api.internal.classpath.EffectiveClassPath                            : loaded 2 times (x 86B)
Class org.gradle.api.internal.DefaultClassPathProvider                                : loaded 2 times (x 72B)
Class [Lorg.gradle.api.internal.ClassPathProvider;                                    : loaded 2 times (x 65B)
Class org.gradle.api.internal.ClassPathProvider                                       : loaded 2 times (x 66B)
Class org.gradle.internal.service.UnknownServiceException                             : loaded 2 times (x 79B)
Class org.gradle.internal.classpath.TransformedClassPath                              : loaded 2 times (x 92B)
Class org.gradle.internal.classloader.InstrumentingClassLoader                        : loaded 2 times (x 66B)
Class org.gradle.internal.service.ServiceLocator                                      : loaded 2 times (x 66B)
Class org.gradle.internal.InternalTransformer                                         : loaded 2 times (x 66B)
Class org.gradle.internal.classloader.ClasspathUtil$1                                 : loaded 2 times (x 72B)
Class org.gradle.api.internal.classpath.DefaultModuleRegistry$DefaultModule           : loaded 2 times (x 82B)
Class org.gradle.api.internal.classpath.Module                                        : loaded 2 times (x 66B)
Class org.gradle.api.internal.classpath.UnknownModuleException                        : loaded 2 times (x 78B)
Class org.gradle.api.internal.DefaultClassPathRegistry                                : loaded 2 times (x 72B)
Class org.gradle.api.internal.ClassPathRegistry                                       : loaded 2 times (x 66B)
Class org.gradle.internal.classpath.DefaultClassPath$ImmutableUniqueList              : loaded 2 times (x 195B)
Class org.gradle.internal.classpath.ClassPath                                         : loaded 2 times (x 66B)
Class org.gradle.api.UncheckedIOException                                             : loaded 2 times (x 78B)
Class org.gradle.internal.installation.GradleInstallation$1                           : loaded 2 times (x 71B)
Class org.gradle.api.internal.classpath.ModuleRegistry                                : loaded 2 times (x 66B)
Class org.gradle.api.internal.classpath.DefaultModuleRegistry                         : loaded 2 times (x 82B)
Class org.gradle.internal.service.ServiceLookupException                              : loaded 2 times (x 78B)
Class org.gradle.internal.classloader.ClassLoaderFactory                              : loaded 2 times (x 66B)
Class org.gradle.internal.service.CachingServiceLocator                               : loaded 2 times (x 78B)
Class org.gradle.internal.classloader.ClasspathUtil                                   : loaded 2 times (x 67B)
Class org.gradle.api.specs.Spec                                                       : loaded 2 times (x 66B)
Class org.gradle.internal.classloader.VisitableURLClassLoader$InstrumentingVisitableURLClassLoader: loaded 2 times (x 119B)
Class org.gradle.internal.classloader.VisitableURLClassLoader$Spec                    : loaded 2 times (x 70B)
Class org.gradle.internal.classpath.DefaultClassPath                                  : loaded 2 times (x 86B)
Class org.gradle.internal.classloader.ClassLoaderSpec                                 : loaded 2 times (x 67B)
Class org.gradle.internal.classloader.VisitableURLClassLoader                         : loaded 2 times (x 113B)
Class org.gradle.internal.Cast                                                        : loaded 2 times (x 67B)
Class org.gradle.api.Action                                                           : loaded 2 times (x 66B)
Class org.gradle.internal.classpath.DefaultClassPath$ImmutableUniqueList$Builder      : loaded 2 times (x 71B)
Class org.gradle.api.GradleException                                                  : loaded 2 times (x 78B)
Class org.gradle.internal.IoActions                                                   : loaded 2 times (x 67B)
Class org.gradle.internal.classloader.SystemClassLoaderSpec                           : loaded 2 times (x 67B)
Class org.gradle.api.internal.classpath.GlobalCacheRootsProvider                      : loaded 2 times (x 66B)
Class org.gradle.internal.installation.CurrentGradleInstallationLocator               : loaded 2 times (x 67B)
Class org.gradle.internal.service.DefaultServiceLocator                               : loaded 2 times (x 79B)
Class org.gradle.internal.installation.CurrentGradleInstallation                      : loaded 2 times (x 69B)
Class org.gradle.util.internal.GUtil                                                  : loaded 2 times (x 67B)
Class org.gradle.internal.installation.GradleInstallation                             : loaded 2 times (x 71B)

---------------  S Y S T E M  ---------------

OS:
 Windows 10 , 64 bit Build 19041 (10.0.19041.5915)
OS uptime: 7 days 4:48 hours

CPU: total 4 (initial active 4) (2 cores per cpu, 2 threads per core) family 6 model 78 stepping 3 microcode 0xf0, cx8, cmov, fxsr, ht, mmx, 3dnowpref, sse, sse2, sse3, ssse3, sse4.1, sse4.2, popcnt, lzcnt, tsc, tscinvbit, avx, avx2, aes, erms, clmul, bmi1, bmi2, rtm, adx, fma, vzeroupper, clflush, clflushopt, rdtscp, f16c
Processor Information for the first 4 processors :
  Max Mhz: 2496, Current Mhz: 2396, Mhz Limit: 2396

Memory: 4k page, system-wide physical 8047M (480M free)
TotalPageFile size 32623M (AvailPageFile size 8M)
current process WorkingSet (physical memory assigned to process): 430M, peak: 430M
current process commit charge ("private bytes"): 464M, peak: 467M

vm_info: OpenJDK 64-Bit Server VM (21.0.6+-13368085-b895.109) for windows-amd64 JRE (21.0.6+-13368085-b895.109), built on 2025-04-16T17:01:31Z by "builder" with MS VC++ 16.10 / 16.11 (VS2019)

END.
