#
# There is insufficient memory for the Java Runtime Environment to continue.
# Native memory allocation (malloc) failed to allocate 1049776 bytes. Error detail: Chunk::new
# Possible reasons:
#   The system is out of physical RAM or swap space
#   This process is running with CompressedOops enabled, and the Java Heap may be blocking the growth of the native heap
# Possible solutions:
#   Reduce memory load on the system
#   Increase physical memory or swap space
#   Check if swap backing store is full
#   Decrease Java heap size (-Xmx/-Xms)
#   Decrease number of Java threads
#   Decrease Java thread stack sizes (-Xss)
#   Set larger code cache with -XX:ReservedCodeCacheSize=
#   JVM is running with Zero Based Compressed Oops mode in which the Java heap is
#     placed in the first 32GB address space. The Java Heap base address is the
#     maximum limit for the native heap growth. Please use -XX:HeapBaseMinAddress
#     to set the Java Heap base and to place the Java Heap above 32GB virtual address.
# This output file may be truncated or incomplete.
#
#  Out of Memory Error (arena.cpp:168), pid=22840, tid=21936
#
# JRE version: OpenJDK Runtime Environment (21.0.6) (build 21.0.6+-13368085-b895.109)
# Java VM: OpenJDK 64-Bit Server VM (21.0.6+-13368085-b895.109, mixed mode, tiered, compressed oops, compressed class ptrs, g1 gc, windows-amd64)
# No core dump will be written. Minidumps are not enabled by default on client versions of Windows
#

---------------  S U M M A R Y ------------

Command Line: --add-opens=java.base/java.lang=ALL-UNNAMED --add-opens=java.base/java.lang.invoke=ALL-UNNAMED --add-opens=java.base/java.util=ALL-UNNAMED --add-opens=java.prefs/java.util.prefs=ALL-UNNAMED --add-exports=jdk.compiler/com.sun.tools.javac.api=ALL-UNNAMED --add-exports=jdk.compiler/com.sun.tools.javac.util=ALL-UNNAMED --add-opens=java.base/java.util=ALL-UNNAMED --add-opens=java.prefs/java.util.prefs=ALL-UNNAMED --add-opens=java.base/java.nio.charset=ALL-UNNAMED --add-opens=java.base/java.net=ALL-UNNAMED --add-opens=java.base/java.util.concurrent.atomic=ALL-UNNAMED --add-opens=java.xml/javax.xml.namespace=ALL-UNNAMED -XX:MaxMetaspaceSize=4G -XX:ReservedCodeCacheSize=512m -XX:+HeapDumpOnOutOfMemoryError -Xmx8G -Dfile.encoding=UTF-8 -Duser.country=US -Duser.language=en -Duser.variant -javaagent:C:\Users\admin\.gradle\wrapper\dists\gradle-8.12-all\ejduaidbjup3bmmkhw3rie4zb\gradle-8.12\lib\agents\gradle-instrumentation-agent-8.12.jar org.gradle.launcher.daemon.bootstrap.GradleDaemon 8.12

Host: Intel(R) Core(TM) i5-6300U CPU @ 2.40GHz, 4 cores, 7G,  Windows 10 , 64 bit Build 19041 (10.0.19041.5915)
Time: Sun Aug 10 13:06:33 2025 Sri Lanka Standard Time elapsed time: 8.943856 seconds (0d 0h 0m 8s)

---------------  T H R E A D  ---------------

Current thread (0x000001ee13552ed0):  JavaThread "C2 CompilerThread1" daemon [_thread_in_native, id=21936, stack(0x000000201b300000,0x000000201b400000) (1024K)]


Current CompileTask:
C2:8943 4615       4       org.objectweb.asm.ClassReader::readCode (5117 bytes)

Stack: [0x000000201b300000,0x000000201b400000]
Native frames: (J=compiled Java code, j=interpreted, Vv=VM code, C=native code)
V  [jvm.dll+0x6d0639]
V  [jvm.dll+0x85eb03]
V  [jvm.dll+0x86105e]
V  [jvm.dll+0x861743]
V  [jvm.dll+0x27e6e6]
V  [jvm.dll+0xbff6d]
V  [jvm.dll+0xc04a3]
V  [jvm.dll+0x2f2780]
V  [jvm.dll+0x5fa409]
V  [jvm.dll+0x250d92]
V  [jvm.dll+0x25114f]
V  [jvm.dll+0x2498f5]
V  [jvm.dll+0x24714e]
V  [jvm.dll+0x1c5f04]
V  [jvm.dll+0x2569ac]
V  [jvm.dll+0x254ef6]
V  [jvm.dll+0x3f0e96]
V  [jvm.dll+0x806ed8]
V  [jvm.dll+0x6cef0d]
C  [ucrtbase.dll+0x21bb2]
C  [KERNEL32.DLL+0x17374]
C  [ntdll.dll+0x4cc91]


---------------  P R O C E S S  ---------------

Threads class SMR info:
_java_thread_list=0x000001ee12600cf0, length=29, elements={
0x000001ee59a9acd0, 0x000001ee0b7c0a70, 0x000001ee0b7c3f30, 0x000001ee0b7a8050,
0x000001ee0b7a9540, 0x000001ee0b7aa730, 0x000001ee0b7ac930, 0x000001ee0b7cfdd0,
0x000001ee0b7d1000, 0x000001ee0b8e0e10, 0x000001ee0baa4410, 0x000001ee108107e0,
0x000001ee103762f0, 0x000001ee10374fc0, 0x000001ee11ae51c0, 0x000001ee11904330,
0x000001ee11904990, 0x000001ee11aefc70, 0x000001ee119a2e50, 0x000001ee119a06f0,
0x000001ee119a1410, 0x000001ee119a1aa0, 0x000001ee119a34e0, 0x000001ee119a2130,
0x000001ee119a27c0, 0x000001ee119a0060, 0x000001ee119a0d80, 0x000001ee1290b760,
0x000001ee13552ed0
}

Java Threads: ( => current thread )
  0x000001ee59a9acd0 JavaThread "main"                              [_thread_blocked, id=34012, stack(0x0000002019f00000,0x000000201a000000) (1024K)]
  0x000001ee0b7c0a70 JavaThread "Reference Handler"          daemon [_thread_blocked, id=41648, stack(0x000000201a700000,0x000000201a800000) (1024K)]
  0x000001ee0b7c3f30 JavaThread "Finalizer"                  daemon [_thread_blocked, id=39816, stack(0x000000201a800000,0x000000201a900000) (1024K)]
  0x000001ee0b7a8050 JavaThread "Signal Dispatcher"          daemon [_thread_blocked, id=41420, stack(0x000000201a900000,0x000000201aa00000) (1024K)]
  0x000001ee0b7a9540 JavaThread "Attach Listener"            daemon [_thread_blocked, id=6192, stack(0x000000201aa00000,0x000000201ab00000) (1024K)]
  0x000001ee0b7aa730 JavaThread "Service Thread"             daemon [_thread_blocked, id=3860, stack(0x000000201ab00000,0x000000201ac00000) (1024K)]
  0x000001ee0b7ac930 JavaThread "Monitor Deflation Thread"   daemon [_thread_blocked, id=17044, stack(0x000000201ac00000,0x000000201ad00000) (1024K)]
  0x000001ee0b7cfdd0 JavaThread "C2 CompilerThread0"         daemon [_thread_in_native, id=30140, stack(0x000000201ad00000,0x000000201ae00000) (1024K)]
  0x000001ee0b7d1000 JavaThread "C1 CompilerThread0"         daemon [_thread_blocked, id=27380, stack(0x000000201ae00000,0x000000201af00000) (1024K)]
  0x000001ee0b8e0e10 JavaThread "Common-Cleaner"             daemon [_thread_blocked, id=12580, stack(0x000000201af00000,0x000000201b000000) (1024K)]
  0x000001ee0baa4410 JavaThread "Notification Thread"        daemon [_thread_blocked, id=38652, stack(0x000000201b000000,0x000000201b100000) (1024K)]
  0x000001ee108107e0 JavaThread "Daemon health stats"               [_thread_blocked, id=6496, stack(0x000000201b500000,0x000000201b600000) (1024K)]
  0x000001ee103762f0 JavaThread "Incoming local TCP Connector on port 51026"        [_thread_in_native, id=39456, stack(0x000000201b600000,0x000000201b700000) (1024K)]
  0x000001ee10374fc0 JavaThread "Daemon periodic checks"            [_thread_blocked, id=11612, stack(0x000000201b700000,0x000000201b800000) (1024K)]
  0x000001ee11ae51c0 JavaThread "Daemon"                            [_thread_blocked, id=15340, stack(0x000000201b800000,0x000000201b900000) (1024K)]
  0x000001ee11904330 JavaThread "Handler for socket connection from /127.0.0.1:51026 to /127.0.0.1:51027"        [_thread_in_native, id=27328, stack(0x000000201b900000,0x000000201ba00000) (1024K)]
  0x000001ee11904990 JavaThread "Cancel handler"                    [_thread_blocked, id=39040, stack(0x000000201ba00000,0x000000201bb00000) (1024K)]
  0x000001ee11aefc70 JavaThread "Daemon worker"                     [_thread_in_Java, id=27512, stack(0x000000201bb00000,0x000000201bc00000) (1024K)]
  0x000001ee119a2e50 JavaThread "Asynchronous log dispatcher for DefaultDaemonConnection: socket connection from /127.0.0.1:51026 to /127.0.0.1:51027"        [_thread_blocked, id=25772, stack(0x000000201bc00000,0x000000201bd00000) (1024K)]
  0x000001ee119a06f0 JavaThread "Stdin handler"                     [_thread_blocked, id=13144, stack(0x000000201bd00000,0x000000201be00000) (1024K)]
  0x000001ee119a1410 JavaThread "Daemon client event forwarder"        [_thread_blocked, id=9096, stack(0x000000201be00000,0x000000201bf00000) (1024K)]
  0x000001ee119a1aa0 JavaThread "Cache worker for journal cache (C:\Users\admin\.gradle\caches\journal-1)"        [_thread_blocked, id=38236, stack(0x000000201bf00000,0x000000201c000000) (1024K)]
  0x000001ee119a34e0 JavaThread "File lock request listener"        [_thread_in_native, id=41340, stack(0x000000201c000000,0x000000201c100000) (1024K)]
  0x000001ee119a2130 JavaThread "Cache worker for file hash cache (C:\Users\admin\.gradle\caches\8.12\fileHashes)"        [_thread_blocked, id=36664, stack(0x000000201c100000,0x000000201c200000) (1024K)]
  0x000001ee119a27c0 JavaThread "Cache worker for file hash cache (C:\Users\admin\rapid mixer 6\rapid_mixer\android\.gradle\8.12\fileHashes)"        [_thread_blocked, id=32284, stack(0x000000201c200000,0x000000201c300000) (1024K)]
  0x000001ee119a0060 JavaThread "Cache worker for Build Output Cleanup Cache (C:\Users\admin\rapid mixer 6\rapid_mixer\android\.gradle\buildOutputCleanup)"        [_thread_blocked, id=39856, stack(0x000000201c300000,0x000000201c400000) (1024K)]
  0x000001ee119a0d80 JavaThread "File watcher server"        daemon [_thread_in_native, id=30132, stack(0x000000201c400000,0x000000201c500000) (1024K)]
  0x000001ee1290b760 JavaThread "File watcher consumer"      daemon [_thread_blocked, id=17524, stack(0x000000201c500000,0x000000201c600000) (1024K)]
=>0x000001ee13552ed0 JavaThread "C2 CompilerThread1"         daemon [_thread_in_native, id=21936, stack(0x000000201b300000,0x000000201b400000) (1024K)]
Total: 29

Other Threads:
  0x000001ee0b5244a0 VMThread "VM Thread"                           [id=31492, stack(0x000000201a600000,0x000000201a700000) (1024K)]
  0x000001ee0b48f940 WatcherThread "VM Periodic Task Thread"        [id=41180, stack(0x000000201a500000,0x000000201a600000) (1024K)]
  0x000001ee5bddf7d0 WorkerThread "GC Thread#0"                     [id=27152, stack(0x000000201a000000,0x000000201a100000) (1024K)]
  0x000001ee100298e0 WorkerThread "GC Thread#1"                     [id=33532, stack(0x000000201b100000,0x000000201b200000) (1024K)]
  0x000001ee10029c80 WorkerThread "GC Thread#2"                     [id=32188, stack(0x000000201b200000,0x000000201b300000) (1024K)]
  0x000001ee10758f10 WorkerThread "GC Thread#3"                     [id=40996, stack(0x000000201b400000,0x000000201b500000) (1024K)]
  0x000001ee5bdf1930 ConcurrentGCThread "G1 Main Marker"            [id=38072, stack(0x000000201a100000,0x000000201a200000) (1024K)]
  0x000001ee5bdf2bd0 WorkerThread "G1 Conc#0"                       [id=9484, stack(0x000000201a200000,0x000000201a300000) (1024K)]
  0x000001ee0b362a40 ConcurrentGCThread "G1 Refine#0"               [id=27356, stack(0x000000201a300000,0x000000201a400000) (1024K)]
  0x000001ee0b3633c0 ConcurrentGCThread "G1 Service"                [id=38668, stack(0x000000201a400000,0x000000201a500000) (1024K)]
Total: 10

Threads with active compile tasks:
C2 CompilerThread0  9000 4635       4       org.objectweb.asm.MethodWriter::<init> (232 bytes)
C2 CompilerThread1  9000 4615       4       org.objectweb.asm.ClassReader::readCode (5117 bytes)
Total: 2

VM state: not at safepoint (normal execution)

VM Mutex/Monitor currently owned by a thread: None

Heap address: 0x0000000600000000, size: 8192 MB, Compressed Oops mode: Zero based, Oop shift amount: 3

CDS archive(s) not mapped
Compressed class space mapped at: 0x0000000800000000-0x0000000840000000, reserved size: 1073741824
Narrow klass base: 0x0000000800000000, Narrow klass shift: 0, Narrow klass range: 0x40000000

GC Precious Log:
 CardTable entry size: 512
 Card Set container configuration: InlinePtr #cards 4 size 8 Array Of Cards #cards 32 size 80 Howl #buckets 8 coarsen threshold 7372 Howl Bitmap #cards 1024 size 144 coarsen threshold 921 Card regions per heap region 1 cards per card region 8192
 CPUs: 4 total, 4 available
 Memory: 8047M
 Large Page Support: Disabled
 NUMA Support: Disabled
 Compressed Oops: Enabled (Zero based)
 Heap Region Size: 4M
 Heap Min Capacity: 8M
 Heap Initial Capacity: 128M
 Heap Max Capacity: 8G
 Pre-touch: Disabled
 Parallel Workers: 4
 Concurrent Workers: 1
 Concurrent Refinement Workers: 4
 Periodic GC: Disabled

Heap:
 garbage-first heap   total 118784K, used 59824K [0x0000000600000000, 0x0000000800000000)
  region size 4096K, 9 young (36864K), 1 survivors (4096K)
 Metaspace       used 45446K, committed 46464K, reserved 1114112K
  class space    used 5761K, committed 6272K, reserved 1048576K

Heap Regions: E=young(eden), S=young(survivor), O=old, HS=humongous(starts), HC=humongous(continues), CS=collection set, F=free, TAMS=top-at-mark-start, PB=parsable bottom
|   0|0x0000000600000000, 0x0000000600400000, 0x0000000600400000|100%| O|  |TAMS 0x0000000600000000| PB 0x0000000600000000| Untracked 
|   1|0x0000000600400000, 0x0000000600800000, 0x0000000600800000|100%|HS|  |TAMS 0x0000000600400000| PB 0x0000000600400000| Complete 
|   2|0x0000000600800000, 0x0000000600c00000, 0x0000000600c00000|100%| O|  |TAMS 0x0000000600800000| PB 0x0000000600800000| Untracked 
|   3|0x0000000600c00000, 0x0000000601000000, 0x0000000601000000|100%| O|  |TAMS 0x0000000600c00000| PB 0x0000000600c00000| Untracked 
|   4|0x0000000601000000, 0x0000000601400000, 0x0000000601400000|100%| O|  |TAMS 0x0000000601000000| PB 0x0000000601000000| Untracked 
|   5|0x0000000601400000, 0x0000000601800000, 0x0000000601800000|100%| O|  |TAMS 0x0000000601400000| PB 0x0000000601400000| Untracked 
|   6|0x0000000601800000, 0x0000000601c00000, 0x0000000601c00000|100%| O|  |TAMS 0x0000000601800000| PB 0x0000000601800000| Untracked 
|   7|0x0000000601c00000, 0x0000000601d8b780, 0x0000000602000000| 38%| O|  |TAMS 0x0000000601c00000| PB 0x0000000601c00000| Untracked 
|   8|0x0000000602000000, 0x0000000602000000, 0x0000000602400000|  0%| F|  |TAMS 0x0000000602000000| PB 0x0000000602000000| Untracked 
|   9|0x0000000602400000, 0x0000000602400000, 0x0000000602800000|  0%| F|  |TAMS 0x0000000602400000| PB 0x0000000602400000| Untracked 
|  10|0x0000000602800000, 0x00000006028e08e0, 0x0000000602c00000| 21%| S|CS|TAMS 0x0000000602800000| PB 0x0000000602800000| Complete 
|  11|0x0000000602c00000, 0x0000000602c00000, 0x0000000603000000|  0%| F|  |TAMS 0x0000000602c00000| PB 0x0000000602c00000| Untracked 
|  12|0x0000000603000000, 0x0000000603000000, 0x0000000603400000|  0%| F|  |TAMS 0x0000000603000000| PB 0x0000000603000000| Untracked 
|  13|0x0000000603400000, 0x0000000603400000, 0x0000000603800000|  0%| F|  |TAMS 0x0000000603400000| PB 0x0000000603400000| Untracked 
|  14|0x0000000603800000, 0x0000000603800000, 0x0000000603c00000|  0%| F|  |TAMS 0x0000000603800000| PB 0x0000000603800000| Untracked 
|  15|0x0000000603c00000, 0x0000000603c00000, 0x0000000604000000|  0%| F|  |TAMS 0x0000000603c00000| PB 0x0000000603c00000| Untracked 
|  16|0x0000000604000000, 0x0000000604000000, 0x0000000604400000|  0%| F|  |TAMS 0x0000000604000000| PB 0x0000000604000000| Untracked 
|  17|0x0000000604400000, 0x0000000604400000, 0x0000000604800000|  0%| F|  |TAMS 0x0000000604400000| PB 0x0000000604400000| Untracked 
|  18|0x0000000604800000, 0x0000000604800000, 0x0000000604c00000|  0%| F|  |TAMS 0x0000000604800000| PB 0x0000000604800000| Untracked 
|  19|0x0000000604c00000, 0x0000000604c00000, 0x0000000605000000|  0%| F|  |TAMS 0x0000000604c00000| PB 0x0000000604c00000| Untracked 
|  20|0x0000000605000000, 0x0000000605000000, 0x0000000605400000|  0%| F|  |TAMS 0x0000000605000000| PB 0x0000000605000000| Untracked 
|  21|0x0000000605400000, 0x0000000605800000, 0x0000000605800000|100%| E|  |TAMS 0x0000000605400000| PB 0x0000000605400000| Complete 
|  22|0x0000000605800000, 0x0000000605c00000, 0x0000000605c00000|100%| E|CS|TAMS 0x0000000605800000| PB 0x0000000605800000| Complete 
|  23|0x0000000605c00000, 0x0000000606000000, 0x0000000606000000|100%| E|CS|TAMS 0x0000000605c00000| PB 0x0000000605c00000| Complete 
|  24|0x0000000606000000, 0x0000000606400000, 0x0000000606400000|100%| E|CS|TAMS 0x0000000606000000| PB 0x0000000606000000| Complete 
|  25|0x0000000606400000, 0x0000000606800000, 0x0000000606800000|100%| E|CS|TAMS 0x0000000606400000| PB 0x0000000606400000| Complete 
|  26|0x0000000606800000, 0x0000000606c00000, 0x0000000606c00000|100%| E|CS|TAMS 0x0000000606800000| PB 0x0000000606800000| Complete 
|  27|0x0000000606c00000, 0x0000000607000000, 0x0000000607000000|100%| E|CS|TAMS 0x0000000606c00000| PB 0x0000000606c00000| Complete 
|  31|0x0000000607c00000, 0x0000000608000000, 0x0000000608000000|100%| E|CS|TAMS 0x0000000607c00000| PB 0x0000000607c00000| Complete 

Card table byte_map: [0x000001ee00000000,0x000001ee01000000] _byte_map_base: 0x000001edfd000000

Marking Bits: (CMBitMap*) 0x000001ee5bde0ee0
 Bits: [0x000001ee01000000, 0x000001ee09000000)

Polling page: 0x000001ee59a50000

Metaspace:

Usage:
  Non-class:     38.76 MB used.
      Class:      5.63 MB used.
       Both:     44.38 MB used.

Virtual space:
  Non-class space:       64.00 MB reserved,      39.25 MB ( 61%) committed,  1 nodes.
      Class space:        1.00 GB reserved,       6.12 MB ( <1%) committed,  1 nodes.
             Both:        1.06 GB reserved,      45.38 MB (  4%) committed. 

Chunk freelists:
   Non-Class:  8.80 MB
       Class:  9.78 MB
        Both:  18.58 MB

MaxMetaspaceSize: 4.00 GB
CompressedClassSpaceSize: 1.00 GB
Initial GC threshold: 21.00 MB
Current GC threshold: 59.62 MB
CDS: off
 - commit_granule_bytes: 65536.
 - commit_granule_words: 8192.
 - virtual_space_node_default_size: 8388608.
 - enlarge_chunks_in_place: 1.
 - use_allocation_guard: 0.


Internal statistics:

num_allocs_failed_limit: 9.
num_arena_births: 1616.
num_arena_deaths: 0.
num_vsnodes_births: 2.
num_vsnodes_deaths: 0.
num_space_committed: 726.
num_space_uncommitted: 0.
num_chunks_returned_to_freelist: 9.
num_chunks_taken_from_freelist: 3091.
num_chunk_merges: 9.
num_chunk_splits: 2044.
num_chunks_enlarged: 1332.
num_inconsistent_stats: 0.

CodeHeap 'non-profiled nmethods': size=259264Kb used=2649Kb max_used=2649Kb free=256614Kb
 bounds [0x000001ee6f160000, 0x000001ee6f400000, 0x000001ee7ee90000]
CodeHeap 'profiled nmethods': size=259264Kb used=8586Kb max_used=8586Kb free=250677Kb
 bounds [0x000001ee5ee90000, 0x000001ee5f700000, 0x000001ee6ebc0000]
CodeHeap 'non-nmethods': size=5760Kb used=1914Kb max_used=2032Kb free=3845Kb
 bounds [0x000001ee6ebc0000, 0x000001ee6ee30000, 0x000001ee6f160000]
 total_blobs=4945 nmethods=4243 adapters=605
 compilation: enabled
              stopped_count=0, restarted_count=0
 full_count=0

Compilation events (20 events):
Event: 8.853 Thread 0x000001ee0b7d1000 nmethod 4630 0x000001ee5f6f2210 code [0x000001ee5f6f23c0, 0x000001ee5f6f24e8]
Event: 8.878 Thread 0x000001ee0b7cfdd0 nmethod 4622 0x000001ee6f3eda10 code [0x000001ee6f3edc80, 0x000001ee6f3eefd0]
Event: 8.878 Thread 0x000001ee0b7cfdd0 4628       4       org.objectweb.asm.ByteVector::putUTF8 (144 bytes)
Event: 8.884 Thread 0x000001ee0b7cfdd0 nmethod 4628 0x000001ee6f3ef910 code [0x000001ee6f3efae0, 0x000001ee6f3eff18]
Event: 8.884 Thread 0x000001ee0b7cfdd0 4629       4       org.objectweb.asm.ClassReader::readUtf (161 bytes)
Event: 8.894 Thread 0x000001ee0b7cfdd0 nmethod 4629 0x000001ee6f3f0290 code [0x000001ee6f3f0460, 0x000001ee6f3f0cb0]
Event: 8.894 Thread 0x000001ee0b7cfdd0 4621       4       org.objectweb.asm.ClassReader::readUtf (44 bytes)
Event: 8.899 Thread 0x000001ee0b7cfdd0 nmethod 4621 0x000001ee6f3f1190 code [0x000001ee6f3f1340, 0x000001ee6f3f1698]
Event: 8.899 Thread 0x000001ee0b7cfdd0 4618       4       org.objectweb.asm.ClassReader::<init> (359 bytes)
Event: 8.921 Thread 0x000001ee0b7cfdd0 nmethod 4618 0x000001ee6f3f1910 code [0x000001ee6f3f1b20, 0x000001ee6f3f2900]
Event: 8.921 Thread 0x000001ee0b7cfdd0 4617       4       org.objectweb.asm.ClassReader::readClass (7 bytes)
Event: 8.922 Thread 0x000001ee0b7cfdd0 nmethod 4617 0x000001ee6f3f2e10 code [0x000001ee6f3f2fc0, 0x000001ee6f3f3170]
Event: 8.922 Thread 0x000001ee0b7cfdd0 4619       4       org.objectweb.asm.SymbolTable$Entry::<init> (18 bytes)
Event: 8.925 Thread 0x000001ee0b7cfdd0 nmethod 4619 0x000001ee6f3f3310 code [0x000001ee6f3f34a0, 0x000001ee6f3f37a0]
Event: 8.925 Thread 0x000001ee0b7cfdd0 4616       4       org.objectweb.asm.Attribute::putAttributes (78 bytes)
Event: 8.930 Thread 0x000001ee0b7cfdd0 nmethod 4616 0x000001ee6f3f3890 code [0x000001ee6f3f3ac0, 0x000001ee6f3f3e70]
Event: 8.930 Thread 0x000001ee0b7cfdd0 4631       4       org.gradle.api.internal.runtimeshaded.RuntimeShadedJarCreator$ShadingClassRemapper$1::visitFieldInsn (66 bytes)
Event: 8.932 Thread 0x000001ee0b7cfdd0 nmethod 4631 0x000001ee6f3f4210 code [0x000001ee6f3f43e0, 0x000001ee6f3f45e0]
Event: 8.932 Thread 0x000001ee0b7d1000 4632       3       jdk.internal.misc.Unsafe::putIntOpaque (9 bytes)
Event: 8.932 Thread 0x000001ee0b7d1000 nmethod 4632 0x000001ee5f6f2590 code [0x000001ee5f6f2720, 0x000001ee5f6f2838]

GC Heap History (20 events):
Event: 0.357 GC heap before
{Heap before GC invocations=0 (full 0):
 garbage-first heap   total 131072K, used 8192K [0x0000000600000000, 0x0000000800000000)
  region size 4096K, 2 young (8192K), 0 survivors (0K)
 Metaspace       used 7335K, committed 7424K, reserved 1114112K
  class space    used 665K, committed 704K, reserved 1048576K
}
Event: 0.359 GC heap after
{Heap after GC invocations=1 (full 0):
 garbage-first heap   total 131072K, used 1207K [0x0000000600000000, 0x0000000800000000)
  region size 4096K, 1 young (4096K), 1 survivors (4096K)
 Metaspace       used 7335K, committed 7424K, reserved 1114112K
  class space    used 665K, committed 704K, reserved 1048576K
}
Event: 0.632 GC heap before
{Heap before GC invocations=1 (full 0):
 garbage-first heap   total 131072K, used 13495K [0x0000000600000000, 0x0000000800000000)
  region size 4096K, 5 young (20480K), 1 survivors (4096K)
 Metaspace       used 8013K, committed 8192K, reserved 1114112K
  class space    used 709K, committed 768K, reserved 1048576K
}
Event: 0.636 GC heap after
{Heap after GC invocations=2 (full 0):
 garbage-first heap   total 131072K, used 4701K [0x0000000600000000, 0x0000000800000000)
  region size 4096K, 1 young (4096K), 1 survivors (4096K)
 Metaspace       used 8013K, committed 8192K, reserved 1114112K
  class space    used 709K, committed 768K, reserved 1048576K
}
Event: 2.076 GC heap before
{Heap before GC invocations=2 (full 0):
 garbage-first heap   total 131072K, used 78429K [0x0000000600000000, 0x0000000800000000)
  region size 4096K, 19 young (77824K), 1 survivors (4096K)
 Metaspace       used 12473K, committed 12736K, reserved 1114112K
  class space    used 1328K, committed 1472K, reserved 1048576K
}
Event: 2.089 GC heap after
{Heap after GC invocations=3 (full 0):
 garbage-first heap   total 131072K, used 17011K [0x0000000600000000, 0x0000000800000000)
  region size 4096K, 3 young (12288K), 3 survivors (12288K)
 Metaspace       used 12473K, committed 12736K, reserved 1114112K
  class space    used 1328K, committed 1472K, reserved 1048576K
}
Event: 3.044 GC heap before
{Heap before GC invocations=3 (full 0):
 garbage-first heap   total 131072K, used 45683K [0x0000000600000000, 0x0000000800000000)
  region size 4096K, 11 young (45056K), 3 survivors (12288K)
 Metaspace       used 21167K, committed 21504K, reserved 1114112K
  class space    used 2438K, committed 2624K, reserved 1048576K
}
Event: 3.056 GC heap after
{Heap after GC invocations=4 (full 0):
 garbage-first heap   total 131072K, used 21031K [0x0000000600000000, 0x0000000800000000)
  region size 4096K, 2 young (8192K), 2 survivors (8192K)
 Metaspace       used 21167K, committed 21504K, reserved 1114112K
  class space    used 2438K, committed 2624K, reserved 1048576K
}
Event: 4.988 GC heap before
{Heap before GC invocations=5 (full 0):
 garbage-first heap   total 98304K, used 90663K [0x0000000600000000, 0x0000000800000000)
  region size 4096K, 19 young (77824K), 2 survivors (8192K)
 Metaspace       used 31544K, committed 32256K, reserved 1114112K
  class space    used 4100K, committed 4480K, reserved 1048576K
}
Event: 5.003 GC heap after
{Heap after GC invocations=6 (full 0):
 garbage-first heap   total 106496K, used 24840K [0x0000000600000000, 0x0000000800000000)
  region size 4096K, 2 young (8192K), 2 survivors (8192K)
 Metaspace       used 31544K, committed 32256K, reserved 1114112K
  class space    used 4100K, committed 4480K, reserved 1048576K
}
Event: 5.495 GC heap before
{Heap before GC invocations=6 (full 0):
 garbage-first heap   total 106496K, used 49416K [0x0000000600000000, 0x0000000800000000)
  region size 4096K, 9 young (36864K), 2 survivors (8192K)
 Metaspace       used 35079K, committed 35968K, reserved 1114112K
  class space    used 4664K, committed 5120K, reserved 1048576K
}
Event: 5.506 GC heap after
{Heap after GC invocations=7 (full 0):
 garbage-first heap   total 106496K, used 26311K [0x0000000600000000, 0x0000000800000000)
  region size 4096K, 1 young (4096K), 1 survivors (4096K)
 Metaspace       used 35079K, committed 35968K, reserved 1114112K
  class space    used 4664K, committed 5120K, reserved 1048576K
}
Event: 5.553 GC heap before
{Heap before GC invocations=7 (full 0):
 garbage-first heap   total 106496K, used 26311K [0x0000000600000000, 0x0000000800000000)
  region size 4096K, 2 young (8192K), 1 survivors (4096K)
 Metaspace       used 35465K, committed 36288K, reserved 1114112K
  class space    used 4717K, committed 5120K, reserved 1048576K
}
Event: 5.556 GC heap after
{Heap after GC invocations=8 (full 0):
 garbage-first heap   total 106496K, used 25836K [0x0000000600000000, 0x0000000800000000)
  region size 4096K, 1 young (4096K), 1 survivors (4096K)
 Metaspace       used 35465K, committed 36288K, reserved 1114112K
  class space    used 4717K, committed 5120K, reserved 1048576K
}
Event: 6.667 GC heap before
{Heap before GC invocations=9 (full 0):
 garbage-first heap   total 98304K, used 74988K [0x0000000600000000, 0x0000000800000000)
  region size 4096K, 14 young (57344K), 1 survivors (4096K)
 Metaspace       used 42887K, committed 43840K, reserved 1114112K
  class space    used 5584K, committed 6080K, reserved 1048576K
}
Event: 6.678 GC heap after
{Heap after GC invocations=10 (full 0):
 garbage-first heap   total 98304K, used 30866K [0x0000000600000000, 0x0000000800000000)
  region size 4096K, 2 young (8192K), 2 survivors (8192K)
 Metaspace       used 42887K, committed 43840K, reserved 1114112K
  class space    used 5584K, committed 6080K, reserved 1048576K
}
Event: 7.543 GC heap before
{Heap before GC invocations=10 (full 0):
 garbage-first heap   total 98304K, used 75922K [0x0000000600000000, 0x0000000800000000)
  region size 4096K, 14 young (57344K), 2 survivors (8192K)
 Metaspace       used 45229K, committed 46208K, reserved 1114112K
  class space    used 5760K, committed 6272K, reserved 1048576K
}
Event: 7.554 GC heap after
{Heap after GC invocations=11 (full 0):
 garbage-first heap   total 98304K, used 31397K [0x0000000600000000, 0x0000000800000000)
  region size 4096K, 1 young (4096K), 1 survivors (4096K)
 Metaspace       used 45229K, committed 46208K, reserved 1114112K
  class space    used 5760K, committed 6272K, reserved 1048576K
}
Event: 8.482 GC heap before
{Heap before GC invocations=11 (full 0):
 garbage-first heap   total 98304K, used 80549K [0x0000000600000000, 0x0000000800000000)
  region size 4096K, 13 young (53248K), 1 survivors (4096K)
 Metaspace       used 45423K, committed 46400K, reserved 1114112K
  class space    used 5760K, committed 6272K, reserved 1048576K
}
Event: 8.484 GC heap after
{Heap after GC invocations=12 (full 0):
 garbage-first heap   total 118784K, used 31152K [0x0000000600000000, 0x0000000800000000)
  region size 4096K, 1 young (4096K), 1 survivors (4096K)
 Metaspace       used 45423K, committed 46400K, reserved 1114112K
  class space    used 5760K, committed 6272K, reserved 1048576K
}

Dll operation events (3 events):
Event: 0.013 Loaded shared library C:\Program Files\Android\Android Studio1\jbr\bin\java.dll
Event: 0.019 Loaded shared library C:\Program Files\Android\Android Studio1\jbr\bin\zip.dll
Event: 0.691 Loaded shared library C:\Program Files\Android\Android Studio1\jbr\bin\verify.dll

Deoptimization events (20 events):
Event: 8.790 Thread 0x000001ee11aefc70 DEOPT PACKING pc=0x000001ee5f5f6b2a sp=0x000000201bbf7ae0
Event: 8.790 Thread 0x000001ee11aefc70 DEOPT UNPACKING pc=0x000001ee6ec14e42 sp=0x000000201bbf71f0 mode 0
Event: 8.795 Thread 0x000001ee11aefc70 DEOPT PACKING pc=0x000001ee5f5f6b2a sp=0x000000201bbf7ae0
Event: 8.795 Thread 0x000001ee11aefc70 DEOPT UNPACKING pc=0x000001ee6ec14e42 sp=0x000000201bbf71f0 mode 0
Event: 8.796 Thread 0x000001ee11aefc70 DEOPT PACKING pc=0x000001ee5f64b558 sp=0x000000201bbf82d0
Event: 8.796 Thread 0x000001ee11aefc70 DEOPT UNPACKING pc=0x000001ee6ec14e42 sp=0x000000201bbf77e0 mode 0
Event: 8.825 Thread 0x000001ee11aefc70 DEOPT PACKING pc=0x000001ee5f5f6b2a sp=0x000000201bbf7ae0
Event: 8.825 Thread 0x000001ee11aefc70 DEOPT UNPACKING pc=0x000001ee6ec14e42 sp=0x000000201bbf71f0 mode 0
Event: 8.829 Thread 0x000001ee11aefc70 Uncommon trap: trap_request=0xffffff45 fr.pc=0x000001ee6f3685b4 relative=0x00000000000005d4
Event: 8.829 Thread 0x000001ee11aefc70 Uncommon trap: reason=unstable_if action=reinterpret pc=0x000001ee6f3685b4 method=org.objectweb.asm.ClassReader.readUtf(II[C)Ljava/lang/String; @ 41 c2
Event: 8.829 Thread 0x000001ee11aefc70 DEOPT PACKING pc=0x000001ee6f3685b4 sp=0x000000201bbf7d70
Event: 8.829 Thread 0x000001ee11aefc70 DEOPT UNPACKING pc=0x000001ee6ec146a2 sp=0x000000201bbf7d18 mode 2
Event: 8.829 Thread 0x000001ee11aefc70 Uncommon trap: trap_request=0xffffff3d fr.pc=0x000001ee6f323b88 relative=0x00000000000002a8
Event: 8.829 Thread 0x000001ee11aefc70 Uncommon trap: reason=unstable_fused_if action=reinterpret pc=0x000001ee6f323b88 method=org.objectweb.asm.ByteVector.putUTF8(Ljava/lang/String;)Lorg/objectweb/asm/ByteVector; @ 93 c2
Event: 8.829 Thread 0x000001ee11aefc70 DEOPT PACKING pc=0x000001ee6f323b88 sp=0x000000201bbf7a20
Event: 8.829 Thread 0x000001ee11aefc70 DEOPT UNPACKING pc=0x000001ee6ec146a2 sp=0x000000201bbf79b0 mode 2
Event: 8.856 Thread 0x000001ee11aefc70 DEOPT PACKING pc=0x000001ee5f5f6b2a sp=0x000000201bbf7ae0
Event: 8.856 Thread 0x000001ee11aefc70 DEOPT UNPACKING pc=0x000001ee6ec14e42 sp=0x000000201bbf71f0 mode 0
Event: 8.860 Thread 0x000001ee11aefc70 DEOPT PACKING pc=0x000001ee5f64b558 sp=0x000000201bbf82d0
Event: 8.860 Thread 0x000001ee11aefc70 DEOPT UNPACKING pc=0x000001ee6ec14e42 sp=0x000000201bbf77e0 mode 0

Classes loaded (20 events):
Event: 7.047 Loading class java/nio/channels/Channels
Event: 7.047 Loading class java/nio/channels/Channels done
Event: 7.048 Loading class sun/nio/ch/Streams
Event: 7.048 Loading class sun/nio/ch/Streams done
Event: 7.048 Loading class sun/nio/ch/ChannelOutputStream
Event: 7.048 Loading class sun/nio/ch/ChannelOutputStream done
Event: 7.049 Loading class java/nio/charset/UnsupportedCharsetException
Event: 7.049 Loading class java/nio/charset/UnsupportedCharsetException done
Event: 7.057 Loading class java/util/Collections$UnmodifiableSortedMap
Event: 7.057 Loading class java/util/Collections$UnmodifiableSortedMap done
Event: 7.058 Loading class java/util/zip/Deflater
Event: 7.059 Loading class java/util/zip/Deflater done
Event: 7.060 Loading class java/util/zip/Deflater$DeflaterZStreamRef
Event: 7.060 Loading class java/util/zip/Deflater$DeflaterZStreamRef done
Event: 7.071 Loading class java/util/zip/ZipFile$ZipEntryIterator
Event: 7.071 Loading class java/util/zip/ZipFile$ZipEntryIterator done
Event: 7.148 Loading class java/nio/StringCharBuffer
Event: 7.148 Loading class java/nio/StringCharBuffer done
Event: 8.278 Loading class java/lang/foreign/MemorySegment
Event: 8.279 Loading class java/lang/foreign/MemorySegment done

Classes unloaded (0 events):
No events

Classes redefined (0 events):
No events

Internal exceptions (20 events):
Event: 6.080 Thread 0x000001ee11aefc70 Exception <a 'java/lang/ClassNotFoundException'{0x0000000604b32c68}: groovy/lang/ExpandoMetaClassCustomizer> (0x0000000604b32c68) 
thrown [s\src\hotspot\share\classfile\systemDictionary.cpp, line 312]
Event: 6.342 Thread 0x000001ee11aefc70 Exception <a 'java/lang/ClassNotFoundException'{0x0000000602d06d50}: org/gradle/internal/extensibility/DefaultExtraPropertiesExtensionBeanInfo> (0x0000000602d06d50) 
thrown [s\src\hotspot\share\classfile\systemDictionary.cpp, line 312]
Event: 6.343 Thread 0x000001ee11aefc70 Exception <a 'java/lang/ClassNotFoundException'{0x0000000602d0f458}: groovy/lang/GroovyObjectSupportBeanInfo> (0x0000000602d0f458) 
thrown [s\src\hotspot\share\classfile\systemDictionary.cpp, line 312]
Event: 6.343 Thread 0x000001ee11aefc70 Exception <a 'java/lang/ClassNotFoundException'{0x0000000602d17b68}: groovy/lang/GroovyObjectSupportCustomizer> (0x0000000602d17b68) 
thrown [s\src\hotspot\share\classfile\systemDictionary.cpp, line 312]
Event: 6.346 Thread 0x000001ee11aefc70 Exception <a 'java/lang/ClassNotFoundException'{0x0000000602d31e88}: org/gradle/internal/extensibility/DefaultExtraPropertiesExtensionCustomizer> (0x0000000602d31e88) 
thrown [s\src\hotspot\share\classfile\systemDictionary.cpp, line 312]
Event: 6.349 Thread 0x000001ee11aefc70 Exception <a 'java/lang/IncompatibleClassChangeError'{0x0000000602d4d078}: Found class java.lang.Object, but interface was expected> (0x0000000602d4d078) 
thrown [s\src\hotspot\share\interpreter\linkResolver.cpp, line 851]
Event: 6.379 Thread 0x000001ee11aefc70 Exception <a 'sun/nio/fs/WindowsException'{0x0000000602e2d188}> (0x0000000602e2d188) 
thrown [s\src\hotspot\share\prims\jni.cpp, line 535]
Event: 6.380 Thread 0x000001ee11aefc70 Exception <a 'sun/nio/fs/WindowsException'{0x0000000602e2e6b0}> (0x0000000602e2e6b0) 
thrown [s\src\hotspot\share\prims\jni.cpp, line 535]
Event: 6.380 Thread 0x000001ee11aefc70 Exception <a 'sun/nio/fs/WindowsException'{0x0000000602e2fb80}> (0x0000000602e2fb80) 
thrown [s\src\hotspot\share\prims\jni.cpp, line 535]
Event: 6.381 Thread 0x000001ee11aefc70 Exception <a 'sun/nio/fs/WindowsException'{0x0000000602e31060}> (0x0000000602e31060) 
thrown [s\src\hotspot\share\prims\jni.cpp, line 535]
Event: 6.418 Thread 0x000001ee11aefc70 Exception <a 'java/lang/NoSuchMethodError'{0x0000000602f63398}: 'java.lang.Object java.lang.invoke.Invokers$Holder.invoker(java.lang.Object, java.lang.Object, java.lang.Object, java.lang.Object, java.lang.Object, java.lang.Object)'> (0x0000000602f63398) 
thrown [s\src\hotspot\share\interpreter\linkResolver.cpp, line 784]
Event: 6.473 Thread 0x000001ee11aefc70 Exception <a 'java/lang/NoSuchMethodError'{0x00000006028745a0}: 'java.lang.Object java.lang.invoke.DirectMethodHandle$Holder.invokeSpecial(java.lang.Object, java.lang.Object, java.lang.Object, java.lang.Object, java.lang.Object, java.lang.Object, java.lang.Object, java.lang.Object, java.lang.Object, java.lang.Object, java.lang.Object, java.lang.Object, java.lang.Object, java.lang.Object, java.lang.Object, java.lang.Object, java.lang.Object, java.lang.Object, java.lang.Object, java.lang.Object, java.lang.Ob
Event: 6.500 Thread 0x000001ee11aefc70 Exception <a 'java/lang/NoSuchMethodError'{0x000000060287a678}: 'java.lang.Object java.lang.invoke.DelegatingMethodHandle$Holder.reinvoke_L(java.lang.Object, java.lang.Object, java.lang.Object, java.lang.Object, java.lang.Object, java.lang.Object, java.lang.Object, java.lang.Object, java.lang.Object, java.lang.Object, java.lang.Object, java.lang.Object, java.lang.Object, java.lang.Object, java.lang.Object, java.lang.Object, java.lang.Object, java.lang.Object, java.lang.Object, java.lang.Object, java.lang.O
Event: 6.501 Thread 0x000001ee11aefc70 Exception <a 'java/lang/NoSuchMethodError'{0x0000000602885860}: 'java.lang.Object java.lang.invoke.Invokers$Holder.invoker(java.lang.Object, java.lang.Object, java.lang.Object, java.lang.Object, java.lang.Object, java.lang.Object, java.lang.Object, java.lang.Object, java.lang.Object, java.lang.Object, java.lang.Object, java.lang.Object, java.lang.Object, java.lang.Object, java.lang.Object, java.lang.Object, java.lang.Object, java.lang.Object, java.lang.Object, java.lang.Object, java.lang.Object, java.lang.
Event: 6.501 Thread 0x000001ee11aefc70 Exception <a 'java/lang/NoSuchMethodError'{0x000000060288c1e8}: 'java.lang.Object java.lang.invoke.DelegatingMethodHandle$Holder.delegate(java.lang.Object, java.lang.Object, java.lang.Object, java.lang.Object, java.lang.Object, java.lang.Object, java.lang.Object, java.lang.Object, java.lang.Object, java.lang.Object, java.lang.Object, java.lang.Object, java.lang.Object, java.lang.Object, java.lang.Object, java.lang.Object, java.lang.Object, java.lang.Object, java.lang.Object, java.lang.Object, java.lang.Obj
Event: 6.516 Thread 0x000001ee11aefc70 Exception <a 'java/lang/NoSuchMethodError'{0x000000060297ffd8}: 'java.lang.Object java.lang.invoke.DirectMethodHandle$Holder.invokeStatic(java.lang.Object, java.lang.Object, java.lang.Object, java.lang.Object, java.lang.Object, java.lang.Object, java.lang.Object, java.lang.Object, java.lang.Object, java.lang.Object, java.lang.Object, java.lang.Object, java.lang.Object, java.lang.Object, java.lang.Object, java.lang.Object, java.lang.Object, java.lang.Object, java.lang.Object, java.lang.Object, java.lang.Obj
Event: 6.520 Thread 0x000001ee11aefc70 Exception <a 'java/lang/NoSuchMethodError'{0x00000006029b5480}: 'java.lang.Object java.lang.invoke.DirectMethodHandle$Holder.invokeStatic(java.lang.Object, java.lang.Object, java.lang.Object, java.lang.Object, java.lang.Object, java.lang.Object, java.lang.Object, java.lang.Object, java.lang.Object, java.lang.Object, java.lang.Object, java.lang.Object, java.lang.Object, java.lang.Object, java.lang.Object, java.lang.Object, java.lang.Object, java.lang.Object, java.lang.Object, java.lang.Object, java.lang.Obj
Event: 7.034 Thread 0x000001ee11aefc70 Exception <a 'sun/nio/fs/WindowsException'{0x0000000604112cd0}> (0x0000000604112cd0) 
thrown [s\src\hotspot\share\prims\jni.cpp, line 535]
Event: 7.034 Thread 0x000001ee11aefc70 Exception <a 'sun/nio/fs/WindowsException'{0x00000006041142b8}> (0x00000006041142b8) 
thrown [s\src\hotspot\share\prims\jni.cpp, line 535]
Event: 7.072 Thread 0x000001ee11aefc70 Implicit null exception at 0x000001ee6f325970 to 0x000001ee6f326534

ZGC Phase Switch (0 events):
No events

VM Operations (20 events):
Event: 6.145 Executing VM operation: HandshakeAllThreads (Deoptimize)
Event: 6.145 Executing VM operation: HandshakeAllThreads (Deoptimize) done
Event: 6.149 Executing VM operation: HandshakeAllThreads (Deoptimize)
Event: 6.149 Executing VM operation: HandshakeAllThreads (Deoptimize) done
Event: 6.235 Executing VM operation: HandshakeAllThreads (Deoptimize)
Event: 6.235 Executing VM operation: HandshakeAllThreads (Deoptimize) done
Event: 6.276 Executing VM operation: ICBufferFull
Event: 6.277 Executing VM operation: ICBufferFull done
Event: 6.639 Executing VM operation: HandshakeAllThreads (Deoptimize)
Event: 6.639 Executing VM operation: HandshakeAllThreads (Deoptimize) done
Event: 6.667 Executing VM operation: G1CollectForAllocation (G1 Evacuation Pause)
Event: 6.678 Executing VM operation: G1CollectForAllocation (G1 Evacuation Pause) done
Event: 7.117 Executing VM operation: HandshakeAllThreads (Deoptimize)
Event: 7.117 Executing VM operation: HandshakeAllThreads (Deoptimize) done
Event: 7.149 Executing VM operation: HandshakeAllThreads (Deoptimize)
Event: 7.149 Executing VM operation: HandshakeAllThreads (Deoptimize) done
Event: 7.543 Executing VM operation: G1CollectForAllocation (G1 Evacuation Pause)
Event: 7.554 Executing VM operation: G1CollectForAllocation (G1 Evacuation Pause) done
Event: 8.482 Executing VM operation: G1CollectForAllocation (G1 Evacuation Pause)
Event: 8.484 Executing VM operation: G1CollectForAllocation (G1 Evacuation Pause) done

Memory protections (0 events):
No events

Nmethod flushes (20 events):
Event: 5.598 Thread 0x000001ee0b5244a0 flushing  nmethod 0x000001ee5ef36990
Event: 5.598 Thread 0x000001ee0b5244a0 flushing  nmethod 0x000001ee5ef84d90
Event: 5.598 Thread 0x000001ee0b5244a0 flushing  nmethod 0x000001ee5ef85790
Event: 5.598 Thread 0x000001ee0b5244a0 flushing  nmethod 0x000001ee5ef87a90
Event: 5.598 Thread 0x000001ee0b5244a0 flushing  nmethod 0x000001ee5ef88290
Event: 5.598 Thread 0x000001ee0b5244a0 flushing  nmethod 0x000001ee5ef88a90
Event: 5.598 Thread 0x000001ee0b5244a0 flushing  nmethod 0x000001ee5ef91c90
Event: 5.598 Thread 0x000001ee0b5244a0 flushing  nmethod 0x000001ee5efe6290
Event: 5.598 Thread 0x000001ee0b5244a0 flushing  nmethod 0x000001ee5efe7c90
Event: 5.598 Thread 0x000001ee0b5244a0 flushing  nmethod 0x000001ee5f018f90
Event: 5.598 Thread 0x000001ee0b5244a0 flushing  nmethod 0x000001ee5f019e10
Event: 5.598 Thread 0x000001ee0b5244a0 flushing  nmethod 0x000001ee5f01b910
Event: 5.598 Thread 0x000001ee0b5244a0 flushing  nmethod 0x000001ee5f0a8b90
Event: 5.598 Thread 0x000001ee0b5244a0 flushing  nmethod 0x000001ee5f127610
Event: 5.598 Thread 0x000001ee0b5244a0 flushing  nmethod 0x000001ee5f16c610
Event: 5.598 Thread 0x000001ee0b5244a0 flushing  nmethod 0x000001ee5f1be890
Event: 5.598 Thread 0x000001ee0b5244a0 flushing  nmethod 0x000001ee5f214590
Event: 5.598 Thread 0x000001ee0b5244a0 flushing  nmethod 0x000001ee5f26ac10
Event: 5.598 Thread 0x000001ee0b5244a0 flushing  nmethod 0x000001ee5f272190
Event: 5.598 Thread 0x000001ee0b5244a0 flushing  nmethod 0x000001ee5f2c9310

Events (20 events):
Event: 2.671 Loaded shared library C:\Program Files\Android\Android Studio1\jbr\bin\extnet.dll
Event: 2.721 Thread 0x000001ee59a9acd0 Thread added: 0x000001ee103762f0
Event: 2.819 Thread 0x000001ee59a9acd0 Thread added: 0x000001ee10374fc0
Event: 2.889 Thread 0x000001ee103762f0 Thread added: 0x000001ee11ae51c0
Event: 2.891 Thread 0x000001ee11ae51c0 Thread added: 0x000001ee11904330
Event: 2.933 Thread 0x000001ee11ae51c0 Thread added: 0x000001ee11904990
Event: 2.940 Thread 0x000001ee11ae51c0 Thread added: 0x000001ee11aefc70
Event: 2.956 Thread 0x000001ee11aefc70 Thread added: 0x000001ee119a2e50
Event: 2.960 Thread 0x000001ee11aefc70 Thread added: 0x000001ee119a06f0
Event: 2.963 Thread 0x000001ee11aefc70 Thread added: 0x000001ee119a1410
Event: 3.533 Thread 0x000001ee11aefc70 Thread added: 0x000001ee119a1aa0
Event: 3.548 Thread 0x000001ee11aefc70 Thread added: 0x000001ee119a34e0
Event: 3.592 Thread 0x000001ee11aefc70 Thread added: 0x000001ee119a2130
Event: 3.711 Loaded shared library C:\Users\admin\AppData\Local\Temp\native-platform3442911450292229110dir\gradle-fileevents.dll
Event: 4.965 Thread 0x000001ee11aefc70 Thread added: 0x000001ee119a27c0
Event: 4.981 Thread 0x000001ee11aefc70 Thread added: 0x000001ee119a0060
Event: 5.275 Thread 0x000001ee11aefc70 Thread added: 0x000001ee119a0d80
Event: 5.284 Thread 0x000001ee11aefc70 Thread added: 0x000001ee1290b760
Event: 6.786 Thread 0x000001ee10edfb90 Thread exited: 0x000001ee10edfb90
Event: 6.910 Thread 0x000001ee0b7d1000 Thread added: 0x000001ee13552ed0


Dynamic libraries:
0x00007ff707550000 - 0x00007ff70755a000 	C:\Program Files\Android\Android Studio1\jbr\bin\java.exe
0x00007fffb4370000 - 0x00007fffb4568000 	C:\Windows\SYSTEM32\ntdll.dll
0x00007fffb27c0000 - 0x00007fffb2882000 	C:\Windows\System32\KERNEL32.DLL
0x00007fffb1d70000 - 0x00007fffb2066000 	C:\Windows\System32\KERNELBASE.dll
0x00007fffb2230000 - 0x00007fffb2330000 	C:\Windows\System32\ucrtbase.dll
0x00007fff91af0000 - 0x00007fff91b0b000 	C:\Program Files\Android\Android Studio1\jbr\bin\VCRUNTIME140.dll
0x00007fff8d110000 - 0x00007fff8d128000 	C:\Program Files\Android\Android Studio1\jbr\bin\jli.dll
0x00007fffb3fb0000 - 0x00007fffb414d000 	C:\Windows\System32\USER32.dll
0x00007fff9e5f0000 - 0x00007fff9e88a000 	C:\Windows\WinSxS\amd64_microsoft.windows.common-controls_6595b64144ccf1df_6.0.19041.5915_none_60b4b9d171f9c7c7\COMCTL32.dll
0x00007fffb2360000 - 0x00007fffb2382000 	C:\Windows\System32\win32u.dll
0x00007fffb4150000 - 0x00007fffb41ee000 	C:\Windows\System32\msvcrt.dll
0x00007fffb3c80000 - 0x00007fffb3cab000 	C:\Windows\System32\GDI32.dll
0x00007fffb1c50000 - 0x00007fffb1d69000 	C:\Windows\System32\gdi32full.dll
0x00007fffb1a50000 - 0x00007fffb1aed000 	C:\Windows\System32\msvcp_win.dll
0x00007fffb3cb0000 - 0x00007fffb3cdf000 	C:\Windows\System32\IMM32.DLL
0x00007fffab5a0000 - 0x00007fffab5ac000 	C:\Program Files\Android\Android Studio1\jbr\bin\vcruntime140_1.dll
0x00007fff86500000 - 0x00007fff8658d000 	C:\Program Files\Android\Android Studio1\jbr\bin\msvcp140.dll
0x00007fff73e40000 - 0x00007fff74acb000 	C:\Program Files\Android\Android Studio1\jbr\bin\server\jvm.dll
0x00007fffb3bb0000 - 0x00007fffb3c61000 	C:\Windows\System32\ADVAPI32.dll
0x00007fffb2950000 - 0x00007fffb29ef000 	C:\Windows\System32\sechost.dll
0x00007fffb3310000 - 0x00007fffb3433000 	C:\Windows\System32\RPCRT4.dll
0x00007fffb2330000 - 0x00007fffb2357000 	C:\Windows\System32\bcrypt.dll
0x00007fffb3d90000 - 0x00007fffb3dfb000 	C:\Windows\System32\WS2_32.dll
0x00007fffb0f90000 - 0x00007fffb0fdb000 	C:\Windows\SYSTEM32\POWRPROF.dll
0x00007fff9e890000 - 0x00007fff9e8b7000 	C:\Windows\SYSTEM32\WINMM.dll
0x00007fffab100000 - 0x00007fffab10a000 	C:\Windows\SYSTEM32\VERSION.dll
0x00007fffb0e00000 - 0x00007fffb0e12000 	C:\Windows\SYSTEM32\UMPDC.dll
0x00007fffb0200000 - 0x00007fffb0212000 	C:\Windows\SYSTEM32\kernel.appcore.dll
0x00007fffa0530000 - 0x00007fffa053a000 	C:\Program Files\Android\Android Studio1\jbr\bin\jimage.dll
0x00007fff9e930000 - 0x00007fff9eb31000 	C:\Windows\SYSTEM32\DBGHELP.DLL
0x00007fff99ed0000 - 0x00007fff99f04000 	C:\Windows\SYSTEM32\dbgcore.DLL
0x00007fffb2070000 - 0x00007fffb20f2000 	C:\Windows\System32\bcryptPrimitives.dll
0x00007fff96710000 - 0x00007fff9671e000 	C:\Program Files\Android\Android Studio1\jbr\bin\instrument.dll
0x00007fff8c420000 - 0x00007fff8c440000 	C:\Program Files\Android\Android Studio1\jbr\bin\java.dll
0x00007fff87750000 - 0x00007fff87768000 	C:\Program Files\Android\Android Studio1\jbr\bin\zip.dll
0x00007fffb3440000 - 0x00007fffb3bae000 	C:\Windows\System32\SHELL32.dll
0x00007fffafa40000 - 0x00007fffb01e4000 	C:\Windows\SYSTEM32\windows.storage.dll
0x00007fffb2390000 - 0x00007fffb26e3000 	C:\Windows\System32\combase.dll
0x00007fffb1430000 - 0x00007fffb145b000 	C:\Windows\SYSTEM32\Wldp.dll
0x00007fffb26f0000 - 0x00007fffb27bd000 	C:\Windows\System32\OLEAUT32.dll
0x00007fffb28a0000 - 0x00007fffb294d000 	C:\Windows\System32\SHCORE.dll
0x00007fffb2b00000 - 0x00007fffb2b5b000 	C:\Windows\System32\shlwapi.dll
0x00007fffb1930000 - 0x00007fffb1954000 	C:\Windows\SYSTEM32\profapi.dll
0x00007fff9f390000 - 0x00007fff9f3a0000 	C:\Program Files\Android\Android Studio1\jbr\bin\net.dll
0x00007fffa88b0000 - 0x00007fffa89ba000 	C:\Windows\SYSTEM32\WINHTTP.dll
0x00007fffb1190000 - 0x00007fffb11fa000 	C:\Windows\system32\mswsock.dll
0x00007fff87730000 - 0x00007fff87746000 	C:\Program Files\Android\Android Studio1\jbr\bin\nio.dll
0x00007fff9db70000 - 0x00007fff9db80000 	C:\Program Files\Android\Android Studio1\jbr\bin\verify.dll
0x00007fff91a00000 - 0x00007fff91a27000 	C:\Users\admin\.gradle\native\1def1411415f61bf3af743bc5b6707747c0891f09f0c88961ee8f79bc544acac\windows-amd64\native-platform.dll
0x0000000054c70000 - 0x0000000054ce3000 	C:\Users\admin\.gradle\native\0.2.5\x86_64-windows-gnu\gradle-fileevents.dll
0x00007fffabd30000 - 0x00007fffabd39000 	C:\Program Files\Android\Android Studio1\jbr\bin\management.dll
0x00007fff977d0000 - 0x00007fff977db000 	C:\Program Files\Android\Android Studio1\jbr\bin\management_ext.dll
0x00007fffb29f0000 - 0x00007fffb29f8000 	C:\Windows\System32\PSAPI.DLL
0x00007fffb1380000 - 0x00007fffb1398000 	C:\Windows\SYSTEM32\CRYPTSP.dll
0x00007fffb0a40000 - 0x00007fffb0a78000 	C:\Windows\system32\rsaenh.dll
0x00007fffb18b0000 - 0x00007fffb18de000 	C:\Windows\SYSTEM32\USERENV.dll
0x00007fffb13a0000 - 0x00007fffb13ac000 	C:\Windows\SYSTEM32\CRYPTBASE.dll
0x00007fffb0e20000 - 0x00007fffb0e5b000 	C:\Windows\SYSTEM32\IPHLPAPI.DLL
0x00007fffb3c70000 - 0x00007fffb3c78000 	C:\Windows\System32\NSI.dll
0x00007fff98b10000 - 0x00007fff98b19000 	C:\Program Files\Android\Android Studio1\jbr\bin\extnet.dll
0x00007fff93810000 - 0x00007fff93817000 	C:\Windows\system32\wshunix.dll
0x0000000054bf0000 - 0x0000000054c63000 	C:\Users\admin\AppData\Local\Temp\native-platform3442911450292229110dir\gradle-fileevents.dll

dbghelp: loaded successfully - version: 4.0.5 - missing functions: none
symbol engine: initialized successfully - sym options: 0x614 - pdb path: .;C:\Program Files\Android\Android Studio1\jbr\bin;C:\Windows\SYSTEM32;C:\Windows\WinSxS\amd64_microsoft.windows.common-controls_6595b64144ccf1df_6.0.19041.5915_none_60b4b9d171f9c7c7;C:\Program Files\Android\Android Studio1\jbr\bin\server;C:\Users\admin\.gradle\native\1def1411415f61bf3af743bc5b6707747c0891f09f0c88961ee8f79bc544acac\windows-amd64;C:\Users\admin\.gradle\native\0.2.5\x86_64-windows-gnu;C:\Users\admin\AppData\Local\Temp\native-platform3442911450292229110dir

VM Arguments:
jvm_args: --add-opens=java.base/java.lang=ALL-UNNAMED --add-opens=java.base/java.lang.invoke=ALL-UNNAMED --add-opens=java.base/java.util=ALL-UNNAMED --add-opens=java.prefs/java.util.prefs=ALL-UNNAMED --add-exports=jdk.compiler/com.sun.tools.javac.api=ALL-UNNAMED --add-exports=jdk.compiler/com.sun.tools.javac.util=ALL-UNNAMED --add-opens=java.base/java.util=ALL-UNNAMED --add-opens=java.prefs/java.util.prefs=ALL-UNNAMED --add-opens=java.base/java.nio.charset=ALL-UNNAMED --add-opens=java.base/java.net=ALL-UNNAMED --add-opens=java.base/java.util.concurrent.atomic=ALL-UNNAMED --add-opens=java.xml/javax.xml.namespace=ALL-UNNAMED -XX:MaxMetaspaceSize=4G -XX:ReservedCodeCacheSize=512m -XX:+HeapDumpOnOutOfMemoryError -Xmx8G -Dfile.encoding=UTF-8 -Duser.country=US -Duser.language=en -Duser.variant -javaagent:C:\Users\admin\.gradle\wrapper\dists\gradle-8.12-all\ejduaidbjup3bmmkhw3rie4zb\gradle-8.12\lib\agents\gradle-instrumentation-agent-8.12.jar 
java_command: org.gradle.launcher.daemon.bootstrap.GradleDaemon 8.12
java_class_path (initial): C:\Users\admin\.gradle\wrapper\dists\gradle-8.12-all\ejduaidbjup3bmmkhw3rie4zb\gradle-8.12\lib\gradle-daemon-main-8.12.jar
Launcher Type: SUN_STANDARD

[Global flags]
     intx CICompilerCount                          = 3                                         {product} {ergonomic}
     uint ConcGCThreads                            = 1                                         {product} {ergonomic}
     uint G1ConcRefinementThreads                  = 4                                         {product} {ergonomic}
   size_t G1HeapRegionSize                         = 4194304                                   {product} {ergonomic}
    uintx GCDrainStackTargetSize                   = 64                                        {product} {ergonomic}
     bool HeapDumpOnOutOfMemoryError               = true                                   {manageable} {command line}
   size_t InitialHeapSize                          = 134217728                                 {product} {ergonomic}
   size_t MarkStackSize                            = 4194304                                   {product} {ergonomic}
   size_t MaxHeapSize                              = 8589934592                                {product} {command line}
   size_t MaxMetaspaceSize                         = 4294967296                                {product} {command line}
   size_t MaxNewSize                               = 5150605312                                {product} {ergonomic}
   size_t MinHeapDeltaBytes                        = 4194304                                   {product} {ergonomic}
   size_t MinHeapSize                              = 8388608                                   {product} {ergonomic}
    uintx NonNMethodCodeHeapSize                   = 5832780                                {pd product} {ergonomic}
    uintx NonProfiledCodeHeapSize                  = 265519066                              {pd product} {ergonomic}
    uintx ProfiledCodeHeapSize                     = 265519066                              {pd product} {ergonomic}
    uintx ReservedCodeCacheSize                    = 536870912                              {pd product} {command line}
     bool SegmentedCodeCache                       = true                                      {product} {ergonomic}
   size_t SoftMaxHeapSize                          = 8589934592                             {manageable} {ergonomic}
     bool UseCompressedOops                        = true                           {product lp64_product} {ergonomic}
     bool UseG1GC                                  = true                                      {product} {ergonomic}
     bool UseLargePagesIndividualAllocation        = false                                  {pd product} {ergonomic}

Logging:
Log output configuration:
 #0: stdout all=warning uptime,level,tags foldmultilines=false
 #1: stderr all=off uptime,level,tags foldmultilines=false

Environment Variables:
JAVA_HOME=C:\Program Files\Android\Android Studio1\jbr
CLASSPATH=C:\Users\admin\rapid mixer 6\rapid_mixer\android\\gradle\wrapper\gradle-wrapper.jar
PATH=C:\Program Files\Android\Android Studio1\jbr\bin;C:\Users\admin\bin;C:\Program Files\Git\mingw64\bin;C:\Program Files\Git\usr\local\bin;C:\Program Files\Git\usr\bin;C:\Program Files\Git\usr\bin;C:\Program Files\Git\mingw64\bin;C:\Program Files\Git\usr\bin;C:\Users\admin\bin;C:\Program Files\Common Files\Oracle\Java\javapath;C:\Users\admin\AppData\Local\Programs\Python\Python312;C:\Program Files\dotnet;C:\Program Files\nodejs;C:\Users\admin\flutter\bin;C:\Windows\System32\WindowsPowerShell\v1.0;C:\Program Files\Git\cmd;C:\Program Files\Git\usr\bin;C:\Windows\system32\config\systemprofile\AppData\Local\Muse Hub\lib;C:\Users\admin\flutter;C:\Program Files\Git\usr\bin;C:\Users\admin\dev\flutter\bin;C:\Windows\System32;C:\Users\admin\AppData\Local\Programs\Python\Python313\Scripts;C:\Users\admin\AppData\Local\Programs\Python\Python313;C:\Users\admin\AppData\Local\Programs\Python\Launcher;C:\Users\admin\AppData\Local\Muse Hub\lib;C:\Users\admin\AppData\Local\Programs\Microsoft VS Code\bin;C:\Users\admin\AppData\Roaming\npm;C:\Users\admin\flutter\bin;C:\Program Files\Git\cmd;C:\Users\admin\dev\flutter\bin;C:\Users\admin\AppData\Local\Programs\Kiro\bin;C:\Program Files\Git\usr\bin\vendor_perl;C:\Program Files\Git\usr\bin\core_perl;C:\Users\admin\AppData\Local\Android\Sdk\ndk\25.2.9519653;C:\Users\admin\AppData\Local\Android\Sdk\platform-tools;C:\Program Files\Java\jdk-17\bin;C:\Users\admin\AppData\Local\Android\Sdk\ndk\25.2.9519653;C:\Users\admin\AppData\Local\Android\Sdk\ndk\25.2.9519653\build;C:\Users\admin\AppData\Local\Android\Sdk\ndk\27.0.12077973;C:\Users\admin\flutter\bin\mingit\cmd
USERNAME=admin
SHELL=C:\Program Files\Git\usr\bin\bash.exe
DISPLAY=needs-to-be-defined
LC_CTYPE=en_US.UTF-8
TERM=xterm
TMPDIR=C:\Users\admin\AppData\Local\Temp
OS=MINGW64_NT-10.0-19045
PROCESSOR_IDENTIFIER=Intel64 Family 6 Model 78 Stepping 3, GenuineIntel
TMP=C:\Users\admin\AppData\Local\Temp
TEMP=C:\Users\admin\AppData\Local\Temp




Periodic native trim disabled

JNI global refs:
JNI global refs: 28, weak refs: 4

JNI global refs memory usage: 835, weak refs: 833

Process memory usage:
Resident Set Size: 285824K (3% of 8240804K total physical memory with 472184K free physical memory)

OOME stack traces (most recent first):
Classloader memory used:
Loader org.gradle.internal.classloader.VisitableURLClassLoader                         : 21806K
Loader bootstrap                                                                       : 20285K
Loader org.gradle.initialization.MixInLegacyTypesClassLoader                           : 2623K
Loader jdk.internal.loader.ClassLoaders$PlatformClassLoader                            : 499K
Loader jdk.internal.loader.ClassLoaders$AppClassLoader                                 : 231K

Classes loaded by more than one classloader:
Class org.gradle.internal.classloader.FilteringClassLoader                            : loaded 2 times (x 101B)
Class org.gradle.internal.classloader.ClassLoaderHierarchy                            : loaded 2 times (x 66B)
Class org.gradle.api.internal.classpath.ManifestUtil                                  : loaded 2 times (x 67B)
Class org.gradle.internal.classloader.DefaultClassLoaderFactory                       : loaded 2 times (x 78B)
Class org.gradle.internal.classloader.ClassLoaderVisitor                              : loaded 2 times (x 72B)
Class org.gradle.api.internal.classpath.EffectiveClassPath                            : loaded 2 times (x 86B)
Class org.gradle.api.internal.DefaultClassPathProvider                                : loaded 2 times (x 72B)
Class [Lorg.gradle.api.internal.ClassPathProvider;                                    : loaded 2 times (x 65B)
Class org.gradle.api.internal.ClassPathProvider                                       : loaded 2 times (x 66B)
Class org.gradle.internal.service.UnknownServiceException                             : loaded 2 times (x 79B)
Class org.gradle.internal.classpath.TransformedClassPath                              : loaded 2 times (x 92B)
Class org.gradle.internal.classloader.InstrumentingClassLoader                        : loaded 2 times (x 66B)
Class org.gradle.internal.service.ServiceLocator                                      : loaded 2 times (x 66B)
Class org.gradle.internal.InternalTransformer                                         : loaded 2 times (x 66B)
Class org.gradle.internal.classloader.ClasspathUtil$1                                 : loaded 2 times (x 72B)
Class org.gradle.api.internal.classpath.DefaultModuleRegistry$DefaultModule           : loaded 2 times (x 82B)
Class org.gradle.api.internal.classpath.Module                                        : loaded 2 times (x 66B)
Class org.gradle.api.internal.classpath.UnknownModuleException                        : loaded 2 times (x 78B)
Class org.gradle.api.internal.DefaultClassPathRegistry                                : loaded 2 times (x 72B)
Class org.gradle.api.internal.ClassPathRegistry                                       : loaded 2 times (x 66B)
Class org.gradle.internal.classpath.DefaultClassPath$ImmutableUniqueList              : loaded 2 times (x 195B)
Class org.gradle.internal.classpath.ClassPath                                         : loaded 2 times (x 66B)
Class org.gradle.api.UncheckedIOException                                             : loaded 2 times (x 78B)
Class org.gradle.internal.installation.GradleInstallation$1                           : loaded 2 times (x 71B)
Class org.gradle.api.internal.classpath.ModuleRegistry                                : loaded 2 times (x 66B)
Class org.gradle.api.internal.classpath.DefaultModuleRegistry                         : loaded 2 times (x 82B)
Class org.gradle.internal.service.ServiceLookupException                              : loaded 2 times (x 78B)
Class org.gradle.internal.classloader.ClassLoaderFactory                              : loaded 2 times (x 66B)
Class org.gradle.internal.service.CachingServiceLocator                               : loaded 2 times (x 78B)
Class org.gradle.internal.classloader.ClasspathUtil                                   : loaded 2 times (x 67B)
Class org.gradle.api.specs.Spec                                                       : loaded 2 times (x 66B)
Class org.gradle.internal.classloader.VisitableURLClassLoader$InstrumentingVisitableURLClassLoader: loaded 2 times (x 119B)
Class org.gradle.internal.classloader.VisitableURLClassLoader$Spec                    : loaded 2 times (x 70B)
Class org.gradle.internal.classpath.DefaultClassPath                                  : loaded 2 times (x 86B)
Class org.gradle.internal.classloader.ClassLoaderSpec                                 : loaded 2 times (x 67B)
Class org.gradle.internal.classloader.VisitableURLClassLoader                         : loaded 2 times (x 113B)
Class org.gradle.internal.Cast                                                        : loaded 2 times (x 67B)
Class org.gradle.api.Action                                                           : loaded 2 times (x 66B)
Class org.gradle.internal.classpath.DefaultClassPath$ImmutableUniqueList$Builder      : loaded 2 times (x 71B)
Class org.gradle.api.GradleException                                                  : loaded 2 times (x 78B)
Class org.gradle.internal.IoActions                                                   : loaded 2 times (x 67B)
Class org.gradle.internal.classloader.SystemClassLoaderSpec                           : loaded 2 times (x 67B)
Class org.gradle.api.internal.classpath.GlobalCacheRootsProvider                      : loaded 2 times (x 66B)
Class org.gradle.internal.installation.CurrentGradleInstallationLocator               : loaded 2 times (x 67B)
Class org.gradle.internal.service.DefaultServiceLocator                               : loaded 2 times (x 79B)
Class org.gradle.internal.installation.CurrentGradleInstallation                      : loaded 2 times (x 69B)
Class org.gradle.util.internal.GUtil                                                  : loaded 2 times (x 67B)
Class org.gradle.internal.installation.GradleInstallation                             : loaded 2 times (x 71B)

---------------  S Y S T E M  ---------------

OS:
 Windows 10 , 64 bit Build 19041 (10.0.19041.5915)
OS uptime: 7 days 4:26 hours

CPU: total 4 (initial active 4) (2 cores per cpu, 2 threads per core) family 6 model 78 stepping 3 microcode 0xf0, cx8, cmov, fxsr, ht, mmx, 3dnowpref, sse, sse2, sse3, ssse3, sse4.1, sse4.2, popcnt, lzcnt, tsc, tscinvbit, avx, avx2, aes, erms, clmul, bmi1, bmi2, rtm, adx, fma, vzeroupper, clflush, clflushopt, rdtscp, f16c
Processor Information for the first 4 processors :
  Max Mhz: 2496, Current Mhz: 2396, Mhz Limit: 2396

Memory: 4k page, system-wide physical 8047M (461M free)
TotalPageFile size 32623M (AvailPageFile size 5M)
current process WorkingSet (physical memory assigned to process): 279M, peak: 279M
current process commit charge ("private bytes"): 307M, peak: 316M

vm_info: OpenJDK 64-Bit Server VM (21.0.6+-13368085-b895.109) for windows-amd64 JRE (21.0.6+-13368085-b895.109), built on 2025-04-16T17:01:31Z by "builder" with MS VC++ 16.10 / 16.11 (VS2019)

END.
