#
# There is insufficient memory for the Java Runtime Environment to continue.
# Native memory allocation (mmap) failed to map 75497472 bytes. Error detail: G1 virtual space
# Possible reasons:
#   The system is out of physical RAM or swap space
#   This process is running with CompressedOops enabled, and the Java Heap may be blocking the growth of the native heap
# Possible solutions:
#   Reduce memory load on the system
#   Increase physical memory or swap space
#   Check if swap backing store is full
#   Decrease Java heap size (-Xmx/-Xms)
#   Decrease number of Java threads
#   Decrease Java thread stack sizes (-Xss)
#   Set larger code cache with -XX:ReservedCodeCacheSize=
#   JVM is running with Zero Based Compressed Oops mode in which the Java heap is
#     placed in the first 32GB address space. The Java Heap base address is the
#     maximum limit for the native heap growth. Please use -XX:HeapBaseMinAddress
#     to set the Java Heap base and to place the Java Heap above 32GB virtual address.
# This output file may be truncated or incomplete.
#
#  Out of Memory Error (os_windows.cpp:3898), pid=2140, tid=11172
#
# JRE version: OpenJDK Runtime Environment (21.0.6) (build 21.0.6+-13368085-b895.109)
# Java VM: OpenJDK 64-Bit Server VM (21.0.6+-13368085-b895.109, mixed mode, tiered, compressed oops, compressed class ptrs, g1 gc, windows-amd64)
# No core dump will be written. Minidumps are not enabled by default on client versions of Windows
#

---------------  S U M M A R Y ------------

Command Line: --add-opens=java.base/java.lang=ALL-UNNAMED --add-opens=java.base/java.lang.invoke=ALL-UNNAMED --add-opens=java.base/java.util=ALL-UNNAMED --add-opens=java.prefs/java.util.prefs=ALL-UNNAMED --add-exports=jdk.compiler/com.sun.tools.javac.api=ALL-UNNAMED --add-exports=jdk.compiler/com.sun.tools.javac.util=ALL-UNNAMED --add-opens=java.base/java.util=ALL-UNNAMED --add-opens=java.prefs/java.util.prefs=ALL-UNNAMED --add-opens=java.base/java.nio.charset=ALL-UNNAMED --add-opens=java.base/java.net=ALL-UNNAMED --add-opens=java.base/java.util.concurrent.atomic=ALL-UNNAMED --add-opens=java.xml/javax.xml.namespace=ALL-UNNAMED -XX:MaxMetaspaceSize=4G -XX:ReservedCodeCacheSize=512m -XX:+HeapDumpOnOutOfMemoryError -Xmx8G -Dfile.encoding=UTF-8 -Duser.country=US -Duser.language=en -Duser.variant -javaagent:C:\Users\admin\.gradle\wrapper\dists\gradle-8.12-all\ejduaidbjup3bmmkhw3rie4zb\gradle-8.12\lib\agents\gradle-instrumentation-agent-8.12.jar org.gradle.launcher.daemon.bootstrap.GradleDaemon 8.12

Host: Intel(R) Core(TM) i5-6300U CPU @ 2.40GHz, 4 cores, 7G,  Windows 10 , 64 bit Build 19041 (10.0.19041.5915)
Time: Sun Aug 10 13:22:17 2025 Sri Lanka Standard Time elapsed time: 20.435016 seconds (0d 0h 0m 20s)

---------------  T H R E A D  ---------------

Current thread (0x00000285fe473310):  VMThread "VM Thread"          [id=11172, stack(0x000000d47e600000,0x000000d47e700000) (1024K)]

Stack: [0x000000d47e600000,0x000000d47e700000]
Native frames: (J=compiled Java code, j=interpreted, Vv=VM code, C=native code)
V  [jvm.dll+0x6d0639]
V  [jvm.dll+0x85eb03]
V  [jvm.dll+0x86105e]
V  [jvm.dll+0x861743]
V  [jvm.dll+0x27e6e6]
V  [jvm.dll+0x6ccfd5]
V  [jvm.dll+0x6c0a8a]
V  [jvm.dll+0x35537b]
V  [jvm.dll+0x35cfd6]
V  [jvm.dll+0x3aef86]
V  [jvm.dll+0x3af258]
V  [jvm.dll+0x327a2c]
V  [jvm.dll+0x327ab7]
V  [jvm.dll+0x36d93c]
V  [jvm.dll+0x36c0ee]
V  [jvm.dll+0x327181]
V  [jvm.dll+0x36b7f0]
V  [jvm.dll+0x8674c8]
V  [jvm.dll+0x868844]
V  [jvm.dll+0x868d80]
V  [jvm.dll+0x869013]
V  [jvm.dll+0x806ed8]
V  [jvm.dll+0x6cef0d]
C  [ucrtbase.dll+0x21bb2]
C  [KERNEL32.DLL+0x17374]
C  [ntdll.dll+0x4cc91]

VM_Operation (0x000000d47fbf8200): G1CollectForAllocation, mode: safepoint, requested by thread 0x00000285a7477ea0


---------------  P R O C E S S  ---------------

Threads class SMR info:
_java_thread_list=0x00000285a8daf9e0, length=28, elements={
0x00000285eec88810, 0x00000285fe99a700, 0x00000285fe99d420, 0x00000285fe9ba470,
0x00000285fe9baec0, 0x00000285fe9af2b0, 0x00000285fe9afd00, 0x00000285fe9bd6c0,
0x00000285fe9be150, 0x00000285fe461b90, 0x00000285fecae730, 0x00000285a64636f0,
0x00000285a6ee07c0, 0x00000285a733f140, 0x00000285a71b6090, 0x00000285a71b2350,
0x00000285a747acc0, 0x00000285a7477ea0, 0x00000285a7163ca0, 0x00000285a7167510,
0x00000285a7165ad0, 0x00000285a7167ba0, 0x00000285a71667f0, 0x00000285a7166e80,
0x00000285a7164720, 0x00000285a7164db0, 0x00000285a7165440, 0x00000285a7166160
}

Java Threads: ( => current thread )
  0x00000285eec88810 JavaThread "main"                              [_thread_blocked, id=13980, stack(0x000000d47df00000,0x000000d47e000000) (1024K)]
  0x00000285fe99a700 JavaThread "Reference Handler"          daemon [_thread_blocked, id=33156, stack(0x000000d47e700000,0x000000d47e800000) (1024K)]
  0x00000285fe99d420 JavaThread "Finalizer"                  daemon [_thread_blocked, id=13164, stack(0x000000d47e800000,0x000000d47e900000) (1024K)]
  0x00000285fe9ba470 JavaThread "Signal Dispatcher"          daemon [_thread_blocked, id=41084, stack(0x000000d47e900000,0x000000d47ea00000) (1024K)]
  0x00000285fe9baec0 JavaThread "Attach Listener"            daemon [_thread_blocked, id=41872, stack(0x000000d47ea00000,0x000000d47eb00000) (1024K)]
  0x00000285fe9af2b0 JavaThread "Service Thread"             daemon [_thread_blocked, id=32872, stack(0x000000d47eb00000,0x000000d47ec00000) (1024K)]
  0x00000285fe9afd00 JavaThread "Monitor Deflation Thread"   daemon [_thread_blocked, id=8484, stack(0x000000d47ec00000,0x000000d47ed00000) (1024K)]
  0x00000285fe9bd6c0 JavaThread "C2 CompilerThread0"         daemon [_thread_in_native, id=21496, stack(0x000000d47ed00000,0x000000d47ee00000) (1024K)]
  0x00000285fe9be150 JavaThread "C1 CompilerThread0"         daemon [_thread_blocked, id=5708, stack(0x000000d47ee00000,0x000000d47ef00000) (1024K)]
  0x00000285fe461b90 JavaThread "Common-Cleaner"             daemon [_thread_blocked, id=39948, stack(0x000000d47ef00000,0x000000d47f000000) (1024K)]
  0x00000285fecae730 JavaThread "Notification Thread"        daemon [_thread_blocked, id=16124, stack(0x000000d47f000000,0x000000d47f100000) (1024K)]
  0x00000285a64636f0 JavaThread "Daemon health stats"               [_thread_blocked, id=31976, stack(0x000000d47f300000,0x000000d47f400000) (1024K)]
  0x00000285a6ee07c0 JavaThread "Incoming local TCP Connector on port 55557"        [_thread_in_native, id=20348, stack(0x000000d47f600000,0x000000d47f700000) (1024K)]
  0x00000285a733f140 JavaThread "Daemon periodic checks"            [_thread_blocked, id=33004, stack(0x000000d47f700000,0x000000d47f800000) (1024K)]
  0x00000285a71b6090 JavaThread "Daemon"                            [_thread_blocked, id=23788, stack(0x000000d47f800000,0x000000d47f900000) (1024K)]
  0x00000285a71b2350 JavaThread "Handler for socket connection from /127.0.0.1:55557 to /127.0.0.1:55561"        [_thread_in_native, id=12632, stack(0x000000d47f900000,0x000000d47fa00000) (1024K)]
  0x00000285a747acc0 JavaThread "Cancel handler"                    [_thread_blocked, id=40944, stack(0x000000d47fa00000,0x000000d47fb00000) (1024K)]
  0x00000285a7477ea0 JavaThread "Daemon worker"                     [_thread_blocked, id=24072, stack(0x000000d47fb00000,0x000000d47fc00000) (1024K)]
  0x00000285a7163ca0 JavaThread "Asynchronous log dispatcher for DefaultDaemonConnection: socket connection from /127.0.0.1:55557 to /127.0.0.1:55561"        [_thread_blocked, id=32484, stack(0x000000d47fc00000,0x000000d47fd00000) (1024K)]
  0x00000285a7167510 JavaThread "Stdin handler"                     [_thread_blocked, id=29776, stack(0x000000d47fd00000,0x000000d47fe00000) (1024K)]
  0x00000285a7165ad0 JavaThread "Daemon client event forwarder"        [_thread_blocked, id=19784, stack(0x000000d47fe00000,0x000000d47ff00000) (1024K)]
  0x00000285a7167ba0 JavaThread "Cache worker for journal cache (C:\Users\admin\.gradle\caches\journal-1)"        [_thread_blocked, id=35900, stack(0x000000d47f500000,0x000000d47f600000) (1024K)]
  0x00000285a71667f0 JavaThread "File lock request listener"        [_thread_in_native, id=38596, stack(0x000000d47ff00000,0x000000d480000000) (1024K)]
  0x00000285a7166e80 JavaThread "Cache worker for file hash cache (C:\Users\admin\.gradle\caches\8.12\fileHashes)"        [_thread_blocked, id=39352, stack(0x000000d400000000,0x000000d400100000) (1024K)]
  0x00000285a7164720 JavaThread "Cache worker for file hash cache (C:\Users\admin\rapid mixer 6\rapid_mixer\android\.gradle\8.12\fileHashes)"        [_thread_blocked, id=35968, stack(0x000000d400200000,0x000000d400300000) (1024K)]
  0x00000285a7164db0 JavaThread "Cache worker for Build Output Cleanup Cache (C:\Users\admin\rapid mixer 6\rapid_mixer\android\.gradle\buildOutputCleanup)"        [_thread_blocked, id=4584, stack(0x000000d400300000,0x000000d400400000) (1024K)]
  0x00000285a7165440 JavaThread "File watcher server"        daemon [_thread_in_native, id=40132, stack(0x000000d400400000,0x000000d400500000) (1024K)]
  0x00000285a7166160 JavaThread "File watcher consumer"      daemon [_thread_blocked, id=36788, stack(0x000000d400500000,0x000000d400600000) (1024K)]
Total: 28

Other Threads:
=>0x00000285fe473310 VMThread "VM Thread"                           [id=11172, stack(0x000000d47e600000,0x000000d47e700000) (1024K)]
  0x00000285fe4611c0 WatcherThread "VM Periodic Task Thread"        [id=21644, stack(0x000000d47e500000,0x000000d47e600000) (1024K)]
  0x00000285f1003640 WorkerThread "GC Thread#0"                     [id=11704, stack(0x000000d47e000000,0x000000d47e100000) (1024K)]
  0x00000285fe4748d0 WorkerThread "GC Thread#1"                     [id=34344, stack(0x000000d47f100000,0x000000d47f200000) (1024K)]
  0x00000285fe473df0 WorkerThread "GC Thread#2"                     [id=22896, stack(0x000000d47f200000,0x000000d47f300000) (1024K)]
  0x00000285fe474530 WorkerThread "GC Thread#3"                     [id=17344, stack(0x000000d47f400000,0x000000d47f500000) (1024K)]
  0x00000285f1010690 ConcurrentGCThread "G1 Main Marker"            [id=41624, stack(0x000000d47e100000,0x000000d47e200000) (1024K)]
  0x00000285f1013860 WorkerThread "G1 Conc#0"                       [id=41496, stack(0x000000d47e200000,0x000000d47e300000) (1024K)]
  0x00000285fe338aa0 ConcurrentGCThread "G1 Refine#0"               [id=32344, stack(0x000000d47e300000,0x000000d47e400000) (1024K)]
  0x00000285fe339520 ConcurrentGCThread "G1 Service"                [id=40604, stack(0x000000d47e400000,0x000000d47e500000) (1024K)]
Total: 10

Threads with active compile tasks:
C2 CompilerThread0  20494 5266       4       org.objectweb.asm.ClassReader::accept (1419 bytes)
Total: 1

VM state: at safepoint (normal execution)

VM Mutex/Monitor currently owned by a thread:  ([mutex/lock_event])
[0x00007fff74dae3a0] Threads_lock - owner thread: 0x00000285fe473310
[0x00007fff74dae4a0] Heap_lock - owner thread: 0x00000285a7477ea0

Heap address: 0x0000000600000000, size: 8192 MB, Compressed Oops mode: Zero based, Oop shift amount: 3

CDS archive(s) not mapped
Compressed class space mapped at: 0x0000000800000000-0x0000000840000000, reserved size: 1073741824
Narrow klass base: 0x0000000800000000, Narrow klass shift: 0, Narrow klass range: 0x40000000

GC Precious Log:
 CardTable entry size: 512
 Card Set container configuration: InlinePtr #cards 4 size 8 Array Of Cards #cards 32 size 80 Howl #buckets 8 coarsen threshold 7372 Howl Bitmap #cards 1024 size 144 coarsen threshold 921 Card regions per heap region 1 cards per card region 8192
 CPUs: 4 total, 4 available
 Memory: 8047M
 Large Page Support: Disabled
 NUMA Support: Disabled
 Compressed Oops: Enabled (Zero based)
 Heap Region Size: 4M
 Heap Min Capacity: 8M
 Heap Initial Capacity: 128M
 Heap Max Capacity: 8G
 Pre-touch: Disabled
 Parallel Workers: 4
 Concurrent Workers: 1
 Concurrent Refinement Workers: 4
 Periodic GC: Disabled

Heap:
 garbage-first heap   total 307200K, used 50569K [0x0000000600000000, 0x0000000800000000)
  region size 4096K, 3 young (12288K), 3 survivors (12288K)
 Metaspace       used 45650K, committed 46656K, reserved 1114112K
  class space    used 5782K, committed 6272K, reserved 1048576K

Heap Regions: E=young(eden), S=young(survivor), O=old, HS=humongous(starts), HC=humongous(continues), CS=collection set, F=free, TAMS=top-at-mark-start, PB=parsable bottom
|   0|0x0000000600000000, 0x0000000600400000, 0x0000000600400000|100%| O|  |TAMS 0x0000000600000000| PB 0x0000000600000000| Untracked 
|   1|0x0000000600400000, 0x0000000600800000, 0x0000000600800000|100%|HS|  |TAMS 0x0000000600400000| PB 0x0000000600400000| Complete 
|   2|0x0000000600800000, 0x0000000600c00000, 0x0000000600c00000|100%| O|  |TAMS 0x0000000600800000| PB 0x0000000600800000| Untracked 
|   3|0x0000000600c00000, 0x0000000601000000, 0x0000000601000000|100%| O|  |TAMS 0x0000000600c00000| PB 0x0000000600c00000| Untracked 
|   4|0x0000000601000000, 0x0000000601400000, 0x0000000601400000|100%| O|  |TAMS 0x0000000601000000| PB 0x0000000601000000| Untracked 
|   5|0x0000000601400000, 0x0000000601800000, 0x0000000601800000|100%| O|  |TAMS 0x0000000601400000| PB 0x0000000601400000| Untracked 
|   6|0x0000000601800000, 0x0000000601c00000, 0x0000000601c00000|100%| O|  |TAMS 0x0000000601800000| PB 0x0000000601800000| Untracked 
|   7|0x0000000601c00000, 0x0000000602000000, 0x0000000602000000|100%| O|  |TAMS 0x0000000601c00000| PB 0x0000000601c00000| Untracked 
|   8|0x0000000602000000, 0x0000000602400000, 0x0000000602400000|100%| O|  |TAMS 0x0000000602000000| PB 0x0000000602000000| Untracked 
|   9|0x0000000602400000, 0x00000006025ce0b0, 0x0000000602800000| 45%| O|  |TAMS 0x0000000602400000| PB 0x0000000602400000| Untracked 
|  10|0x0000000602800000, 0x0000000602800000, 0x0000000602c00000|  0%| F|  |TAMS 0x0000000602800000| PB 0x0000000602800000| Untracked 
|  11|0x0000000602c00000, 0x0000000602c00000, 0x0000000603000000|  0%| F|  |TAMS 0x0000000602c00000| PB 0x0000000602c00000| Untracked 
|  12|0x0000000603000000, 0x0000000603000000, 0x0000000603400000|  0%| F|  |TAMS 0x0000000603000000| PB 0x0000000603000000| Untracked 
|  13|0x0000000603400000, 0x0000000603400000, 0x0000000603800000|  0%| F|  |TAMS 0x0000000603400000| PB 0x0000000603400000| Untracked 
|  14|0x0000000603800000, 0x0000000603800000, 0x0000000603c00000|  0%| F|  |TAMS 0x0000000603800000| PB 0x0000000603800000| Untracked 
|  15|0x0000000603c00000, 0x0000000603c00000, 0x0000000604000000|  0%| F|  |TAMS 0x0000000603c00000| PB 0x0000000603c00000| Untracked 
|  16|0x0000000604000000, 0x0000000604000000, 0x0000000604400000|  0%| F|  |TAMS 0x0000000604000000| PB 0x0000000604000000| Untracked 
|  17|0x0000000604400000, 0x0000000604400000, 0x0000000604800000|  0%| F|  |TAMS 0x0000000604400000| PB 0x0000000604400000| Untracked 
|  18|0x0000000604800000, 0x0000000604800000, 0x0000000604c00000|  0%| F|  |TAMS 0x0000000604800000| PB 0x0000000604800000| Untracked 
|  19|0x0000000604c00000, 0x0000000604c00000, 0x0000000605000000|  0%| F|  |TAMS 0x0000000604c00000| PB 0x0000000604c00000| Untracked 
|  20|0x0000000605000000, 0x0000000605000000, 0x0000000605400000|  0%| F|  |TAMS 0x0000000605000000| PB 0x0000000605000000| Untracked 
|  21|0x0000000605400000, 0x0000000605400000, 0x0000000605800000|  0%| F|  |TAMS 0x0000000605400000| PB 0x0000000605400000| Untracked 
|  22|0x0000000605800000, 0x0000000605800000, 0x0000000605c00000|  0%| F|  |TAMS 0x0000000605800000| PB 0x0000000605800000| Untracked 
|  23|0x0000000605c00000, 0x0000000605c00000, 0x0000000606000000|  0%| F|  |TAMS 0x0000000605c00000| PB 0x0000000605c00000| Untracked 
|  24|0x0000000606000000, 0x0000000606000000, 0x0000000606400000|  0%| F|  |TAMS 0x0000000606000000| PB 0x0000000606000000| Untracked 
|  25|0x0000000606400000, 0x0000000606400000, 0x0000000606800000|  0%| F|  |TAMS 0x0000000606400000| PB 0x0000000606400000| Untracked 
|  26|0x0000000606800000, 0x0000000606800000, 0x0000000606c00000|  0%| F|  |TAMS 0x0000000606800000| PB 0x0000000606800000| Untracked 
|  27|0x0000000606c00000, 0x0000000606f94580, 0x0000000607000000| 89%| S|CS|TAMS 0x0000000606c00000| PB 0x0000000606c00000| Complete 
|  28|0x0000000607000000, 0x0000000607400000, 0x0000000607400000|100%| S|CS|TAMS 0x0000000607000000| PB 0x0000000607000000| Complete 
|  29|0x0000000607400000, 0x0000000607800000, 0x0000000607800000|100%| S|CS|TAMS 0x0000000607400000| PB 0x0000000607400000| Complete 
|  30|0x0000000607800000, 0x0000000607800000, 0x0000000607c00000|  0%| F|  |TAMS 0x0000000607800000| PB 0x0000000607800000| Untracked 
|  31|0x0000000607c00000, 0x0000000607c00000, 0x0000000608000000|  0%| F|  |TAMS 0x0000000607c00000| PB 0x0000000607c00000| Untracked 
|  32|0x0000000608000000, 0x0000000608000000, 0x0000000608400000|  0%| F|  |TAMS 0x0000000608000000| PB 0x0000000608000000| Untracked 
|  33|0x0000000608400000, 0x0000000608400000, 0x0000000608800000|  0%| F|  |TAMS 0x0000000608400000| PB 0x0000000608400000| Untracked 
|  34|0x0000000608800000, 0x0000000608800000, 0x0000000608c00000|  0%| F|  |TAMS 0x0000000608800000| PB 0x0000000608800000| Untracked 
|  35|0x0000000608c00000, 0x0000000608c00000, 0x0000000609000000|  0%| F|  |TAMS 0x0000000608c00000| PB 0x0000000608c00000| Untracked 
|  36|0x0000000609000000, 0x0000000609000000, 0x0000000609400000|  0%| F|  |TAMS 0x0000000609000000| PB 0x0000000609000000| Untracked 
|  37|0x0000000609400000, 0x0000000609400000, 0x0000000609800000|  0%| F|  |TAMS 0x0000000609400000| PB 0x0000000609400000| Untracked 
|  38|0x0000000609800000, 0x0000000609800000, 0x0000000609c00000|  0%| F|  |TAMS 0x0000000609800000| PB 0x0000000609800000| Untracked 
|  39|0x0000000609c00000, 0x0000000609c00000, 0x000000060a000000|  0%| F|  |TAMS 0x0000000609c00000| PB 0x0000000609c00000| Untracked 
|  40|0x000000060a000000, 0x000000060a000000, 0x000000060a400000|  0%| F|  |TAMS 0x000000060a000000| PB 0x000000060a000000| Untracked 
|  41|0x000000060a400000, 0x000000060a400000, 0x000000060a800000|  0%| F|  |TAMS 0x000000060a400000| PB 0x000000060a400000| Untracked 
|  42|0x000000060a800000, 0x000000060a800000, 0x000000060ac00000|  0%| F|  |TAMS 0x000000060a800000| PB 0x000000060a800000| Untracked 
|  43|0x000000060ac00000, 0x000000060ac00000, 0x000000060b000000|  0%| F|  |TAMS 0x000000060ac00000| PB 0x000000060ac00000| Untracked 
|  44|0x000000060b000000, 0x000000060b000000, 0x000000060b400000|  0%| F|  |TAMS 0x000000060b000000| PB 0x000000060b000000| Untracked 
|  45|0x000000060b400000, 0x000000060b400000, 0x000000060b800000|  0%| F|  |TAMS 0x000000060b400000| PB 0x000000060b400000| Untracked 
|  46|0x000000060b800000, 0x000000060b800000, 0x000000060bc00000|  0%| F|  |TAMS 0x000000060b800000| PB 0x000000060b800000| Untracked 
|  47|0x000000060bc00000, 0x000000060bc00000, 0x000000060c000000|  0%| F|  |TAMS 0x000000060bc00000| PB 0x000000060bc00000| Untracked 
|  48|0x000000060c000000, 0x000000060c000000, 0x000000060c400000|  0%| F|  |TAMS 0x000000060c000000| PB 0x000000060c000000| Untracked 
|  49|0x000000060c400000, 0x000000060c400000, 0x000000060c800000|  0%| F|  |TAMS 0x000000060c400000| PB 0x000000060c400000| Untracked 
|  50|0x000000060c800000, 0x000000060c800000, 0x000000060cc00000|  0%| F|  |TAMS 0x000000060c800000| PB 0x000000060c800000| Untracked 
|  51|0x000000060cc00000, 0x000000060cc00000, 0x000000060d000000|  0%| F|  |TAMS 0x000000060cc00000| PB 0x000000060cc00000| Untracked 
|  52|0x000000060d000000, 0x000000060d000000, 0x000000060d400000|  0%| F|  |TAMS 0x000000060d000000| PB 0x000000060d000000| Untracked 
|  53|0x000000060d400000, 0x000000060d400000, 0x000000060d800000|  0%| F|  |TAMS 0x000000060d400000| PB 0x000000060d400000| Untracked 
|  54|0x000000060d800000, 0x000000060d800000, 0x000000060dc00000|  0%| F|  |TAMS 0x000000060d800000| PB 0x000000060d800000| Untracked 
|  55|0x000000060dc00000, 0x000000060dc00000, 0x000000060e000000|  0%| F|  |TAMS 0x000000060dc00000| PB 0x000000060dc00000| Untracked 
|  56|0x000000060e000000, 0x000000060e000000, 0x000000060e400000|  0%| F|  |TAMS 0x000000060e000000| PB 0x000000060e000000| Untracked 
|  57|0x000000060e400000, 0x000000060e400000, 0x000000060e800000|  0%| F|  |TAMS 0x000000060e400000| PB 0x000000060e400000| Untracked 
|  58|0x000000060e800000, 0x000000060e800000, 0x000000060ec00000|  0%| F|  |TAMS 0x000000060e800000| PB 0x000000060e800000| Untracked 
|  59|0x000000060ec00000, 0x000000060ec00000, 0x000000060f000000|  0%| F|  |TAMS 0x000000060ec00000| PB 0x000000060ec00000| Untracked 
|  60|0x000000060f000000, 0x000000060f000000, 0x000000060f400000|  0%| F|  |TAMS 0x000000060f000000| PB 0x000000060f000000| Untracked 
|  61|0x000000060f400000, 0x000000060f400000, 0x000000060f800000|  0%| F|  |TAMS 0x000000060f400000| PB 0x000000060f400000| Untracked 
|  62|0x000000060f800000, 0x000000060f800000, 0x000000060fc00000|  0%| F|  |TAMS 0x000000060f800000| PB 0x000000060f800000| Untracked 
|  63|0x000000060fc00000, 0x000000060fc00000, 0x0000000610000000|  0%| F|  |TAMS 0x000000060fc00000| PB 0x000000060fc00000| Untracked 
|  64|0x0000000610000000, 0x0000000610000000, 0x0000000610400000|  0%| F|  |TAMS 0x0000000610000000| PB 0x0000000610000000| Untracked 
|  65|0x0000000610400000, 0x0000000610400000, 0x0000000610800000|  0%| F|  |TAMS 0x0000000610400000| PB 0x0000000610400000| Untracked 
|  66|0x0000000610800000, 0x0000000610800000, 0x0000000610c00000|  0%| F|  |TAMS 0x0000000610800000| PB 0x0000000610800000| Untracked 
|  67|0x0000000610c00000, 0x0000000610c00000, 0x0000000611000000|  0%| F|  |TAMS 0x0000000610c00000| PB 0x0000000610c00000| Untracked 
|  68|0x0000000611000000, 0x0000000611000000, 0x0000000611400000|  0%| F|  |TAMS 0x0000000611000000| PB 0x0000000611000000| Untracked 
|  69|0x0000000611400000, 0x0000000611400000, 0x0000000611800000|  0%| F|  |TAMS 0x0000000611400000| PB 0x0000000611400000| Untracked 
|  70|0x0000000611800000, 0x0000000611800000, 0x0000000611c00000|  0%| F|  |TAMS 0x0000000611800000| PB 0x0000000611800000| Untracked 
|  71|0x0000000611c00000, 0x0000000611c00000, 0x0000000612000000|  0%| F|  |TAMS 0x0000000611c00000| PB 0x0000000611c00000| Untracked 
|  72|0x0000000612000000, 0x0000000612000000, 0x0000000612400000|  0%| F|  |TAMS 0x0000000612000000| PB 0x0000000612000000| Untracked 
|  73|0x0000000612400000, 0x0000000612400000, 0x0000000612800000|  0%| F|  |TAMS 0x0000000612400000| PB 0x0000000612400000| Untracked 
|  74|0x0000000612800000, 0x0000000612800000, 0x0000000612c00000|  0%| F|  |TAMS 0x0000000612800000| PB 0x0000000612800000| Untracked 

Card table byte_map: [0x00000285f51c0000,0x00000285f61c0000] _byte_map_base: 0x00000285f21c0000

Marking Bits: (CMBitMap*) 0x00000285f1003c50
 Bits: [0x00000285f61c0000, 0x00000285fe1c0000)

Polling page: 0x00000285eede0000

Metaspace:

Usage:
  Non-class:     38.93 MB used.
      Class:      5.65 MB used.
       Both:     44.58 MB used.

Virtual space:
  Non-class space:       64.00 MB reserved,      39.44 MB ( 62%) committed,  1 nodes.
      Class space:        1.00 GB reserved,       6.12 MB ( <1%) committed,  1 nodes.
             Both:        1.06 GB reserved,      45.56 MB (  4%) committed. 

Chunk freelists:
   Non-Class:  8.16 MB
       Class:  9.73 MB
        Both:  17.89 MB

MaxMetaspaceSize: 4.00 GB
CompressedClassSpaceSize: 1.00 GB
Initial GC threshold: 21.00 MB
Current GC threshold: 59.69 MB
CDS: off
 - commit_granule_bytes: 65536.
 - commit_granule_words: 8192.
 - virtual_space_node_default_size: 8388608.
 - enlarge_chunks_in_place: 1.
 - use_allocation_guard: 0.


Internal statistics:

num_allocs_failed_limit: 9.
num_arena_births: 1624.
num_arena_deaths: 0.
num_vsnodes_births: 2.
num_vsnodes_deaths: 0.
num_space_committed: 729.
num_space_uncommitted: 0.
num_chunks_returned_to_freelist: 9.
num_chunks_taken_from_freelist: 3114.
num_chunk_merges: 9.
num_chunk_splits: 2038.
num_chunks_enlarged: 1343.
num_inconsistent_stats: 0.

CodeHeap 'non-profiled nmethods': size=259264Kb used=4907Kb max_used=4907Kb free=254356Kb
 bounds [0x00000285902d0000, 0x00000285907a0000, 0x00000285a0000000]
CodeHeap 'profiled nmethods': size=259264Kb used=9818Kb max_used=9818Kb free=249446Kb
 bounds [0x0000028580000000, 0x00000285809a0000, 0x000002858fd30000]
CodeHeap 'non-nmethods': size=5760Kb used=1915Kb max_used=2025Kb free=3844Kb
 bounds [0x000002858fd30000, 0x000002858ffa0000, 0x00000285902d0000]
 total_blobs=5577 nmethods=4875 adapters=606
 compilation: enabled
              stopped_count=0, restarted_count=0
 full_count=0

Compilation events (20 events):
Event: 19.485 Thread 0x00000285fe9be150 nmethod 5258 0x0000028580980710 code [0x00000285809808a0, 0x0000028580980998]
Event: 19.485 Thread 0x00000285fe9be150 5259       3       java.util.Collections$EmptyList::spliterator (4 bytes)
Event: 19.485 Thread 0x00000285fe9be150 nmethod 5259 0x0000028580980a10 code [0x0000028580980bc0, 0x0000028580980d30]
Event: 19.485 Thread 0x00000285fe9be150 5260       3       java.util.Spliterators$EmptySpliterator$OfRef::forEachRemaining (6 bytes)
Event: 19.485 Thread 0x00000285fe9be150 nmethod 5260 0x0000028580980e10 code [0x0000028580980fe0, 0x0000028580981298]
Event: 19.503 Thread 0x00000285fe9be150 5261       3       org.objectweb.asm.ClassWriter::toByteArray (1535 bytes)
Event: 19.512 Thread 0x00000285fe9be150 nmethod 5261 0x0000028580981390 code [0x0000028580981cc0, 0x00000285809859d0]
Event: 19.533 Thread 0x00000285fe9be150 5262       3       org.objectweb.asm.ClassReader::accept (1419 bytes)
Event: 19.543 Thread 0x00000285fe9be150 nmethod 5262 0x0000028580987990 code [0x0000028580988560, 0x000002858098f610]
Event: 19.728 Thread 0x00000285fe9bd6c0 5263       4       org.objectweb.asm.FieldWriter::putFieldInfo (269 bytes)
Event: 19.747 Thread 0x00000285fe9bd6c0 nmethod 5263 0x0000028590790a90 code [0x0000028590790de0, 0x0000028590791b98]
Event: 19.795 Thread 0x00000285fe9bd6c0 5264       4       org.objectweb.asm.ClassWriter::toByteArray (1535 bytes)
Event: 19.965 Thread 0x00000285fe9bd6c0 nmethod 5264 0x0000028590792710 code [0x0000028590792f80, 0x0000028590797560]
Event: 19.965 Thread 0x00000285fe9bd6c0 5265       4       org.objectweb.asm.ByteVector::putLong (145 bytes)
Event: 19.968 Thread 0x00000285fe9bd6c0 nmethod 5265 0x000002859079a790 code [0x000002859079a940, 0x000002859079ab98]
Event: 20.061 Thread 0x00000285fe9bd6c0 5266       4       org.objectweb.asm.ClassReader::accept (1419 bytes)
Event: 20.301 Thread 0x00000285fe9be150 5267       3       org.objectweb.asm.MethodVisitor::visitMultiANewArrayInsn (17 bytes)
Event: 20.301 Thread 0x00000285fe9be150 nmethod 5267 0x0000028580992c90 code [0x0000028580992e40, 0x0000028580993050]
Event: 20.362 Thread 0x00000285fe9be150 5268   !   3       java.lang.String::replace (258 bytes)
Event: 20.365 Thread 0x00000285fe9be150 nmethod 5268 0x0000028580993110 code [0x00000285809935e0, 0x0000028580995888]

GC Heap History (20 events):
Event: 16.023 GC heap after
{Heap after GC invocations=37 (full 0):
 garbage-first heap   total 208896K, used 40709K [0x0000000600000000, 0x0000000800000000)
  region size 4096K, 2 young (8192K), 2 survivors (8192K)
 Metaspace       used 45629K, committed 46656K, reserved 1114112K
  class space    used 5782K, committed 6272K, reserved 1048576K
}
Event: 16.281 GC heap before
{Heap before GC invocations=37 (full 0):
 garbage-first heap   total 208896K, used 155397K [0x0000000600000000, 0x0000000800000000)
  region size 4096K, 30 young (122880K), 2 survivors (8192K)
 Metaspace       used 45632K, committed 46656K, reserved 1114112K
  class space    used 5782K, committed 6272K, reserved 1048576K
}
Event: 16.288 GC heap after
{Heap after GC invocations=38 (full 0):
 garbage-first heap   total 253952K, used 41379K [0x0000000600000000, 0x0000000800000000)
  region size 4096K, 2 young (8192K), 2 survivors (8192K)
 Metaspace       used 45632K, committed 46656K, reserved 1114112K
  class space    used 5782K, committed 6272K, reserved 1048576K
}
Event: 16.767 GC heap before
{Heap before GC invocations=38 (full 0):
 garbage-first heap   total 253952K, used 184739K [0x0000000600000000, 0x0000000800000000)
  region size 4096K, 37 young (151552K), 2 survivors (8192K)
 Metaspace       used 45632K, committed 46656K, reserved 1114112K
  class space    used 5782K, committed 6272K, reserved 1048576K
}
Event: 16.774 GC heap after
{Heap after GC invocations=39 (full 0):
 garbage-first heap   total 253952K, used 42664K [0x0000000600000000, 0x0000000800000000)
  region size 4096K, 2 young (8192K), 2 survivors (8192K)
 Metaspace       used 45632K, committed 46656K, reserved 1114112K
  class space    used 5782K, committed 6272K, reserved 1048576K
}
Event: 17.297 GC heap before
{Heap before GC invocations=39 (full 0):
 garbage-first heap   total 253952K, used 186024K [0x0000000600000000, 0x0000000800000000)
  region size 4096K, 37 young (151552K), 2 survivors (8192K)
 Metaspace       used 45636K, committed 46656K, reserved 1114112K
  class space    used 5782K, committed 6272K, reserved 1048576K
}
Event: 17.303 GC heap after
{Heap after GC invocations=40 (full 0):
 garbage-first heap   total 253952K, used 43548K [0x0000000600000000, 0x0000000800000000)
  region size 4096K, 3 young (12288K), 3 survivors (12288K)
 Metaspace       used 45636K, committed 46656K, reserved 1114112K
  class space    used 5782K, committed 6272K, reserved 1048576K
}
Event: 18.057 GC heap before
{Heap before GC invocations=40 (full 0):
 garbage-first heap   total 253952K, used 182812K [0x0000000600000000, 0x0000000800000000)
  region size 4096K, 37 young (151552K), 3 survivors (12288K)
 Metaspace       used 45640K, committed 46656K, reserved 1114112K
  class space    used 5782K, committed 6272K, reserved 1048576K
}
Event: 18.063 GC heap after
{Heap after GC invocations=41 (full 0):
 garbage-first heap   total 253952K, used 44762K [0x0000000600000000, 0x0000000800000000)
  region size 4096K, 3 young (12288K), 3 survivors (12288K)
 Metaspace       used 45640K, committed 46656K, reserved 1114112K
  class space    used 5782K, committed 6272K, reserved 1048576K
}
Event: 18.321 GC heap before
{Heap before GC invocations=41 (full 0):
 garbage-first heap   total 253952K, used 184026K [0x0000000600000000, 0x0000000800000000)
  region size 4096K, 37 young (151552K), 3 survivors (12288K)
 Metaspace       used 45641K, committed 46656K, reserved 1114112K
  class space    used 5782K, committed 6272K, reserved 1048576K
}
Event: 18.329 GC heap after
{Heap after GC invocations=42 (full 0):
 garbage-first heap   total 253952K, used 45836K [0x0000000600000000, 0x0000000800000000)
  region size 4096K, 3 young (12288K), 3 survivors (12288K)
 Metaspace       used 45641K, committed 46656K, reserved 1114112K
  class space    used 5782K, committed 6272K, reserved 1048576K
}
Event: 18.568 GC heap before
{Heap before GC invocations=42 (full 0):
 garbage-first heap   total 253952K, used 185100K [0x0000000600000000, 0x0000000800000000)
  region size 4096K, 37 young (151552K), 3 survivors (12288K)
 Metaspace       used 45645K, committed 46656K, reserved 1114112K
  class space    used 5782K, committed 6272K, reserved 1048576K
}
Event: 18.577 GC heap after
{Heap after GC invocations=43 (full 0):
 garbage-first heap   total 307200K, used 46789K [0x0000000600000000, 0x0000000800000000)
  region size 4096K, 3 young (12288K), 3 survivors (12288K)
 Metaspace       used 45645K, committed 46656K, reserved 1114112K
  class space    used 5782K, committed 6272K, reserved 1048576K
}
Event: 18.853 GC heap before
{Heap before GC invocations=43 (full 0):
 garbage-first heap   total 307200K, used 218821K [0x0000000600000000, 0x0000000800000000)
  region size 4096K, 45 young (184320K), 3 survivors (12288K)
 Metaspace       used 45645K, committed 46656K, reserved 1114112K
  class space    used 5782K, committed 6272K, reserved 1048576K
}
Event: 18.861 GC heap after
{Heap after GC invocations=44 (full 0):
 garbage-first heap   total 307200K, used 47752K [0x0000000600000000, 0x0000000800000000)
  region size 4096K, 3 young (12288K), 3 survivors (12288K)
 Metaspace       used 45645K, committed 46656K, reserved 1114112K
  class space    used 5782K, committed 6272K, reserved 1048576K
}
Event: 19.234 GC heap before
{Heap before GC invocations=44 (full 0):
 garbage-first heap   total 307200K, used 219784K [0x0000000600000000, 0x0000000800000000)
  region size 4096K, 45 young (184320K), 3 survivors (12288K)
 Metaspace       used 45645K, committed 46656K, reserved 1114112K
  class space    used 5782K, committed 6272K, reserved 1048576K
}
Event: 19.246 GC heap after
{Heap after GC invocations=45 (full 0):
 garbage-first heap   total 307200K, used 48830K [0x0000000600000000, 0x0000000800000000)
  region size 4096K, 3 young (12288K), 3 survivors (12288K)
 Metaspace       used 45645K, committed 46656K, reserved 1114112K
  class space    used 5782K, committed 6272K, reserved 1048576K
}
Event: 19.872 GC heap before
{Heap before GC invocations=45 (full 0):
 garbage-first heap   total 307200K, used 220862K [0x0000000600000000, 0x0000000800000000)
  region size 4096K, 45 young (184320K), 3 survivors (12288K)
 Metaspace       used 45646K, committed 46656K, reserved 1114112K
  class space    used 5782K, committed 6272K, reserved 1048576K
}
Event: 19.883 GC heap after
{Heap after GC invocations=46 (full 0):
 garbage-first heap   total 307200K, used 49214K [0x0000000600000000, 0x0000000800000000)
  region size 4096K, 3 young (12288K), 3 survivors (12288K)
 Metaspace       used 45646K, committed 46656K, reserved 1114112K
  class space    used 5782K, committed 6272K, reserved 1048576K
}
Event: 20.419 GC heap before
{Heap before GC invocations=46 (full 0):
 garbage-first heap   total 307200K, used 221246K [0x0000000600000000, 0x0000000800000000)
  region size 4096K, 45 young (184320K), 3 survivors (12288K)
 Metaspace       used 45650K, committed 46656K, reserved 1114112K
  class space    used 5782K, committed 6272K, reserved 1048576K
}

Dll operation events (3 events):
Event: 0.014 Loaded shared library C:\Program Files\Android\Android Studio1\jbr\bin\java.dll
Event: 0.020 Loaded shared library C:\Program Files\Android\Android Studio1\jbr\bin\zip.dll
Event: 0.686 Loaded shared library C:\Program Files\Android\Android Studio1\jbr\bin\verify.dll

Deoptimization events (20 events):
Event: 16.866 Thread 0x00000285a7477ea0 Uncommon trap: trap_request=0xffffff45 fr.pc=0x00000285904f9268 relative=0x00000000000008c8
Event: 16.866 Thread 0x00000285a7477ea0 Uncommon trap: reason=unstable_if action=reinterpret pc=0x00000285904f9268 method=org.objectweb.asm.MethodWriter.visitVarInsn(II)V @ 20 c2
Event: 16.866 Thread 0x00000285a7477ea0 DEOPT PACKING pc=0x00000285904f9268 sp=0x000000d47fbf8480
Event: 16.866 Thread 0x00000285a7477ea0 DEOPT UNPACKING pc=0x000002858fd846a2 sp=0x000000d47fbf8348 mode 2
Event: 16.997 Thread 0x00000285a7477ea0 DEOPT PACKING pc=0x0000028580925fc0 sp=0x000000d47fbf83d0
Event: 16.997 Thread 0x00000285a7477ea0 DEOPT UNPACKING pc=0x000002858fd84e42 sp=0x000000d47fbf7870 mode 0
Event: 17.533 Thread 0x00000285a7477ea0 Uncommon trap: trap_request=0xffffff45 fr.pc=0x000002859062afe8 relative=0x00000000000002a8
Event: 17.533 Thread 0x00000285a7477ea0 Uncommon trap: reason=unstable_if action=reinterpret pc=0x000002859062afe8 method=org.objectweb.asm.Label.addLineNumber(I)V @ 65 c2
Event: 17.533 Thread 0x00000285a7477ea0 DEOPT PACKING pc=0x000002859062afe8 sp=0x000000d47fbf8480
Event: 17.533 Thread 0x00000285a7477ea0 DEOPT UNPACKING pc=0x000002858fd846a2 sp=0x000000d47fbf8428 mode 2
Event: 18.891 Thread 0x00000285a7477ea0 DEOPT PACKING pc=0x00000285804ac4d6 sp=0x000000d47fbf8550
Event: 18.891 Thread 0x00000285a7477ea0 DEOPT UNPACKING pc=0x000002858fd84e42 sp=0x000000d47fbf7a98 mode 0
Event: 19.501 Thread 0x00000285a7477ea0 Uncommon trap: trap_request=0xffffff45 fr.pc=0x00000285906ce4d8 relative=0x00000000000061b8
Event: 19.501 Thread 0x00000285a7477ea0 Uncommon trap: reason=unstable_if action=reinterpret pc=0x00000285906ce4d8 method=org.objectweb.asm.ClassReader.accept(Lorg/objectweb/asm/ClassVisitor;[Lorg/objectweb/asm/Attribute;I)V @ 287 c2
Event: 19.501 Thread 0x00000285a7477ea0 DEOPT PACKING pc=0x00000285906ce4d8 sp=0x000000d47fbf8ae0
Event: 19.501 Thread 0x00000285a7477ea0 DEOPT UNPACKING pc=0x000002858fd846a2 sp=0x000000d47fbf8ab8 mode 2
Event: 19.501 Thread 0x00000285a7477ea0 Uncommon trap: trap_request=0xffffff45 fr.pc=0x000002859073b968 relative=0x0000000000004268
Event: 19.501 Thread 0x00000285a7477ea0 Uncommon trap: reason=unstable_if action=reinterpret pc=0x000002859073b968 method=org.objectweb.asm.ClassWriter.toByteArray()[B @ 439 c2
Event: 19.501 Thread 0x00000285a7477ea0 DEOPT PACKING pc=0x000002859073b968 sp=0x000000d47fbf8ba0
Event: 19.501 Thread 0x00000285a7477ea0 DEOPT UNPACKING pc=0x000002858fd846a2 sp=0x000000d47fbf8b48 mode 2

Classes loaded (20 events):
Event: 8.508 Loading class java/nio/charset/UnsupportedCharsetException
Event: 8.508 Loading class java/nio/charset/UnsupportedCharsetException done
Event: 8.510 Loading class java/util/Collections$UnmodifiableSortedMap
Event: 8.511 Loading class java/util/Collections$UnmodifiableSortedMap done
Event: 8.512 Loading class java/util/zip/Deflater
Event: 8.512 Loading class java/util/zip/Deflater done
Event: 8.513 Loading class java/util/zip/Deflater$DeflaterZStreamRef
Event: 8.513 Loading class java/util/zip/Deflater$DeflaterZStreamRef done
Event: 8.525 Loading class java/util/zip/ZipFile$ZipEntryIterator
Event: 8.525 Loading class java/util/zip/ZipFile$ZipEntryIterator done
Event: 8.595 Loading class java/nio/StringCharBuffer
Event: 8.595 Loading class java/nio/StringCharBuffer done
Event: 12.208 Loading class java/util/regex/Pattern$Caret
Event: 12.208 Loading class java/util/regex/Pattern$Caret done
Event: 12.376 Loading class java/lang/foreign/MemorySegment
Event: 12.377 Loading class java/lang/foreign/MemorySegment done
Event: 12.842 Loading class java/util/concurrent/LinkedBlockingDeque$Itr
Event: 12.842 Loading class java/util/concurrent/LinkedBlockingDeque$AbstractItr
Event: 12.842 Loading class java/util/concurrent/LinkedBlockingDeque$AbstractItr done
Event: 12.842 Loading class java/util/concurrent/LinkedBlockingDeque$Itr done

Classes unloaded (0 events):
No events

Classes redefined (0 events):
No events

Internal exceptions (20 events):
Event: 7.692 Thread 0x00000285a7477ea0 Exception <a 'java/lang/ClassNotFoundException'{0x0000000602c006e8}: org/gradle/internal/extensibility/DefaultExtraPropertiesExtensionBeanInfo> (0x0000000602c006e8) 
thrown [s\src\hotspot\share\classfile\systemDictionary.cpp, line 312]
Event: 7.693 Thread 0x00000285a7477ea0 Exception <a 'java/lang/ClassNotFoundException'{0x0000000602c08df0}: groovy/lang/GroovyObjectSupportBeanInfo> (0x0000000602c08df0) 
thrown [s\src\hotspot\share\classfile\systemDictionary.cpp, line 312]
Event: 7.693 Thread 0x00000285a7477ea0 Exception <a 'java/lang/ClassNotFoundException'{0x0000000602c11500}: groovy/lang/GroovyObjectSupportCustomizer> (0x0000000602c11500) 
thrown [s\src\hotspot\share\classfile\systemDictionary.cpp, line 312]
Event: 7.696 Thread 0x00000285a7477ea0 Exception <a 'java/lang/ClassNotFoundException'{0x0000000602c2b820}: org/gradle/internal/extensibility/DefaultExtraPropertiesExtensionCustomizer> (0x0000000602c2b820) 
thrown [s\src\hotspot\share\classfile\systemDictionary.cpp, line 312]
Event: 7.699 Thread 0x00000285a7477ea0 Exception <a 'java/lang/IncompatibleClassChangeError'{0x0000000602c46a10}: Found class java.lang.Object, but interface was expected> (0x0000000602c46a10) 
thrown [s\src\hotspot\share\interpreter\linkResolver.cpp, line 851]
Event: 7.742 Thread 0x00000285a7477ea0 Exception <a 'sun/nio/fs/WindowsException'{0x0000000602d3bbf8}> (0x0000000602d3bbf8) 
thrown [s\src\hotspot\share\prims\jni.cpp, line 535]
Event: 7.743 Thread 0x00000285a7477ea0 Exception <a 'sun/nio/fs/WindowsException'{0x0000000602d3d120}> (0x0000000602d3d120) 
thrown [s\src\hotspot\share\prims\jni.cpp, line 535]
Event: 7.744 Thread 0x00000285a7477ea0 Exception <a 'sun/nio/fs/WindowsException'{0x0000000602d3e5f0}> (0x0000000602d3e5f0) 
thrown [s\src\hotspot\share\prims\jni.cpp, line 535]
Event: 7.744 Thread 0x00000285a7477ea0 Exception <a 'sun/nio/fs/WindowsException'{0x0000000602d3fad0}> (0x0000000602d3fad0) 
thrown [s\src\hotspot\share\prims\jni.cpp, line 535]
Event: 7.807 Thread 0x00000285a7477ea0 Exception <a 'java/lang/NoSuchMethodError'{0x0000000602e78ba0}: 'java.lang.Object java.lang.invoke.Invokers$Holder.invoker(java.lang.Object, java.lang.Object, java.lang.Object, java.lang.Object, java.lang.Object, java.lang.Object)'> (0x0000000602e78ba0) 
thrown [s\src\hotspot\share\interpreter\linkResolver.cpp, line 784]
Event: 7.872 Thread 0x00000285a7477ea0 Exception <a 'java/lang/NoSuchMethodError'{0x0000000602f8a3b8}: 'java.lang.Object java.lang.invoke.DirectMethodHandle$Holder.invokeSpecial(java.lang.Object, java.lang.Object, java.lang.Object, java.lang.Object, java.lang.Object, java.lang.Object, java.lang.Object, java.lang.Object, java.lang.Object, java.lang.Object, java.lang.Object, java.lang.Object, java.lang.Object, java.lang.Object, java.lang.Object, java.lang.Object, java.lang.Object, java.lang.Object, java.lang.Object, java.lang.Object, java.lang.Ob
Event: 7.872 Thread 0x00000285a7477ea0 Exception <a 'java/lang/NoSuchMethodError'{0x0000000602f90490}: 'java.lang.Object java.lang.invoke.DelegatingMethodHandle$Holder.reinvoke_L(java.lang.Object, java.lang.Object, java.lang.Object, java.lang.Object, java.lang.Object, java.lang.Object, java.lang.Object, java.lang.Object, java.lang.Object, java.lang.Object, java.lang.Object, java.lang.Object, java.lang.Object, java.lang.Object, java.lang.Object, java.lang.Object, java.lang.Object, java.lang.Object, java.lang.Object, java.lang.Object, java.lang.O
Event: 7.873 Thread 0x00000285a7477ea0 Exception <a 'java/lang/NoSuchMethodError'{0x0000000602f9b678}: 'java.lang.Object java.lang.invoke.Invokers$Holder.invoker(java.lang.Object, java.lang.Object, java.lang.Object, java.lang.Object, java.lang.Object, java.lang.Object, java.lang.Object, java.lang.Object, java.lang.Object, java.lang.Object, java.lang.Object, java.lang.Object, java.lang.Object, java.lang.Object, java.lang.Object, java.lang.Object, java.lang.Object, java.lang.Object, java.lang.Object, java.lang.Object, java.lang.Object, java.lang.
Event: 7.873 Thread 0x00000285a7477ea0 Exception <a 'java/lang/NoSuchMethodError'{0x0000000602fa2000}: 'java.lang.Object java.lang.invoke.DelegatingMethodHandle$Holder.delegate(java.lang.Object, java.lang.Object, java.lang.Object, java.lang.Object, java.lang.Object, java.lang.Object, java.lang.Object, java.lang.Object, java.lang.Object, java.lang.Object, java.lang.Object, java.lang.Object, java.lang.Object, java.lang.Object, java.lang.Object, java.lang.Object, java.lang.Object, java.lang.Object, java.lang.Object, java.lang.Object, java.lang.Obj
Event: 7.880 Thread 0x00000285a7477ea0 Exception <a 'java/lang/NoSuchMethodError'{0x00000006028769c0}: 'java.lang.Object java.lang.invoke.DirectMethodHandle$Holder.invokeStatic(java.lang.Object, java.lang.Object, java.lang.Object, java.lang.Object, java.lang.Object, java.lang.Object, java.lang.Object, java.lang.Object, java.lang.Object, java.lang.Object, java.lang.Object, java.lang.Object, java.lang.Object, java.lang.Object, java.lang.Object, java.lang.Object, java.lang.Object, java.lang.Object, java.lang.Object, java.lang.Object, java.lang.Obj
Event: 7.882 Thread 0x00000285a7477ea0 Exception <a 'java/lang/NoSuchMethodError'{0x00000006028abe68}: 'java.lang.Object java.lang.invoke.DirectMethodHandle$Holder.invokeStatic(java.lang.Object, java.lang.Object, java.lang.Object, java.lang.Object, java.lang.Object, java.lang.Object, java.lang.Object, java.lang.Object, java.lang.Object, java.lang.Object, java.lang.Object, java.lang.Object, java.lang.Object, java.lang.Object, java.lang.Object, java.lang.Object, java.lang.Object, java.lang.Object, java.lang.Object, java.lang.Object, java.lang.Obj
Event: 8.489 Thread 0x00000285a7477ea0 Exception <a 'sun/nio/fs/WindowsException'{0x000000060403f3f8}> (0x000000060403f3f8) 
thrown [s\src\hotspot\share\prims\jni.cpp, line 535]
Event: 8.489 Thread 0x00000285a7477ea0 Exception <a 'sun/nio/fs/WindowsException'{0x00000006040409e0}> (0x00000006040409e0) 
thrown [s\src\hotspot\share\prims\jni.cpp, line 535]
Event: 8.527 Thread 0x00000285a7477ea0 Implicit null exception at 0x0000028590491870 to 0x0000028590492434
Event: 15.111 Thread 0x00000285a7477ea0 Implicit null exception at 0x000002859068b463 to 0x000002859068d4e0

ZGC Phase Switch (0 events):
No events

VM Operations (20 events):
Event: 16.023 Executing VM operation: G1CollectForAllocation (G1 Evacuation Pause) done
Event: 16.281 Executing VM operation: G1CollectForAllocation (G1 Evacuation Pause)
Event: 16.288 Executing VM operation: G1CollectForAllocation (G1 Evacuation Pause) done
Event: 16.766 Executing VM operation: G1CollectForAllocation (G1 Evacuation Pause)
Event: 16.774 Executing VM operation: G1CollectForAllocation (G1 Evacuation Pause) done
Event: 17.296 Executing VM operation: G1CollectForAllocation (G1 Evacuation Pause)
Event: 17.303 Executing VM operation: G1CollectForAllocation (G1 Evacuation Pause) done
Event: 18.056 Executing VM operation: G1CollectForAllocation (G1 Evacuation Pause)
Event: 18.063 Executing VM operation: G1CollectForAllocation (G1 Evacuation Pause) done
Event: 18.321 Executing VM operation: G1CollectForAllocation (G1 Evacuation Pause)
Event: 18.329 Executing VM operation: G1CollectForAllocation (G1 Evacuation Pause) done
Event: 18.568 Executing VM operation: G1CollectForAllocation (G1 Evacuation Pause)
Event: 18.577 Executing VM operation: G1CollectForAllocation (G1 Evacuation Pause) done
Event: 18.853 Executing VM operation: G1CollectForAllocation (G1 Evacuation Pause)
Event: 18.861 Executing VM operation: G1CollectForAllocation (G1 Evacuation Pause) done
Event: 19.234 Executing VM operation: G1CollectForAllocation (G1 Evacuation Pause)
Event: 19.246 Executing VM operation: G1CollectForAllocation (G1 Evacuation Pause) done
Event: 19.872 Executing VM operation: G1CollectForAllocation (G1 Evacuation Pause)
Event: 19.884 Executing VM operation: G1CollectForAllocation (G1 Evacuation Pause) done
Event: 20.419 Executing VM operation: G1CollectForAllocation (G1 Evacuation Pause)

Memory protections (0 events):
No events

Nmethod flushes (20 events):
Event: 6.356 Thread 0x00000285fe473310 flushing  nmethod 0x0000028580189310
Event: 6.356 Thread 0x00000285fe473310 flushing  nmethod 0x00000285801b0a90
Event: 6.356 Thread 0x00000285fe473310 flushing  nmethod 0x00000285801b4d90
Event: 6.356 Thread 0x00000285fe473310 flushing  nmethod 0x00000285801b5290
Event: 6.356 Thread 0x00000285fe473310 flushing  nmethod 0x00000285801ef090
Event: 6.356 Thread 0x00000285fe473310 flushing  nmethod 0x0000028580228990
Event: 6.356 Thread 0x00000285fe473310 flushing  nmethod 0x0000028580229910
Event: 6.356 Thread 0x00000285fe473310 flushing  nmethod 0x00000285802b8e10
Event: 6.356 Thread 0x00000285fe473310 flushing  nmethod 0x00000285802bc690
Event: 6.356 Thread 0x00000285fe473310 flushing  nmethod 0x00000285802bca10
Event: 6.356 Thread 0x00000285fe473310 flushing  nmethod 0x00000285802f0f90
Event: 6.356 Thread 0x00000285fe473310 flushing  nmethod 0x000002858031fd10
Event: 6.356 Thread 0x00000285fe473310 flushing  nmethod 0x0000028580347d10
Event: 6.356 Thread 0x00000285fe473310 flushing  nmethod 0x000002858034e890
Event: 6.356 Thread 0x00000285fe473310 flushing  nmethod 0x000002858034ed10
Event: 6.356 Thread 0x00000285fe473310 flushing  nmethod 0x00000285803af410
Event: 6.356 Thread 0x00000285fe473310 flushing  nmethod 0x00000285803e2710
Event: 6.356 Thread 0x00000285fe473310 flushing  nmethod 0x00000285803e5010
Event: 6.356 Thread 0x00000285fe473310 flushing  nmethod 0x00000285803ec210
Event: 6.356 Thread 0x00000285fe473310 flushing  nmethod 0x00000285803fe990

Events (20 events):
Event: 2.972 Thread 0x00000285a71b6090 Thread added: 0x00000285a747acc0
Event: 2.983 Thread 0x00000285a71b6090 Thread added: 0x00000285a7477ea0
Event: 2.998 Thread 0x00000285a7477ea0 Thread added: 0x00000285a7163ca0
Event: 3.003 Thread 0x00000285a7477ea0 Thread added: 0x00000285a7167510
Event: 3.005 Thread 0x00000285a7477ea0 Thread added: 0x00000285a7165ad0
Event: 3.174 Thread 0x00000285a6463d50 Thread exited: 0x00000285a6463d50
Event: 3.537 Thread 0x00000285a7477ea0 Thread added: 0x00000285a7167ba0
Event: 3.546 Thread 0x00000285a7477ea0 Thread added: 0x00000285a71667f0
Event: 3.581 Thread 0x00000285a7477ea0 Thread added: 0x00000285a7166e80
Event: 3.654 Loaded shared library C:\Users\admin\AppData\Local\Temp\native-platform9926877051256248334dir\gradle-fileevents.dll
Event: 3.798 Thread 0x00000285fe9be150 Thread added: 0x00000285a79b83b0
Event: 5.094 Thread 0x00000285a7477ea0 Thread added: 0x00000285a7164720
Event: 5.143 Thread 0x00000285a7477ea0 Thread added: 0x00000285a7164db0
Event: 5.593 Thread 0x00000285a7477ea0 Thread added: 0x00000285a7165440
Event: 5.606 Thread 0x00000285a7477ea0 Thread added: 0x00000285a7166160
Event: 5.817 Thread 0x00000285a79b83b0 Thread exited: 0x00000285a79b83b0
Event: 6.604 Thread 0x00000285fe9be150 Thread added: 0x00000285a6536fd0
Event: 6.978 Thread 0x00000285a6536fd0 Thread exited: 0x00000285a6536fd0
Event: 7.530 Thread 0x00000285fe9be150 Thread added: 0x00000285a7ebb100
Event: 18.465 Thread 0x00000285a7ebb100 Thread exited: 0x00000285a7ebb100


Dynamic libraries:
0x00007ff6fba50000 - 0x00007ff6fba5a000 	C:\Program Files\Android\Android Studio1\jbr\bin\java.exe
0x00007fffb4370000 - 0x00007fffb4568000 	C:\Windows\SYSTEM32\ntdll.dll
0x00007fffb27c0000 - 0x00007fffb2882000 	C:\Windows\System32\KERNEL32.DLL
0x00007fffb1d70000 - 0x00007fffb2066000 	C:\Windows\System32\KERNELBASE.dll
0x00007fffb2230000 - 0x00007fffb2330000 	C:\Windows\System32\ucrtbase.dll
0x00007fff9de30000 - 0x00007fff9de48000 	C:\Program Files\Android\Android Studio1\jbr\bin\jli.dll
0x00007fffb3fb0000 - 0x00007fffb414d000 	C:\Windows\System32\USER32.dll
0x00007fffb2360000 - 0x00007fffb2382000 	C:\Windows\System32\win32u.dll
0x00007fffb3c80000 - 0x00007fffb3cab000 	C:\Windows\System32\GDI32.dll
0x00007fffb1c50000 - 0x00007fffb1d69000 	C:\Windows\System32\gdi32full.dll
0x00007fffb1a50000 - 0x00007fffb1aed000 	C:\Windows\System32\msvcp_win.dll
0x00007fff920e0000 - 0x00007fff920fb000 	C:\Program Files\Android\Android Studio1\jbr\bin\VCRUNTIME140.dll
0x00007fff9e5f0000 - 0x00007fff9e88a000 	C:\Windows\WinSxS\amd64_microsoft.windows.common-controls_6595b64144ccf1df_6.0.19041.5915_none_60b4b9d171f9c7c7\COMCTL32.dll
0x00007fffb4150000 - 0x00007fffb41ee000 	C:\Windows\System32\msvcrt.dll
0x00007fffb3cb0000 - 0x00007fffb3cdf000 	C:\Windows\System32\IMM32.DLL
0x00007fffae140000 - 0x00007fffae14c000 	C:\Program Files\Android\Android Studio1\jbr\bin\vcruntime140_1.dll
0x00007fff87800000 - 0x00007fff8788d000 	C:\Program Files\Android\Android Studio1\jbr\bin\msvcp140.dll
0x00007fff74200000 - 0x00007fff74e8b000 	C:\Program Files\Android\Android Studio1\jbr\bin\server\jvm.dll
0x00007fffb3bb0000 - 0x00007fffb3c61000 	C:\Windows\System32\ADVAPI32.dll
0x00007fffb2950000 - 0x00007fffb29ef000 	C:\Windows\System32\sechost.dll
0x00007fffb3310000 - 0x00007fffb3433000 	C:\Windows\System32\RPCRT4.dll
0x00007fffb2330000 - 0x00007fffb2357000 	C:\Windows\System32\bcrypt.dll
0x00007fffb3d90000 - 0x00007fffb3dfb000 	C:\Windows\System32\WS2_32.dll
0x00007fffb0f90000 - 0x00007fffb0fdb000 	C:\Windows\SYSTEM32\POWRPROF.dll
0x00007fff9e890000 - 0x00007fff9e8b7000 	C:\Windows\SYSTEM32\WINMM.dll
0x00007fffab100000 - 0x00007fffab10a000 	C:\Windows\SYSTEM32\VERSION.dll
0x00007fffb0e00000 - 0x00007fffb0e12000 	C:\Windows\SYSTEM32\UMPDC.dll
0x00007fffb0200000 - 0x00007fffb0212000 	C:\Windows\SYSTEM32\kernel.appcore.dll
0x00007fffabd30000 - 0x00007fffabd3a000 	C:\Program Files\Android\Android Studio1\jbr\bin\jimage.dll
0x00007fff9e930000 - 0x00007fff9eb31000 	C:\Windows\SYSTEM32\DBGHELP.DLL
0x00007fff99ed0000 - 0x00007fff99f04000 	C:\Windows\SYSTEM32\dbgcore.DLL
0x00007fffb2070000 - 0x00007fffb20f2000 	C:\Windows\System32\bcryptPrimitives.dll
0x00007fff977d0000 - 0x00007fff977de000 	C:\Program Files\Android\Android Studio1\jbr\bin\instrument.dll
0x00007fff920c0000 - 0x00007fff920e0000 	C:\Program Files\Android\Android Studio1\jbr\bin\java.dll
0x00007fff920a0000 - 0x00007fff920b8000 	C:\Program Files\Android\Android Studio1\jbr\bin\zip.dll
0x00007fffb3440000 - 0x00007fffb3bae000 	C:\Windows\System32\SHELL32.dll
0x00007fffafa40000 - 0x00007fffb01e4000 	C:\Windows\SYSTEM32\windows.storage.dll
0x00007fffb2390000 - 0x00007fffb26e3000 	C:\Windows\System32\combase.dll
0x00007fffb1430000 - 0x00007fffb145b000 	C:\Windows\SYSTEM32\Wldp.dll
0x00007fffb26f0000 - 0x00007fffb27bd000 	C:\Windows\System32\OLEAUT32.dll
0x00007fffb28a0000 - 0x00007fffb294d000 	C:\Windows\System32\SHCORE.dll
0x00007fffb2b00000 - 0x00007fffb2b5b000 	C:\Windows\System32\shlwapi.dll
0x00007fffb1930000 - 0x00007fffb1954000 	C:\Windows\SYSTEM32\profapi.dll
0x00007fffab5a0000 - 0x00007fffab5b0000 	C:\Program Files\Android\Android Studio1\jbr\bin\net.dll
0x00007fffa88b0000 - 0x00007fffa89ba000 	C:\Windows\SYSTEM32\WINHTTP.dll
0x00007fffb1190000 - 0x00007fffb11fa000 	C:\Windows\system32\mswsock.dll
0x00007fff91bb0000 - 0x00007fff91bc6000 	C:\Program Files\Android\Android Studio1\jbr\bin\nio.dll
0x00007fffa0530000 - 0x00007fffa0540000 	C:\Program Files\Android\Android Studio1\jbr\bin\verify.dll
0x00007fff91b80000 - 0x00007fff91ba7000 	C:\Users\admin\.gradle\native\1def1411415f61bf3af743bc5b6707747c0891f09f0c88961ee8f79bc544acac\windows-amd64\native-platform.dll
0x0000000054c70000 - 0x0000000054ce3000 	C:\Users\admin\.gradle\native\0.2.5\x86_64-windows-gnu\gradle-fileevents.dll
0x00007fff9f390000 - 0x00007fff9f399000 	C:\Program Files\Android\Android Studio1\jbr\bin\management.dll
0x00007fff9db70000 - 0x00007fff9db7b000 	C:\Program Files\Android\Android Studio1\jbr\bin\management_ext.dll
0x00007fffb29f0000 - 0x00007fffb29f8000 	C:\Windows\System32\PSAPI.DLL
0x00007fffb1380000 - 0x00007fffb1398000 	C:\Windows\SYSTEM32\CRYPTSP.dll
0x00007fffb0a40000 - 0x00007fffb0a78000 	C:\Windows\system32\rsaenh.dll
0x00007fffb18b0000 - 0x00007fffb18de000 	C:\Windows\SYSTEM32\USERENV.dll
0x00007fffb13a0000 - 0x00007fffb13ac000 	C:\Windows\SYSTEM32\CRYPTBASE.dll
0x00007fffb0e20000 - 0x00007fffb0e5b000 	C:\Windows\SYSTEM32\IPHLPAPI.DLL
0x00007fffb3c70000 - 0x00007fffb3c78000 	C:\Windows\System32\NSI.dll
0x00007fff98b10000 - 0x00007fff98b19000 	C:\Program Files\Android\Android Studio1\jbr\bin\extnet.dll
0x00007fff93810000 - 0x00007fff93817000 	C:\Windows\system32\wshunix.dll
0x0000000054bf0000 - 0x0000000054c63000 	C:\Users\admin\AppData\Local\Temp\native-platform9926877051256248334dir\gradle-fileevents.dll

dbghelp: loaded successfully - version: 4.0.5 - missing functions: none
symbol engine: initialized successfully - sym options: 0x614 - pdb path: .;C:\Program Files\Android\Android Studio1\jbr\bin;C:\Windows\SYSTEM32;C:\Windows\WinSxS\amd64_microsoft.windows.common-controls_6595b64144ccf1df_6.0.19041.5915_none_60b4b9d171f9c7c7;C:\Program Files\Android\Android Studio1\jbr\bin\server;C:\Users\admin\.gradle\native\1def1411415f61bf3af743bc5b6707747c0891f09f0c88961ee8f79bc544acac\windows-amd64;C:\Users\admin\.gradle\native\0.2.5\x86_64-windows-gnu;C:\Users\admin\AppData\Local\Temp\native-platform9926877051256248334dir

VM Arguments:
jvm_args: --add-opens=java.base/java.lang=ALL-UNNAMED --add-opens=java.base/java.lang.invoke=ALL-UNNAMED --add-opens=java.base/java.util=ALL-UNNAMED --add-opens=java.prefs/java.util.prefs=ALL-UNNAMED --add-exports=jdk.compiler/com.sun.tools.javac.api=ALL-UNNAMED --add-exports=jdk.compiler/com.sun.tools.javac.util=ALL-UNNAMED --add-opens=java.base/java.util=ALL-UNNAMED --add-opens=java.prefs/java.util.prefs=ALL-UNNAMED --add-opens=java.base/java.nio.charset=ALL-UNNAMED --add-opens=java.base/java.net=ALL-UNNAMED --add-opens=java.base/java.util.concurrent.atomic=ALL-UNNAMED --add-opens=java.xml/javax.xml.namespace=ALL-UNNAMED -XX:MaxMetaspaceSize=4G -XX:ReservedCodeCacheSize=512m -XX:+HeapDumpOnOutOfMemoryError -Xmx8G -Dfile.encoding=UTF-8 -Duser.country=US -Duser.language=en -Duser.variant -javaagent:C:\Users\admin\.gradle\wrapper\dists\gradle-8.12-all\ejduaidbjup3bmmkhw3rie4zb\gradle-8.12\lib\agents\gradle-instrumentation-agent-8.12.jar 
java_command: org.gradle.launcher.daemon.bootstrap.GradleDaemon 8.12
java_class_path (initial): C:\Users\admin\.gradle\wrapper\dists\gradle-8.12-all\ejduaidbjup3bmmkhw3rie4zb\gradle-8.12\lib\gradle-daemon-main-8.12.jar
Launcher Type: SUN_STANDARD

[Global flags]
     intx CICompilerCount                          = 3                                         {product} {ergonomic}
     uint ConcGCThreads                            = 1                                         {product} {ergonomic}
     uint G1ConcRefinementThreads                  = 4                                         {product} {ergonomic}
   size_t G1HeapRegionSize                         = 4194304                                   {product} {ergonomic}
    uintx GCDrainStackTargetSize                   = 64                                        {product} {ergonomic}
     bool HeapDumpOnOutOfMemoryError               = true                                   {manageable} {command line}
   size_t InitialHeapSize                          = 134217728                                 {product} {ergonomic}
   size_t MarkStackSize                            = 4194304                                   {product} {ergonomic}
   size_t MaxHeapSize                              = 8589934592                                {product} {command line}
   size_t MaxMetaspaceSize                         = 4294967296                                {product} {command line}
   size_t MaxNewSize                               = 5150605312                                {product} {ergonomic}
   size_t MinHeapDeltaBytes                        = 4194304                                   {product} {ergonomic}
   size_t MinHeapSize                              = 8388608                                   {product} {ergonomic}
    uintx NonNMethodCodeHeapSize                   = 5832780                                {pd product} {ergonomic}
    uintx NonProfiledCodeHeapSize                  = 265519066                              {pd product} {ergonomic}
    uintx ProfiledCodeHeapSize                     = 265519066                              {pd product} {ergonomic}
    uintx ReservedCodeCacheSize                    = 536870912                              {pd product} {command line}
     bool SegmentedCodeCache                       = true                                      {product} {ergonomic}
   size_t SoftMaxHeapSize                          = 8589934592                             {manageable} {ergonomic}
     bool UseCompressedOops                        = true                           {product lp64_product} {ergonomic}
     bool UseG1GC                                  = true                                      {product} {ergonomic}
     bool UseLargePagesIndividualAllocation        = false                                  {pd product} {ergonomic}

Logging:
Log output configuration:
 #0: stdout all=warning uptime,level,tags foldmultilines=false
 #1: stderr all=off uptime,level,tags foldmultilines=false

Environment Variables:
JAVA_HOME=C:\Program Files\Android\Android Studio1\jbr
CLASSPATH=C:\Users\admin\rapid mixer 6\rapid_mixer\android\\gradle\wrapper\gradle-wrapper.jar
PATH=C:\Program Files\Android\Android Studio1\jbr\bin;c:\\Users\\admin\\.trae\\sdks\\workspaces\\03da0192\\versions\\node\\current;c:\\Users\\admin\\.trae\\sdks\\versions\\node\\current;C:\Program Files\PowerShell\7;C:\Users\admin\flutter\bin\;c:\Users\admin\.trae\sdks\workspaces\03da0192\versions\node\current;c:\Users\admin\.trae\sdks\versions\node\current;C:\Program Files\Common Files\Oracle\Java\javapath;C:\Users\admin\AppData\Local\Programs\Python\Python312;C:\Program Files\dotnet\;C:\Program Files\nodejs\;C:\Users\admin\flutter\bin;C:\Windows\System32\WindowsPowerShell\v1.0;C:\Program Files\Git\cmd;C:\Program Files\Git\bin;C:\Users\admin\AppData\Local\Muse Hub\lib;C:\Users\admin\flutter;C:\Program Files\Git\bin;C:\Users\admin\dev\flutter\bin;C:\Windows\System32;C:\Users\admin\AppData\Local\Programs\Python\Python313\Scripts\;C:\Users\admin\AppData\Local\Programs\Python\Python313\;C:\Users\admin\AppData\Local\Programs\Python\Launcher\;C:\Users\admin\AppData\Local\Muse Hub\lib;C:\Users\admin\AppData\Local\Programs\Microsoft VS Code\bin;C:\Users\admin\AppData\Roaming\npm;C:\Users\admin\flutter\bin;C:\Program Files\Git\cmd;C:\Users\admin\dev\flutter\bin;C:\Users\admin\AppData\Local\Programs\Kiro\bin;c:\Users\admin\.trae\extensions\ms-python.debugpy-2025.6.0-win32-x64\bundled\scripts\noConfigScripts;C:\Users\admin\flutter\bin\mingit\cmd
USERNAME=admin
LANG=en_US.UTF-8
OS=Windows_NT
PROCESSOR_IDENTIFIER=Intel64 Family 6 Model 78 Stepping 3, GenuineIntel
TMP=C:\Users\admin\AppData\Local\Temp
TEMP=C:\Users\admin\AppData\Local\Temp




Periodic native trim disabled

JNI global refs:
JNI global refs: 27, weak refs: 0

JNI global refs memory usage: 835, weak refs: 833

Process memory usage:
Resident Set Size: 494832K (6% of 8240804K total physical memory with 441892K free physical memory)

OOME stack traces (most recent first):
Classloader memory used:
Loader org.gradle.internal.classloader.VisitableURLClassLoader                         : 21922K
Loader bootstrap                                                                       : 20354K
Loader org.gradle.initialization.MixInLegacyTypesClassLoader                           : 2643K
Loader jdk.internal.loader.ClassLoaders$PlatformClassLoader                            : 499K
Loader jdk.internal.loader.ClassLoaders$AppClassLoader                                 : 231K

Classes loaded by more than one classloader:
Class org.gradle.internal.classloader.FilteringClassLoader                            : loaded 2 times (x 101B)
Class org.gradle.internal.classloader.ClassLoaderHierarchy                            : loaded 2 times (x 66B)
Class org.gradle.api.internal.classpath.ManifestUtil                                  : loaded 2 times (x 67B)
Class org.gradle.internal.classloader.DefaultClassLoaderFactory                       : loaded 2 times (x 78B)
Class org.gradle.internal.classloader.ClassLoaderVisitor                              : loaded 2 times (x 72B)
Class org.gradle.api.internal.classpath.EffectiveClassPath                            : loaded 2 times (x 86B)
Class org.gradle.api.internal.DefaultClassPathProvider                                : loaded 2 times (x 72B)
Class [Lorg.gradle.api.internal.ClassPathProvider;                                    : loaded 2 times (x 65B)
Class org.gradle.api.internal.ClassPathProvider                                       : loaded 2 times (x 66B)
Class org.gradle.internal.service.UnknownServiceException                             : loaded 2 times (x 79B)
Class org.gradle.internal.classpath.TransformedClassPath                              : loaded 2 times (x 92B)
Class org.gradle.internal.classloader.InstrumentingClassLoader                        : loaded 2 times (x 66B)
Class org.gradle.internal.service.ServiceLocator                                      : loaded 2 times (x 66B)
Class org.gradle.internal.InternalTransformer                                         : loaded 2 times (x 66B)
Class org.gradle.internal.classloader.ClasspathUtil$1                                 : loaded 2 times (x 72B)
Class org.gradle.api.internal.classpath.DefaultModuleRegistry$DefaultModule           : loaded 2 times (x 82B)
Class org.gradle.api.internal.classpath.Module                                        : loaded 2 times (x 66B)
Class org.gradle.api.internal.classpath.UnknownModuleException                        : loaded 2 times (x 78B)
Class org.gradle.api.internal.DefaultClassPathRegistry                                : loaded 2 times (x 72B)
Class org.gradle.api.internal.ClassPathRegistry                                       : loaded 2 times (x 66B)
Class org.gradle.internal.classpath.DefaultClassPath$ImmutableUniqueList              : loaded 2 times (x 195B)
Class org.gradle.internal.classpath.ClassPath                                         : loaded 2 times (x 66B)
Class org.gradle.api.UncheckedIOException                                             : loaded 2 times (x 78B)
Class org.gradle.internal.installation.GradleInstallation$1                           : loaded 2 times (x 71B)
Class org.gradle.api.internal.classpath.ModuleRegistry                                : loaded 2 times (x 66B)
Class org.gradle.api.internal.classpath.DefaultModuleRegistry                         : loaded 2 times (x 82B)
Class org.gradle.internal.service.ServiceLookupException                              : loaded 2 times (x 78B)
Class org.gradle.internal.classloader.ClassLoaderFactory                              : loaded 2 times (x 66B)
Class org.gradle.internal.service.CachingServiceLocator                               : loaded 2 times (x 78B)
Class org.gradle.internal.classloader.ClasspathUtil                                   : loaded 2 times (x 67B)
Class org.gradle.api.specs.Spec                                                       : loaded 2 times (x 66B)
Class org.gradle.internal.classloader.VisitableURLClassLoader$InstrumentingVisitableURLClassLoader: loaded 2 times (x 119B)
Class org.gradle.internal.classloader.VisitableURLClassLoader$Spec                    : loaded 2 times (x 70B)
Class org.gradle.internal.classpath.DefaultClassPath                                  : loaded 2 times (x 86B)
Class org.gradle.internal.classloader.ClassLoaderSpec                                 : loaded 2 times (x 67B)
Class org.gradle.internal.classloader.VisitableURLClassLoader                         : loaded 2 times (x 113B)
Class org.gradle.internal.Cast                                                        : loaded 2 times (x 67B)
Class org.gradle.api.Action                                                           : loaded 2 times (x 66B)
Class org.gradle.internal.classpath.DefaultClassPath$ImmutableUniqueList$Builder      : loaded 2 times (x 71B)
Class org.gradle.api.GradleException                                                  : loaded 2 times (x 78B)
Class org.gradle.internal.IoActions                                                   : loaded 2 times (x 67B)
Class org.gradle.internal.classloader.SystemClassLoaderSpec                           : loaded 2 times (x 67B)
Class org.gradle.api.internal.classpath.GlobalCacheRootsProvider                      : loaded 2 times (x 66B)
Class org.gradle.internal.installation.CurrentGradleInstallationLocator               : loaded 2 times (x 67B)
Class org.gradle.internal.service.DefaultServiceLocator                               : loaded 2 times (x 79B)
Class org.gradle.internal.installation.CurrentGradleInstallation                      : loaded 2 times (x 69B)
Class org.gradle.util.internal.GUtil                                                  : loaded 2 times (x 67B)
Class org.gradle.internal.installation.GradleInstallation                             : loaded 2 times (x 71B)

---------------  S Y S T E M  ---------------

OS:
 Windows 10 , 64 bit Build 19041 (10.0.19041.5915)
OS uptime: 7 days 4:41 hours

CPU: total 4 (initial active 4) (2 cores per cpu, 2 threads per core) family 6 model 78 stepping 3 microcode 0xf0, cx8, cmov, fxsr, ht, mmx, 3dnowpref, sse, sse2, sse3, ssse3, sse4.1, sse4.2, popcnt, lzcnt, tsc, tscinvbit, avx, avx2, aes, erms, clmul, bmi1, bmi2, rtm, adx, fma, vzeroupper, clflush, clflushopt, rdtscp, f16c
Processor Information for the first 4 processors :
  Max Mhz: 2496, Current Mhz: 2396, Mhz Limit: 2396

Memory: 4k page, system-wide physical 8047M (435M free)
TotalPageFile size 32623M (AvailPageFile size 24M)
current process WorkingSet (physical memory assigned to process): 482M, peak: 483M
current process commit charge ("private bytes"): 515M, peak: 587M

vm_info: OpenJDK 64-Bit Server VM (21.0.6+-13368085-b895.109) for windows-amd64 JRE (21.0.6+-13368085-b895.109), built on 2025-04-16T17:01:31Z by "builder" with MS VC++ 16.10 / 16.11 (VS2019)

END.
